Archive member included because of file (symbol)

c:\Users\Jayden\AppData\Roaming\Code\User\globalStorage\vexrobotics.vexcode\sdk\cpp\V5\V5_20220726_10_00_00/vexv5\libv5rt.a(v5_startup.c.obj)
                              (vexStartup)
c:\Users\Jayden\AppData\Roaming\Code\User\globalStorage\vexrobotics.vexcode\sdk\cpp\V5\V5_20220726_10_00_00/vexv5\libv5rt.a(v5_util.c.obj)
                              c:\Users\Jayden\AppData\Roaming\Code\User\globalStorage\vexrobotics.vexcode\sdk\cpp\V5\V5_20220726_10_00_00/vexv5\libv5rt.a(v5_startup.c.obj) (vexStdlibVersionLinked)
c:\Users\Jayden\AppData\Roaming\Code\User\globalStorage\vexrobotics.vexcode\sdk\cpp\V5\V5_20220726_10_00_00/vexv5\libv5rt.a(v5_apijump.c.obj)
                              c:\Users\Jayden\AppData\Roaming\Code\User\globalStorage\vexrobotics.vexcode\sdk\cpp\V5\V5_20220726_10_00_00/vexv5\libv5rt.a(v5_startup.c.obj) (vexPrivateApiEnable)
c:\Users\Jayden\AppData\Roaming\Code\User\globalStorage\vexrobotics.vexcode\sdk\cpp\V5\V5_20220726_10_00_00/vexv5\libv5rt.a(v5_apiversions.c.obj)
                              c:\Users\Jayden\AppData\Roaming\Code\User\globalStorage\vexrobotics.vexcode\sdk\cpp\V5\V5_20220726_10_00_00/vexv5\libv5rt.a(v5_apijump.c.obj) (vexSystemVersion)
c:\Users\Jayden\AppData\Roaming\Code\User\globalStorage\vexrobotics.vexcode\sdk\cpp\V5\V5_20220726_10_00_00/vexv5\libv5rt.a(vex_global.cpp.obj)
                              build/evAPI/vexUI/src/UserInterface.o (vex::mono60)
c:\Users\Jayden\AppData\Roaming\Code\User\globalStorage\vexrobotics.vexcode\sdk\cpp\V5\V5_20220726_10_00_00/vexv5\libv5rt.a(vex_motor.cpp.obj)
                              build/evAPI/robotControl/Drivetrain/src/setup.o (vex::motor::setReversed(bool))
c:\Users\Jayden\AppData\Roaming\Code\User\globalStorage\vexrobotics.vexcode\sdk\cpp\V5\V5_20220726_10_00_00/vexv5\libv5rt.a(vex_rotation.cpp.obj)
                              build/evAPI/robotControl/Drivetrain/src/setup.o (vex::rotation::rotation(long, bool))
c:\Users\Jayden\AppData\Roaming\Code\User\globalStorage\vexrobotics.vexcode\sdk\cpp\V5\V5_20220726_10_00_00/vexv5\libv5rt.a(vex_distance.cpp.obj)
                              build/src/robot-config.o (vex::distance::~distance())
c:\Users\Jayden\AppData\Roaming\Code\User\globalStorage\vexrobotics.vexcode\sdk\cpp\V5\V5_20220726_10_00_00/vexv5\libv5rt.a(vex_controller.cpp.obj)
                              build/src/robot-config.o (vex::controller::~controller())
c:\Users\Jayden\AppData\Roaming\Code\User\globalStorage\vexrobotics.vexcode\sdk\cpp\V5\V5_20220726_10_00_00/vexv5\libv5rt.a(vex_task.cpp.obj)
                              build/src/main.o (vex::task::sleep(unsigned long))
c:\Users\Jayden\AppData\Roaming\Code\User\globalStorage\vexrobotics.vexcode\sdk\cpp\V5\V5_20220726_10_00_00/vexv5\libv5rt.a(vex_thread.cpp.obj)
                              build/evAPI/vexUI/src/UserInterface.o (vex::thread::thread(int (*)()))
c:\Users\Jayden\AppData\Roaming\Code\User\globalStorage\vexrobotics.vexcode\sdk\cpp\V5\V5_20220726_10_00_00/vexv5\libv5rt.a(vex_event.cpp.obj)
                              c:\Users\Jayden\AppData\Roaming\Code\User\globalStorage\vexrobotics.vexcode\sdk\cpp\V5\V5_20220726_10_00_00/vexv5\libv5rt.a(vex_rotation.cpp.obj) (vex::event::init(unsigned long, unsigned long, void (*)()))
c:\Users\Jayden\AppData\Roaming\Code\User\globalStorage\vexrobotics.vexcode\sdk\cpp\V5\V5_20220726_10_00_00/vexv5\libv5rt.a(vex_mevent.cpp.obj)
                              c:\Users\Jayden\AppData\Roaming\Code\User\globalStorage\vexrobotics.vexcode\sdk\cpp\V5\V5_20220726_10_00_00/vexv5\libv5rt.a(vex_controller.cpp.obj) (vex::mevent::mevent(unsigned long, unsigned long))
c:\Users\Jayden\AppData\Roaming\Code\User\globalStorage\vexrobotics.vexcode\sdk\cpp\V5\V5_20220726_10_00_00/vexv5\libv5rt.a(vex_brain.cpp.obj)
                              build/evAPI/vexUI/src/UserInterface.o (vex::brain::lcd::setCursor(long, long))
c:\Users\Jayden\AppData\Roaming\Code\User\globalStorage\vexrobotics.vexcode\sdk\cpp\V5\V5_20220726_10_00_00/vexv5\libv5rt.a(vex_competition.cpp.obj)
                              build/src/main.o (vex::competition::competition())
c:\Users\Jayden\AppData\Roaming\Code\User\globalStorage\vexrobotics.vexcode\sdk\cpp\V5\V5_20220726_10_00_00/vexv5\libv5rt.a(vex_triport.cpp.obj)
                              c:\Users\Jayden\AppData\Roaming\Code\User\globalStorage\vexrobotics.vexcode\sdk\cpp\V5\V5_20220726_10_00_00/vexv5\libv5rt.a(vex_brain.cpp.obj) (vex::triport::~triport())
c:\Users\Jayden\AppData\Roaming\Code\User\globalStorage\vexrobotics.vexcode\sdk\cpp\V5\V5_20220726_10_00_00/vexv5\libv5rt.a(vex_color.cpp.obj)
                              build/src/main.o (vex::color::~color())
c:\Users\Jayden\AppData\Roaming\Code\User\globalStorage\vexrobotics.vexcode\sdk\cpp\V5\V5_20220726_10_00_00/vexv5\libv5rt.a(vex_timer.cpp.obj)
[...]
Memory Configuration

Name             Origin             Length             Attributes
ps7_ddr_0_S_AXI_BASEADDR 0x03800000         0x04800000
*default*        0x00000000         0xffffffff

Linker script and memory map

                0x00002000                _STACK_SIZE = DEFINED (_STACK_SIZE)?_STACK_SIZE:0x2000
                0x00100000                _HEAP_SIZE = DEFINED (_HEAP_SIZE)?_HEAP_SIZE:0x100000
                0x00000400                _ABORT_STACK_SIZE = DEFINED (_ABORT_STACK_SIZE)?_ABORT_STACK_SIZE:0x400
                0x00000800                _SUPERVISOR_STACK_SIZE = DEFINED (_SUPERVISOR_STACK_SIZE)?_SUPERVISOR_STACK_SIZE:0x800
                0x00000400                _IRQ_STACK_SIZE = DEFINED (_IRQ_STACK_SIZE)?_IRQ_STACK_SIZE:0x400
                0x00000400                _FIQ_STACK_SIZE = DEFINED (_FIQ_STACK_SIZE)?_FIQ_STACK_SIZE:0x400
                0x00000400                _UNDEF_STACK_SIZE = DEFINED (_UNDEF_STACK_SIZE)?_UNDEF_STACK_SIZE:0x400

.text           0x03800000     0x9570
 *(.vectors)
 *(.boot_data)
 .boot_data     0x03800000       0x20 c:\Users\Jayden\AppData\Roaming\Code\User\globalStorage\vexrobotics.vexcode\sdk\cpp\V5\V5_20220726_10_00_00/vexv5\libv5rt.a(v5_startup.c.obj)
                0x03800000                vexCodeSig
                0x00000020                . = 0x20
 *(.boot)
 .boot          0x03800020       0xbc c:\Users\Jayden\AppData\Roaming\Code\User\globalStorage\vexrobotics.vexcode\sdk\cpp\V5\V5_20220726_10_00_00/vexv5\libv5rt.a(v5_startup.c.obj)
                0x03800020                vexStartup
                0x03800100                . = ALIGN (0x40)
 *fill*         0x038000dc       0x24 
 *(.freertos_vectors)
 *(.text)
 *(.text.*)
 .text._Z9pre_autonv
                0x03800100      0x3c8 build/src/main.o
                0x03800100                pre_auton()
 .text._Z10autonomousv
                0x038004c8        0xc build/src/main.o
                0x038004c8                autonomous()
 *fill*         0x038004d4        0x4 
 .text._Z11usercontrolv
                0x038004d8      0x1f8 build/src/main.o
                0x038004d8                usercontrol()
 .text.main     0x038006d0       0xc8 build/src/main.o
                0x038006d0                main
 .text._GLOBAL__sub_I_main.cpp
                0x03800798     0x18d0 build/src/main.o
 .text._Z11vexcodeInitv
                0x03802068        0x4 build/src/robot-config.o
                0x03802068                vexcodeInit()
 .text._GLOBAL__sub_I_robot_config.cpp
                0x0380206c       0x98 build/src/robot-config.o
 .text._ZN5evAPI5drive14spinLeftMotorsEi
                0x03802104      0x1ac build/evAPI/robotControl/Drivetrain/src/motorControl.o
                0x03802104                evAPI::drive::spinLeftMotors(int)
 .text._ZN5evAPI5drive15spinRightMotorsEi
                0x038022b0      0x1ac build/evAPI/robotControl/Drivetrain/src/motorControl.o
                0x038022b0                evAPI::drive::spinRightMotors(int)
 .text._ZN5evAPI5driveC2Ev
                0x0380245c       0x70 build/evAPI/robotControl/Drivetrain/src/Drive.o
                0x0380245c                evAPI::drive::drive()
                0x0380245c                evAPI::drive::drive()
 .text._ZN5evAPI5drive8spinBaseEii
                0x038024cc       0x24 build/evAPI/robotControl/Drivetrain/src/Drive.o
                0x038024cc                evAPI::drive::spinBase(int, int)
 .text._ZN5evAPI5drive13leftPortSetupEii
                0x038024f0       0x58 build/evAPI/robotControl/Drivetrain/src/setup.o
                0x038024f0                evAPI::drive::leftPortSetup(int, int)
 .text._ZN5evAPI5drive14rightPortSetupEii
                0x03802548       0x50 build/evAPI/robotControl/Drivetrain/src/setup.o
                0x03802548                evAPI::drive::rightPortSetup(int, int)
 .text._ZN5evAPI5drive16leftReverseSetupEii
                0x03802598       0x38 build/evAPI/robotControl/Drivetrain/src/setup.o
                0x03802598                evAPI::drive::leftReverseSetup(int, int)
 .text._ZN5evAPI5drive17rightReverseSetupEii
                0x038025d0       0x38 build/evAPI/robotControl/Drivetrain/src/setup.o
                0x038025d0                evAPI::drive::rightReverseSetup(int, int)
 .text._GLOBAL__sub_I_setup.cpp
                0x03802608      0x188 build/evAPI/robotControl/Drivetrain/src/setup.o
 .text._ZN5evAPI8flywheelC2Ev
                0x03802790        0xc build/evAPI/robotControl/Flywheel/src/Flywheel.o
                0x03802790                evAPI::flywheel::flywheel()
                0x03802790                evAPI::flywheel::flywheel()
 .text._ZN5evAPI8flywheel13flywheelSetupEllbb
                0x0380279c       0x5c build/evAPI/robotControl/Flywheel/src/Flywheel.o
                0x0380279c                evAPI::flywheel::flywheelSetup(long, long, bool, bool)
 .text._ZN5evAPI8flywheelD2Ev
                0x038027f8       0x4c build/evAPI/robotControl/Flywheel/src/Flywheel.o
                0x038027f8                evAPI::flywheel::~flywheel()
                0x038027f8                evAPI::flywheel::~flywheel()
 .text._ZN5evAPI8flywheel11setVelocityEdN3vex12percentUnitsE
                0x03802844       0x54 build/evAPI/robotControl/Flywheel/src/Flywheel.o
                0x03802844                evAPI::flywheel::setVelocity(double, vex::percentUnits)
 .text._ZN5evAPI8flywheel4spinEN3vex13directionTypeE
                0x03802898       0x38 build/evAPI/robotControl/Flywheel/src/Flywheel.o
                0x03802898                evAPI::flywheel::spin(vex::directionType)
 .text._ZN5evAPI8flywheel12setMaxTorqueEdN3vex12percentUnitsE
                0x038028d0       0x54 build/evAPI/robotControl/Flywheel/src/Flywheel.o
                0x038028d0                evAPI::flywheel::setMaxTorque(double, vex::percentUnits)
 .text._GLOBAL__sub_I_Flywheel.cpp
                0x03802924      0x188 build/evAPI/robotControl/Flywheel/src/Flywheel.o
 .text._ZN5evAPI6intakeC2Ev
                0x03802aac        0xc build/evAPI/robotControl/Intake/src/Intake.o
                0x03802aac                evAPI::intake::intake()
                0x03802aac                evAPI::intake::intake()
 .text._ZN5evAPI6intake11intakeSetupEllbb
                0x03802ab8       0x5c build/evAPI/robotControl/Intake/src/Intake.o
                0x03802ab8                evAPI::intake::intakeSetup(long, long, bool, bool)
 .text._ZN5evAPI6intakeD2Ev
                0x03802b14       0x4c build/evAPI/robotControl/Intake/src/Intake.o
                0x03802b14                evAPI::intake::~intake()
                0x03802b14                evAPI::intake::~intake()
 .text._ZN5evAPI6intake11setVelocityEdN3vex12percentUnitsE
                0x03802b60       0x54 build/evAPI/robotControl/Intake/src/Intake.o
                0x03802b60                evAPI::intake::setVelocity(double, vex::percentUnits)
 .text._ZN5evAPI6intake4spinEN3vex13directionTypeE
                0x03802bb4       0x38 build/evAPI/robotControl/Intake/src/Intake.o
                0x03802bb4                evAPI::intake::spin(vex::directionType)
 .text._ZN5evAPI6intake4spinEN3vex13directionTypeEdNS1_12percentUnitsE
                0x03802bec       0x60 build/evAPI/robotControl/Intake/src/Intake.o
                0x03802bec                evAPI::intake::spin(vex::directionType, double, vex::percentUnits)
 .text._ZN5evAPI6intake4stopEv
                0x03802c4c       0x30 build/evAPI/robotControl/Intake/src/Intake.o
                0x03802c4c                evAPI::intake::stop()
 .text._ZN5evAPI6intake12setMaxTorqueEdN3vex12percentUnitsE
                0x03802c7c       0x54 build/evAPI/robotControl/Intake/src/Intake.o
                0x03802c7c                evAPI::intake::setMaxTorque(double, vex::percentUnits)
 .text._GLOBAL__sub_I_Intake.cpp
                0x03802cd0      0x188 build/evAPI/robotControl/Intake/src/Intake.o
 .text._ZN5evAPI6buttonC2EiPi
                0x03802e58       0x44 build/evAPI/vexUI/src/button.o
                0x03802e58                evAPI::button::button(int, int*)
                0x03802e58                evAPI::button::button(int, int*)
 .text._ZN5evAPI6buttonC2EiPiPFviE
                0x03802e9c       0x4c build/evAPI/vexUI/src/button.o
                0x03802e9c                evAPI::button::button(int, int*, void (*)(int))
                0x03802e9c                evAPI::button::button(int, int*, void (*)(int))
 .text._ZN5evAPI6button12setIconArrayEPA35_b
                0x03802ee8        0x8 build/evAPI/vexUI/src/button.o
                0x03802ee8                evAPI::button::setIconArray(bool (*) [35])
 .text._ZN5evAPI6button10drawButtonEv
                0x03802ef0       0x4c build/evAPI/vexUI/src/button.o
                0x03802ef0                evAPI::button::drawButton()
 .text._ZN5evAPI6button10drawButtonEN3vex5colorE
                0x03802f3c       0x40 build/evAPI/vexUI/src/button.o
                0x03802f3c                evAPI::button::drawButton(vex::color)
 .text._ZN5evAPI6button10drawButtonEN3vex5colorEi
                0x03802f7c       0x3c build/evAPI/vexUI/src/button.o
                0x03802f7c                evAPI::button::drawButton(vex::color, int)
 .text._ZN5evAPI6button8setColorEiii
                0x03802fb8       0x50 build/evAPI/vexUI/src/button.o
                0x03802fb8                evAPI::button::setColor(int, int, int)
 .text._ZN5evAPI6button8setColorEN3vex5colorE
                0x03803008       0x48 build/evAPI/vexUI/src/button.o
                0x03803008                evAPI::button::setColor(vex::color)
 .text._ZN5evAPI6button7setDimsEiiii
                0x03803050       0x44 build/evAPI/vexUI/src/button.o
                0x03803050                evAPI::button::setDims(int, int, int, int)
 .text._ZN5evAPI6button7pressedEii
                0x03803094       0x6c build/evAPI/vexUI/src/button.o
                0x03803094                evAPI::button::pressed(int, int)
 .text._ZN5evAPI6button8setTitleEPKc
                0x03803100       0x40 build/evAPI/vexUI/src/button.o
                0x03803100                evAPI::button::setTitle(char const*)
 .text._ZN5evAPI6button14setDescriptionEPKc
                0x03803140       0x40 build/evAPI/vexUI/src/button.o
                0x03803140                evAPI::button::setDescription(char const*)
 .text._ZN5evAPI6button8getTitleEi
                0x03803180        0xc build/evAPI/vexUI/src/button.o
                0x03803180                evAPI::button::getTitle(int)
 .text._ZN5evAPI6button14getDescriptionEi
                0x0380318c        0xc build/evAPI/vexUI/src/button.o
                0x0380318c                evAPI::button::getDescription(int)
 .text._ZN5evAPI6button14getTitleLengthEv
                0x03803198        0x8 build/evAPI/vexUI/src/button.o
                0x03803198                evAPI::button::getTitleLength()
 .text._ZN5evAPI6button20getDescriptionLengthEv
                0x038031a0        0x8 build/evAPI/vexUI/src/button.o
                0x038031a0                evAPI::button::getDescriptionLength()
 .text._ZN5evAPI6goodUID2Ev
                0x038031a8       0x54 build/evAPI/vexUI/src/UserInterface.o
                0x038031a8                evAPI::goodUI::~goodUI()
 .text._ZN5evAPI16UIControllerFuncEv
                0x038031fc       0x40 build/evAPI/vexUI/src/UserInterface.o
                0x038031fc                evAPI::UIControllerFunc()
 .text._ZN5evAPI6goodUI23drawControllerGraphDataEv
                0x0380323c      0x774 build/evAPI/vexUI/src/UserInterface.o
                0x0380323c                evAPI::goodUI::drawControllerGraphData()
 .text._ZN5evAPI11UIBrainFuncEv
                0x038039b0      0x108 build/evAPI/vexUI/src/UserInterface.o
                0x038039b0                evAPI::UIBrainFunc()
 .text._ZN5evAPI6goodUI10pressCheckEv
                0x03803ab8       0x4c build/evAPI/vexUI/src/UserInterface.o
                0x03803ab8                evAPI::goodUI::pressCheck()
 *fill*         0x03803b04        0x4 
 .text._ZN5evAPI6goodUI18drawBrainGraphDataEv
                0x03803b08      0x240 build/evAPI/vexUI/src/UserInterface.o
                0x03803b08                evAPI::goodUI::drawBrainGraphData()
 .text._ZN5evAPI6goodUI17printArrowButtonsEv
                0x03803d48      0x274 build/evAPI/vexUI/src/UserInterface.o
                0x03803d48                evAPI::goodUI::printArrowButtons()
 .text._ZN5evAPI6goodUI12printButtonsEv
                0x03803fbc       0x94 build/evAPI/vexUI/src/UserInterface.o
                0x03803fbc                evAPI::goodUI::printButtons()
 .text._ZN5evAPI6goodUI12setDebugModeEb
                0x03804050        0x8 build/evAPI/vexUI/src/UserInterface.o
                0x03804050                evAPI::goodUI::setDebugMode(bool)
 .text._ZN5evAPI6goodUI14startUIThreadsEv
                0x03804058       0x40 build/evAPI/vexUI/src/UserInterface.o
                0x03804058                evAPI::goodUI::startUIThreads()
 .text._ZN5evAPI6goodUIC2Ev
                0x03804098      0x278 build/evAPI/vexUI/src/UserInterface.o
                0x03804098                evAPI::goodUI::goodUI()
                0x03804098                evAPI::goodUI::goodUI()
 .text._ZN5evAPI6goodUI9addButtonEPFviE
                0x03804310       0xb0 build/evAPI/vexUI/src/UserInterface.o
                0x03804310                evAPI::goodUI::addButton(void (*)(int))
 .text._ZN5evAPI6goodUI9addButtonEN3vex5colorEPKcS4_PA35_b
                0x038043c0       0x98 build/evAPI/vexUI/src/UserInterface.o
                0x038043c0                evAPI::goodUI::addButton(vex::color, char const*, char const*, bool (*) [35])
 .text._ZN5evAPI6goodUI8addBlankEv
                0x03804458       0x38 build/evAPI/vexUI/src/UserInterface.o
                0x03804458                evAPI::goodUI::addBlank()
 .text._ZN5evAPI6goodUI13getProgNumberEv
                0x03804490        0x8 build/evAPI/vexUI/src/UserInterface.o
                0x03804490                evAPI::goodUI::getProgNumber()
 .text._ZN5evAPI6goodUI7pressedEv
                0x03804498      0x220 build/evAPI/vexUI/src/UserInterface.o
                0x03804498                evAPI::goodUI::pressed()
 .text._ZN5evAPI6goodUI17displayButtonNameEv
                0x038046b8      0x3f4 build/evAPI/vexUI/src/UserInterface.o
                0x038046b8                evAPI::goodUI::displayButtonName()
 .text._ZN5evAPI6goodUI12selectButtonEib
                0x03804aac       0x28 build/evAPI/vexUI/src/UserInterface.o
                0x03804aac                evAPI::goodUI::selectButton(int, bool)
 .text._ZN5evAPI6goodUI14setDisplayTimeEi
                0x03804ad4        0x8 build/evAPI/vexUI/src/UserInterface.o
                0x03804ad4                evAPI::goodUI::setDisplayTime(int)
 .text._ZN5evAPI6goodUI22setDefaultReadOutColorEN3vex5colorE
                0x03804adc       0x14 build/evAPI/vexUI/src/UserInterface.o
                0x03804adc                evAPI::goodUI::setDefaultReadOutColor(vex::color)
 .text._ZN5evAPI6goodUI18createBrainReadOutEPKcRi
                0x03804af0       0x3c build/evAPI/vexUI/src/UserInterface.o
                0x03804af0                evAPI::goodUI::createBrainReadOut(char const*, int&)
 .text._ZN5evAPI6goodUI18createBrainReadOutEPKcRiN3vex5colorE
                0x03804b2c       0xd0 build/evAPI/vexUI/src/UserInterface.o
                0x03804b2c                evAPI::goodUI::createBrainReadOut(char const*, int&, vex::color)
 .text._ZN5evAPI6goodUI18createBrainReadOutEPKcRd
                0x03804bfc       0x3c build/evAPI/vexUI/src/UserInterface.o
                0x03804bfc                evAPI::goodUI::createBrainReadOut(char const*, double&)
 .text._ZN5evAPI6goodUI18createBrainReadOutEPKcRdN3vex5colorE
                0x03804c38       0xd0 build/evAPI/vexUI/src/UserInterface.o
                0x03804c38                evAPI::goodUI::createBrainReadOut(char const*, double&, vex::color)
 .text._ZN5evAPI6goodUI28createBlankControllerReadOutEv
                0x03804d08       0x30 build/evAPI/vexUI/src/UserInterface.o
                0x03804d08                evAPI::goodUI::createBlankControllerReadOut()
 .text._ZN5evAPI6goodUI23createControllerReadOutEPKc
                0x03804d38       0xa8 build/evAPI/vexUI/src/UserInterface.o
                0x03804d38                evAPI::goodUI::createControllerReadOut(char const*)
 .text._ZN5evAPI6goodUI23createControllerReadOutEPKcRi
                0x03804de0       0xac build/evAPI/vexUI/src/UserInterface.o
                0x03804de0                evAPI::goodUI::createControllerReadOut(char const*, int&)
 .text._GLOBAL__sub_I_UserInterface.cpp
                0x03804e8c     0x187c build/evAPI/vexUI/src/UserInterface.o
 .text._ZN5evAPI4icon12setIconArrayEPA35_b
                0x03806708       0x3c build/evAPI/vexUI/src/icon.o
                0x03806708                evAPI::icon::setIconArray(bool (*) [35])
 .text._ZN5evAPI4icon13setButtonSizeEiiii
                0x03806744       0x18 build/evAPI/vexUI/src/icon.o
                0x03806744                evAPI::icon::setButtonSize(int, int, int, int)
 .text._ZN5evAPI4icon9printIconEN3vex5colorEi
                0x0380675c      0x270 build/evAPI/vexUI/src/icon.o
                0x0380675c                evAPI::icon::printIcon(vex::color, int)
 .text._ZN5evAPI4icon8setColorEN3vex5colorE
                0x038069cc       0x14 build/evAPI/vexUI/src/icon.o
                0x038069cc                evAPI::icon::setColor(vex::color)
 .text.vexMain  0x038069e0       0xb0 c:\Users\Jayden\AppData\Roaming\Code\User\globalStorage\vexrobotics.vexcode\sdk\cpp\V5\V5_20220726_10_00_00/vexv5\libv5rt.a(v5_startup.c.obj)
                0x038069e0                vexMain
 .text.__vex_function_prolog
                0x03806a90       0x18 c:\Users\Jayden\AppData\Roaming\Code\User\globalStorage\vexrobotics.vexcode\sdk\cpp\V5\V5_20220726_10_00_00/vexv5\libv5rt.a(v5_startup.c.obj)
                0x03806a90                __vex_function_prolog
 .text._init    0x03806aa8        0x4 c:\Users\Jayden\AppData\Roaming\Code\User\globalStorage\vexrobotics.vexcode\sdk\cpp\V5\V5_20220726_10_00_00/vexv5\libv5rt.a(v5_startup.c.obj)
                0x03806aa8                _init
 .text._fini    0x03806aac        0x4 c:\Users\Jayden\AppData\Roaming\Code\User\globalStorage\vexrobotics.vexcode\sdk\cpp\V5\V5_20220726_10_00_00/vexv5\libv5rt.a(v5_startup.c.obj)
                0x03806aac                _fini
 .text.vexStdlibVersionLinked
                0x03806ab0        0xc c:\Users\Jayden\AppData\Roaming\Code\User\globalStorage\vexrobotics.vexcode\sdk\cpp\V5\V5_20220726_10_00_00/vexv5\libv5rt.a(v5_util.c.obj)
                0x03806ab0                vexStdlibVersionLinked
 .text.vexStdlibVersionVerify
                0x03806abc       0x30 c:\Users\Jayden\AppData\Roaming\Code\User\globalStorage\vexrobotics.vexcode\sdk\cpp\V5\V5_20220726_10_00_00/vexv5\libv5rt.a(v5_util.c.obj)
                0x03806abc                vexStdlibVersionVerify
 .text.vexPrivateApiEnable
                0x03806aec       0x10 c:\Users\Jayden\AppData\Roaming\Code\User\globalStorage\vexrobotics.vexcode\sdk\cpp\V5\V5_20220726_10_00_00/vexv5\libv5rt.a(v5_apijump.c.obj)
                0x03806aec                vexPrivateApiEnable
 .text.vexStdlibMismatchError
                0x03806afc       0x3c c:\Users\Jayden\AppData\Roaming\Code\User\globalStorage\vexrobotics.vexcode\sdk\cpp\V5\V5_20220726_10_00_00/vexv5\libv5rt.a(v5_apijump.c.obj)
                0x03806afc                vexStdlibMismatchError
 .text.vexTaskAdd
                0x03806b38       0x10 c:\Users\Jayden\AppData\Roaming\Code\User\globalStorage\vexrobotics.vexcode\sdk\cpp\V5\V5_20220726_10_00_00/vexv5\libv5rt.a(v5_apijump.c.obj)
                0x03806b38                vexTaskAdd
 .text.vexTasksRun
                0x03806b48       0x10 c:\Users\Jayden\AppData\Roaming\Code\User\globalStorage\vexrobotics.vexcode\sdk\cpp\V5\V5_20220726_10_00_00/vexv5\libv5rt.a(v5_apijump.c.obj)
                0x03806b48                vexTasksRun
 .text.vexTaskYield
                0x03806b58       0x10 c:\Users\Jayden\AppData\Roaming\Code\User\globalStorage\vexrobotics.vexcode\sdk\cpp\V5\V5_20220726_10_00_00/vexv5\libv5rt.a(v5_apijump.c.obj)
                0x03806b58                vexTaskYield
 .text.vexTaskCheckTimeslice
                0x03806b68       0x10 c:\Users\Jayden\AppData\Roaming\Code\User\globalStorage\vexrobotics.vexcode\sdk\cpp\V5\V5_20220726_10_00_00/vexv5\libv5rt.a(v5_apijump.c.obj)
                0x03806b68                vexTaskCheckTimeslice
 .text.vexTaskSleep
                0x03806b78       0x10 c:\Users\Jayden\AppData\Roaming\Code\User\globalStorage\vexrobotics.vexcode\sdk\cpp\V5\V5_20220726_10_00_00/vexv5\libv5rt.a(v5_apijump.c.obj)
                0x03806b78                vexTaskSleep
 .text.vexTasksDump
                0x03806b88       0x1c c:\Users\Jayden\AppData\Roaming\Code\User\globalStorage\vexrobotics.vexcode\sdk\cpp\V5\V5_20220726_10_00_00/vexv5\libv5rt.a(v5_apijump.c.obj)
                0x03806b88                vexTasksDump
 .text.vexTaskGetTaskIndex
                0x03806ba4       0x10 c:\Users\Jayden\AppData\Roaming\Code\User\globalStorage\vexrobotics.vexcode\sdk\cpp\V5\V5_20220726_10_00_00/vexv5\libv5rt.a(v5_apijump.c.obj)
                0x03806ba4                vexTaskGetTaskIndex
 .text.vexTaskStopAll
                0x03806bb4       0x10 c:\Users\Jayden\AppData\Roaming\Code\User\globalStorage\vexrobotics.vexcode\sdk\cpp\V5\V5_20220726_10_00_00/vexv5\libv5rt.a(v5_apijump.c.obj)
                0x03806bb4                vexTaskStopAll
 .text.vexTaskRemoveAllUser
                0x03806bc4       0x34 c:\Users\Jayden\AppData\Roaming\Code\User\globalStorage\vexrobotics.vexcode\sdk\cpp\V5\V5_20220726_10_00_00/vexv5\libv5rt.a(v5_apijump.c.obj)
                0x03806bc4                vexTaskRemoveAllUser
 .text.vexTaskCompletionIdSet
                0x03806bf8       0x10 c:\Users\Jayden\AppData\Roaming\Code\User\globalStorage\vexrobotics.vexcode\sdk\cpp\V5\V5_20220726_10_00_00/vexv5\libv5rt.a(v5_apijump.c.obj)
                0x03806bf8                vexTaskCompletionIdSet
 .text.vexTaskStopWithId
                0x03806c08       0x10 c:\Users\Jayden\AppData\Roaming\Code\User\globalStorage\vexrobotics.vexcode\sdk\cpp\V5\V5_20220726_10_00_00/vexv5\libv5rt.a(v5_apijump.c.obj)
                0x03806c08                vexTaskStopWithId
 .text.vexEventAdd
                0x03806c18       0x34 c:\Users\Jayden\AppData\Roaming\Code\User\globalStorage\vexrobotics.vexcode\sdk\cpp\V5\V5_20220726_10_00_00/vexv5\libv5rt.a(v5_apijump.c.obj)
                0x03806c18                vexEventAdd
 .text.vexEventUserIndexGet
                0x03806c4c       0x1c c:\Users\Jayden\AppData\Roaming\Code\User\globalStorage\vexrobotics.vexcode\sdk\cpp\V5\V5_20220726_10_00_00/vexv5\libv5rt.a(v5_apijump.c.obj)
                0x03806c4c                vexEventUserIndexGet
 .text.vexEventAddWithArg
                0x03806c68       0x3c c:\Users\Jayden\AppData\Roaming\Code\User\globalStorage\vexrobotics.vexcode\sdk\cpp\V5\V5_20220726_10_00_00/vexv5\libv5rt.a(v5_apijump.c.obj)
                0x03806c68                vexEventAddWithArg
 .text.vexEventsCleanup
                0x03806ca4       0x2c c:\Users\Jayden\AppData\Roaming\Code\User\globalStorage\vexrobotics.vexcode\sdk\cpp\V5\V5_20220726_10_00_00/vexv5\libv5rt.a(v5_apijump.c.obj)
                0x03806ca4                vexEventsCleanup
 .text.vexDebug
                0x03806cd0       0x38 c:\Users\Jayden\AppData\Roaming\Code\User\globalStorage\vexrobotics.vexcode\sdk\cpp\V5\V5_20220726_10_00_00/vexv5\libv5rt.a(v5_apijump.c.obj)
                0x03806cd0                vexDebug
 .text.vex_sprintf
                0x03806d08       0x40 c:\Users\Jayden\AppData\Roaming\Code\User\globalStorage\vexrobotics.vexcode\sdk\cpp\V5\V5_20220726_10_00_00/vexv5\libv5rt.a(v5_apijump.c.obj)
                0x03806d08                vex_sprintf
 .text.vex_vsnprintf
                0x03806d48       0x3c c:\Users\Jayden\AppData\Roaming\Code\User\globalStorage\vexrobotics.vexcode\sdk\cpp\V5\V5_20220726_10_00_00/vexv5\libv5rt.a(v5_apijump.c.obj)
                0x03806d48                vex_vsnprintf
 .text.vexSystemTimeGet
                0x03806d84       0x1c c:\Users\Jayden\AppData\Roaming\Code\User\globalStorage\vexrobotics.vexcode\sdk\cpp\V5\V5_20220726_10_00_00/vexv5\libv5rt.a(v5_apijump.c.obj)
                0x03806d84                vexSystemTimeGet
 .text.vexSystemExitRequest
                0x03806da0       0x1c c:\Users\Jayden\AppData\Roaming\Code\User\globalStorage\vexrobotics.vexcode\sdk\cpp\V5\V5_20220726_10_00_00/vexv5\libv5rt.a(v5_apijump.c.obj)
                0x03806da0                vexSystemExitRequest
 .text.vexDeviceGetByIndex
                0x03806dbc       0x24 c:\Users\Jayden\AppData\Roaming\Code\User\globalStorage\vexrobotics.vexcode\sdk\cpp\V5\V5_20220726_10_00_00/vexv5\libv5rt.a(v5_apijump.c.obj)
                0x03806dbc                vexDeviceGetByIndex
 .text.vexControllerGet
                0x03806de0       0x2c c:\Users\Jayden\AppData\Roaming\Code\User\globalStorage\vexrobotics.vexcode\sdk\cpp\V5\V5_20220726_10_00_00/vexv5\libv5rt.a(v5_apijump.c.obj)
                0x03806de0                vexControllerGet
 .text.vexControllerTextSet
                0x03806e0c       0x74 c:\Users\Jayden\AppData\Roaming\Code\User\globalStorage\vexrobotics.vexcode\sdk\cpp\V5\V5_20220726_10_00_00/vexv5\libv5rt.a(v5_apijump.c.obj)
                0x03806e0c                vexControllerTextSet
 .text.vexDeviceMotorVelocitySet
                0x03806e80       0x2c c:\Users\Jayden\AppData\Roaming\Code\User\globalStorage\vexrobotics.vexcode\sdk\cpp\V5\V5_20220726_10_00_00/vexv5\libv5rt.a(v5_apijump.c.obj)
                0x03806e80                vexDeviceMotorVelocitySet
 .text.vexDeviceMotorActualVelocityGet
                0x03806eac       0x24 c:\Users\Jayden\AppData\Roaming\Code\User\globalStorage\vexrobotics.vexcode\sdk\cpp\V5\V5_20220726_10_00_00/vexv5\libv5rt.a(v5_apijump.c.obj)
                0x03806eac                vexDeviceMotorActualVelocityGet
 .text.vexDeviceMotorCurrentLimitSet
                0x03806ed0       0x2c c:\Users\Jayden\AppData\Roaming\Code\User\globalStorage\vexrobotics.vexcode\sdk\cpp\V5\V5_20220726_10_00_00/vexv5\libv5rt.a(v5_apijump.c.obj)
                0x03806ed0                vexDeviceMotorCurrentLimitSet
 .text.vexDeviceMotorReverseFlagSet
                0x03806efc       0x2c c:\Users\Jayden\AppData\Roaming\Code\User\globalStorage\vexrobotics.vexcode\sdk\cpp\V5\V5_20220726_10_00_00/vexv5\libv5rt.a(v5_apijump.c.obj)
                0x03806efc                vexDeviceMotorReverseFlagSet
 .text.vexDeviceMotorBrakeModeSet
                0x03806f28       0x2c c:\Users\Jayden\AppData\Roaming\Code\User\globalStorage\vexrobotics.vexcode\sdk\cpp\V5\V5_20220726_10_00_00/vexv5\libv5rt.a(v5_apijump.c.obj)
                0x03806f28                vexDeviceMotorBrakeModeSet
 .text.vexDeviceMotorPositionSet
                0x03806f54       0x34 c:\Users\Jayden\AppData\Roaming\Code\User\globalStorage\vexrobotics.vexcode\sdk\cpp\V5\V5_20220726_10_00_00/vexv5\libv5rt.a(v5_apijump.c.obj)
                0x03806f54                vexDeviceMotorPositionSet
 .text.vexDeviceMotorGearingSet
                0x03806f88       0x2c c:\Users\Jayden\AppData\Roaming\Code\User\globalStorage\vexrobotics.vexcode\sdk\cpp\V5\V5_20220726_10_00_00/vexv5\libv5rt.a(v5_apijump.c.obj)
                0x03806f88                vexDeviceMotorGearingSet
 .text.vexDeviceMotorGearingGet
                0x03806fb4       0x24 c:\Users\Jayden\AppData\Roaming\Code\User\globalStorage\vexrobotics.vexcode\sdk\cpp\V5\V5_20220726_10_00_00/vexv5\libv5rt.a(v5_apijump.c.obj)
                0x03806fb4                vexDeviceMotorGearingGet
 .text.vexDeviceDistanceDistanceGet
                0x03806fd8       0x24 c:\Users\Jayden\AppData\Roaming\Code\User\globalStorage\vexrobotics.vexcode\sdk\cpp\V5\V5_20220726_10_00_00/vexv5\libv5rt.a(v5_apijump.c.obj)
                0x03806fd8                vexDeviceDistanceDistanceGet
 .text.vexDisplayForegroundColor
                0x03806ffc       0x24 c:\Users\Jayden\AppData\Roaming\Code\User\globalStorage\vexrobotics.vexcode\sdk\cpp\V5\V5_20220726_10_00_00/vexv5\libv5rt.a(v5_apijump.c.obj)
                0x03806ffc                vexDisplayForegroundColor
 .text.vexDisplayBackgroundColor
                0x03807020       0x24 c:\Users\Jayden\AppData\Roaming\Code\User\globalStorage\vexrobotics.vexcode\sdk\cpp\V5\V5_20220726_10_00_00/vexv5\libv5rt.a(v5_apijump.c.obj)
                0x03807020                vexDisplayBackgroundColor
 .text.vexDisplayBackgroundColorGet
                0x03807044       0x1c c:\Users\Jayden\AppData\Roaming\Code\User\globalStorage\vexrobotics.vexcode\sdk\cpp\V5\V5_20220726_10_00_00/vexv5\libv5rt.a(v5_apijump.c.obj)
                0x03807044                vexDisplayBackgroundColorGet
 .text.vexDisplayPixelSet
                0x03807060       0x38 c:\Users\Jayden\AppData\Roaming\Code\User\globalStorage\vexrobotics.vexcode\sdk\cpp\V5\V5_20220726_10_00_00/vexv5\libv5rt.a(v5_apijump.c.obj)
                0x03807060                vexDisplayPixelSet
 .text.vexDisplayRectDraw
                0x03807098       0x4c c:\Users\Jayden\AppData\Roaming\Code\User\globalStorage\vexrobotics.vexcode\sdk\cpp\V5\V5_20220726_10_00_00/vexv5\libv5rt.a(v5_apijump.c.obj)
                0x03807098                vexDisplayRectDraw
 .text.vexDisplayRectClear
                0x038070e4       0x4c c:\Users\Jayden\AppData\Roaming\Code\User\globalStorage\vexrobotics.vexcode\sdk\cpp\V5\V5_20220726_10_00_00/vexv5\libv5rt.a(v5_apijump.c.obj)
                0x038070e4                vexDisplayRectClear
 .text.vexDisplayVPrintf
                0x03807130       0x50 c:\Users\Jayden\AppData\Roaming\Code\User\globalStorage\vexrobotics.vexcode\sdk\cpp\V5\V5_20220726_10_00_00/vexv5\libv5rt.a(v5_apijump.c.obj)
                0x03807130                vexDisplayVPrintf
 .text.vexDisplayTextReference
                0x03807180       0x24 c:\Users\Jayden\AppData\Roaming\Code\User\globalStorage\vexrobotics.vexcode\sdk\cpp\V5\V5_20220726_10_00_00/vexv5\libv5rt.a(v5_apijump.c.obj)
                0x03807180                vexDisplayTextReference
 .text.vexDisplayTextSize
                0x038071a4       0x2c c:\Users\Jayden\AppData\Roaming\Code\User\globalStorage\vexrobotics.vexcode\sdk\cpp\V5\V5_20220726_10_00_00/vexv5\libv5rt.a(v5_apijump.c.obj)
                0x038071a4                vexDisplayTextSize
 .text.vexDisplayFontNamedSet
                0x038071d0       0x24 c:\Users\Jayden\AppData\Roaming\Code\User\globalStorage\vexrobotics.vexcode\sdk\cpp\V5\V5_20220726_10_00_00/vexv5\libv5rt.a(v5_apijump.c.obj)
                0x038071d0                vexDisplayFontNamedSet
 .text.vexDisplayStringWidthGet
                0x038071f4       0x24 c:\Users\Jayden\AppData\Roaming\Code\User\globalStorage\vexrobotics.vexcode\sdk\cpp\V5\V5_20220726_10_00_00/vexv5\libv5rt.a(v5_apijump.c.obj)
                0x038071f4                vexDisplayStringWidthGet
 .text.vexDisplayPenSizeSet
                0x03807218       0x24 c:\Users\Jayden\AppData\Roaming\Code\User\globalStorage\vexrobotics.vexcode\sdk\cpp\V5\V5_20220726_10_00_00/vexv5\libv5rt.a(v5_apijump.c.obj)
                0x03807218                vexDisplayPenSizeSet
 .text.vexDisplayPenSizeGet
                0x0380723c       0x1c c:\Users\Jayden\AppData\Roaming\Code\User\globalStorage\vexrobotics.vexcode\sdk\cpp\V5\V5_20220726_10_00_00/vexv5\libv5rt.a(v5_apijump.c.obj)
                0x0380723c                vexDisplayPenSizeGet
 .text.vexSystemStdlibImpureDataAddr
                0x03807258       0x28 c:\Users\Jayden\AppData\Roaming\Code\User\globalStorage\vexrobotics.vexcode\sdk\cpp\V5\V5_20220726_10_00_00/vexv5\libv5rt.a(v5_apijump.c.obj)
                0x03807258                vexSystemStdlibImpureDataAddr
 .text.vexSystemStdlibImpureDataSize
                0x03807280       0x28 c:\Users\Jayden\AppData\Roaming\Code\User\globalStorage\vexrobotics.vexcode\sdk\cpp\V5\V5_20220726_10_00_00/vexv5\libv5rt.a(v5_apijump.c.obj)
                0x03807280                vexSystemStdlibImpureDataSize
 .text.vexSystemSaveUserData
                0x038072a8       0x3c c:\Users\Jayden\AppData\Roaming\Code\User\globalStorage\vexrobotics.vexcode\sdk\cpp\V5\V5_20220726_10_00_00/vexv5\libv5rt.a(v5_apijump.c.obj)
                0x038072a8                vexSystemSaveUserData
 .text.vexTouchDataGet
                0x038072e4       0x10 c:\Users\Jayden\AppData\Roaming\Code\User\globalStorage\vexrobotics.vexcode\sdk\cpp\V5\V5_20220726_10_00_00/vexv5\libv5rt.a(v5_apijump.c.obj)
                0x038072e4                vexTouchDataGet
 .text.vexDisplayThemeIdGet
                0x038072f4       0x38 c:\Users\Jayden\AppData\Roaming\Code\User\globalStorage\vexrobotics.vexcode\sdk\cpp\V5\V5_20220726_10_00_00/vexv5\libv5rt.a(v5_apijump.c.obj)
                0x038072f4                vexDisplayThemeIdGet
 .text.vexCompetitionStatus
                0x0380732c       0x1c c:\Users\Jayden\AppData\Roaming\Code\User\globalStorage\vexrobotics.vexcode\sdk\cpp\V5\V5_20220726_10_00_00/vexv5\libv5rt.a(v5_apijump.c.obj)
                0x0380732c                vexCompetitionStatus
 .text.vexBatteryVoltageGet
                0x03807348       0x1c c:\Users\Jayden\AppData\Roaming\Code\User\globalStorage\vexrobotics.vexcode\sdk\cpp\V5\V5_20220726_10_00_00/vexv5\libv5rt.a(v5_apijump.c.obj)
                0x03807348                vexBatteryVoltageGet
 .text.vexBatteryCurrentGet
                0x03807364       0x1c c:\Users\Jayden\AppData\Roaming\Code\User\globalStorage\vexrobotics.vexcode\sdk\cpp\V5\V5_20220726_10_00_00/vexv5\libv5rt.a(v5_apijump.c.obj)
                0x03807364                vexBatteryCurrentGet
 .text.vexBatteryTemperatureGet
                0x03807380       0x1c c:\Users\Jayden\AppData\Roaming\Code\User\globalStorage\vexrobotics.vexcode\sdk\cpp\V5\V5_20220726_10_00_00/vexv5\libv5rt.a(v5_apijump.c.obj)
                0x03807380                vexBatteryTemperatureGet
 .text.vexBatteryCapacityGet
                0x0380739c       0x1c c:\Users\Jayden\AppData\Roaming\Code\User\globalStorage\vexrobotics.vexcode\sdk\cpp\V5\V5_20220726_10_00_00/vexv5\libv5rt.a(v5_apijump.c.obj)
                0x0380739c                vexBatteryCapacityGet
 .text.vexDeviceEventMaskSet
                0x038073b8       0x48 c:\Users\Jayden\AppData\Roaming\Code\User\globalStorage\vexrobotics.vexcode\sdk\cpp\V5\V5_20220726_10_00_00/vexv5\libv5rt.a(v5_apijump.c.obj)
                0x038073b8                vexDeviceEventMaskSet
 .text.vexDeviceEventMaskGet
                0x03807400       0x3c c:\Users\Jayden\AppData\Roaming\Code\User\globalStorage\vexrobotics.vexcode\sdk\cpp\V5\V5_20220726_10_00_00/vexv5\libv5rt.a(v5_apijump.c.obj)
                0x03807400                vexDeviceEventMaskGet
 .text.vexSystemVersion
                0x0380743c       0x10 c:\Users\Jayden\AppData\Roaming\Code\User\globalStorage\vexrobotics.vexcode\sdk\cpp\V5\V5_20220726_10_00_00/vexv5\libv5rt.a(v5_apiversions.c.obj)
                0x0380743c                vexSystemVersion
 .text.vexStdlibVersion
                0x0380744c       0x10 c:\Users\Jayden\AppData\Roaming\Code\User\globalStorage\vexrobotics.vexcode\sdk\cpp\V5\V5_20220726_10_00_00/vexv5\libv5rt.a(v5_apiversions.c.obj)
                0x0380744c                vexStdlibVersion
 .text._ZN3vex5motorD2Ev
                0x0380745c       0x20 c:\Users\Jayden\AppData\Roaming\Code\User\globalStorage\vexrobotics.vexcode\sdk\cpp\V5\V5_20220726_10_00_00/vexv5\libv5rt.a(vex_motor.cpp.obj)
                0x0380745c                vex::motor::~motor()
                0x0380745c                vex::motor::~motor()
 .text._ZN3vex5motorD0Ev
                0x0380747c       0x1c c:\Users\Jayden\AppData\Roaming\Code\User\globalStorage\vexrobotics.vexcode\sdk\cpp\V5\V5_20220726_10_00_00/vexv5\libv5rt.a(vex_motor.cpp.obj)
                0x0380747c                vex::motor::~motor()
 .text._ZN3vex5motor9installedEv
                0x03807498       0x18 c:\Users\Jayden\AppData\Roaming\Code\User\globalStorage\vexrobotics.vexcode\sdk\cpp\V5\V5_20220726_10_00_00/vexv5\libv5rt.a(vex_motor.cpp.obj)
                0x03807498                vex::motor::installed()
 .text._ZN3vex5motor11setReversedEb
                0x038074b0        0x8 c:\Users\Jayden\AppData\Roaming\Code\User\globalStorage\vexrobotics.vexcode\sdk\cpp\V5\V5_20220726_10_00_00/vexv5\libv5rt.a(vex_motor.cpp.obj)
                0x038074b0                vex::motor::setReversed(bool)
 .text._ZN3vex5motor15defaultStoppingENS_9brakeTypeE
                0x038074b8       0x30 c:\Users\Jayden\AppData\Roaming\Code\User\globalStorage\vexrobotics.vexcode\sdk\cpp\V5\V5_20220726_10_00_00/vexv5\libv5rt.a(vex_motor.cpp.obj)
                0x038074b8                vex::motor::defaultStopping(vex::brakeType)
 .text._ZN3vex5motorC2El
                0x038074e8       0x78 c:\Users\Jayden\AppData\Roaming\Code\User\globalStorage\vexrobotics.vexcode\sdk\cpp\V5\V5_20220726_10_00_00/vexv5\libv5rt.a(vex_motor.cpp.obj)
                0x038074e8                vex::motor::motor(long)
                0x038074e8                vex::motor::motor(long)
 .text._ZN3vex5motorC2ElNS_11gearSettingE
                0x03807560       0x24 c:\Users\Jayden\AppData\Roaming\Code\User\globalStorage\vexrobotics.vexcode\sdk\cpp\V5\V5_20220726_10_00_00/vexv5\libv5rt.a(vex_motor.cpp.obj)
                0x03807560                vex::motor::motor(long, vex::gearSetting)
                0x03807560                vex::motor::motor(long, vex::gearSetting)
 .text._ZN3vex5motorC2Elb
                0x03807584       0x24 c:\Users\Jayden\AppData\Roaming\Code\User\globalStorage\vexrobotics.vexcode\sdk\cpp\V5\V5_20220726_10_00_00/vexv5\libv5rt.a(vex_motor.cpp.obj)
                0x03807584                vex::motor::motor(long, bool)
                0x03807584                vex::motor::motor(long, bool)
 .text._ZN3vex5motor4stopENS_9brakeTypeE
                0x038075a8       0x30 c:\Users\Jayden\AppData\Roaming\Code\User\globalStorage\vexrobotics.vexcode\sdk\cpp\V5\V5_20220726_10_00_00/vexv5\libv5rt.a(vex_motor.cpp.obj)
                0x038075a8                vex::motor::stop(vex::brakeType)
 .text._ZN3vex5motor4stopEv
                0x038075d8        0x8 c:\Users\Jayden\AppData\Roaming\Code\User\globalStorage\vexrobotics.vexcode\sdk\cpp\V5\V5_20220726_10_00_00/vexv5\libv5rt.a(vex_motor.cpp.obj)
                0x038075d8                vex::motor::stop()
 .text._ZN3vex5motor12setMaxTorqueEdNS_12percentUnitsE
                0x038075e0       0x88 c:\Users\Jayden\AppData\Roaming\Code\User\globalStorage\vexrobotics.vexcode\sdk\cpp\V5\V5_20220726_10_00_00/vexv5\libv5rt.a(vex_motor.cpp.obj)
                0x038075e0                vex::motor::setMaxTorque(double, vex::percentUnits)
 .text._ZN3vex5motor16velocityToScaledEdNS_13velocityUnitsE
                0x03807668       0x5c c:\Users\Jayden\AppData\Roaming\Code\User\globalStorage\vexrobotics.vexcode\sdk\cpp\V5\V5_20220726_10_00_00/vexv5\libv5rt.a(vex_motor.cpp.obj)
                0x03807668                vex::motor::velocityToScaled(double, vex::velocityUnits)
 .text._ZN3vex5motor8velocityENS_13velocityUnitsE
                0x038076c4       0x30 c:\Users\Jayden\AppData\Roaming\Code\User\globalStorage\vexrobotics.vexcode\sdk\cpp\V5\V5_20220726_10_00_00/vexv5\libv5rt.a(vex_motor.cpp.obj)
                0x038076c4                vex::motor::velocity(vex::velocityUnits)
 .text._ZN3vex5motor5valueEv
                0x038076f4       0x1c c:\Users\Jayden\AppData\Roaming\Code\User\globalStorage\vexrobotics.vexcode\sdk\cpp\V5\V5_20220726_10_00_00/vexv5\libv5rt.a(vex_motor.cpp.obj)
                0x038076f4                vex::motor::value()
 .text._ZN3vex5motor16scaledToVelocityEdNS_13velocityUnitsE
                0x03807710       0xa4 c:\Users\Jayden\AppData\Roaming\Code\User\globalStorage\vexrobotics.vexcode\sdk\cpp\V5\V5_20220726_10_00_00/vexv5\libv5rt.a(vex_motor.cpp.obj)
                0x03807710                vex::motor::scaledToVelocity(double, vex::velocityUnits)
 .text._ZN3vex5motor4spinENS_13directionTypeEdNS_13velocityUnitsE
                0x038077b4       0x5c c:\Users\Jayden\AppData\Roaming\Code\User\globalStorage\vexrobotics.vexcode\sdk\cpp\V5\V5_20220726_10_00_00/vexv5\libv5rt.a(vex_motor.cpp.obj)
                0x038077b4                vex::motor::spin(vex::directionType, double, vex::velocityUnits)
 .text._ZN3vex5motor4spinENS_13directionTypeE
                0x03807810       0x28 c:\Users\Jayden\AppData\Roaming\Code\User\globalStorage\vexrobotics.vexcode\sdk\cpp\V5\V5_20220726_10_00_00/vexv5\libv5rt.a(vex_motor.cpp.obj)
                0x03807810                vex::motor::spin(vex::directionType)
 .text._ZN3vex5motor11setVelocityEdNS_13velocityUnitsE
                0x03807838       0x54 c:\Users\Jayden\AppData\Roaming\Code\User\globalStorage\vexrobotics.vexcode\sdk\cpp\V5\V5_20220726_10_00_00/vexv5\libv5rt.a(vex_motor.cpp.obj)
                0x03807838                vex::motor::setVelocity(double, vex::velocityUnits)
 .text._ZN3vex8distanceD2Ev
                0x0380788c       0x20 c:\Users\Jayden\AppData\Roaming\Code\User\globalStorage\vexrobotics.vexcode\sdk\cpp\V5\V5_20220726_10_00_00/vexv5\libv5rt.a(vex_distance.cpp.obj)
                0x0380788c                vex::distance::~distance()
                0x0380788c                vex::distance::~distance()
 .text._ZN3vex8distanceD0Ev
                0x038078ac       0x1c c:\Users\Jayden\AppData\Roaming\Code\User\globalStorage\vexrobotics.vexcode\sdk\cpp\V5\V5_20220726_10_00_00/vexv5\libv5rt.a(vex_distance.cpp.obj)
                0x038078ac                vex::distance::~distance()
 .text._ZN3vex8distance9installedEv
                0x038078c8       0x18 c:\Users\Jayden\AppData\Roaming\Code\User\globalStorage\vexrobotics.vexcode\sdk\cpp\V5\V5_20220726_10_00_00/vexv5\libv5rt.a(vex_distance.cpp.obj)
                0x038078c8                vex::distance::installed()
 .text._ZN3vex8distance5valueEv
                0x038078e0        0x8 c:\Users\Jayden\AppData\Roaming\Code\User\globalStorage\vexrobotics.vexcode\sdk\cpp\V5\V5_20220726_10_00_00/vexv5\libv5rt.a(vex_distance.cpp.obj)
                0x038078e0                vex::distance::value()
 .text._ZN3vex8distanceC2El
                0x038078e8       0x20 c:\Users\Jayden\AppData\Roaming\Code\User\globalStorage\vexrobotics.vexcode\sdk\cpp\V5\V5_20220726_10_00_00/vexv5\libv5rt.a(vex_distance.cpp.obj)
                0x038078e8                vex::distance::distance(long)
                0x038078e8                vex::distance::distance(long)
 .text._ZN3vex8distance14objectDistanceENS_13distanceUnitsE
                0x03807908       0x48 c:\Users\Jayden\AppData\Roaming\Code\User\globalStorage\vexrobotics.vexcode\sdk\cpp\V5\V5_20220726_10_00_00/vexv5\libv5rt.a(vex_distance.cpp.obj)
                0x03807908                vex::distance::objectDistance(vex::distanceUnits)
 .text._ZN3vex10controllerD2Ev
                0x03807950        0x4 c:\Users\Jayden\AppData\Roaming\Code\User\globalStorage\vexrobotics.vexcode\sdk\cpp\V5\V5_20220726_10_00_00/vexv5\libv5rt.a(vex_controller.cpp.obj)
                0x03807950                vex::controller::~controller()
                0x03807950                vex::controller::~controller()
 .text._ZN3vex10controller5valueE19_V5_ControllerIndex
                0x03807954        0x8 c:\Users\Jayden\AppData\Roaming\Code\User\globalStorage\vexrobotics.vexcode\sdk\cpp\V5\V5_20220726_10_00_00/vexv5\libv5rt.a(vex_controller.cpp.obj)
                0x03807954                vex::controller::value(_V5_ControllerIndex)
 .text._ZNK3vex10controller6button8pressingEv
                0x0380795c       0xc8 c:\Users\Jayden\AppData\Roaming\Code\User\globalStorage\vexrobotics.vexcode\sdk\cpp\V5\V5_20220726_10_00_00/vexv5\libv5rt.a(vex_controller.cpp.obj)
                0x0380795c                vex::controller::button::pressing() const
 .text._ZNK3vex10controller6button21_buttonToPressedEventEv
                0x03807a24       0x20 c:\Users\Jayden\AppData\Roaming\Code\User\globalStorage\vexrobotics.vexcode\sdk\cpp\V5\V5_20220726_10_00_00/vexv5\libv5rt.a(vex_controller.cpp.obj)
                0x03807a24                vex::controller::button::_buttonToPressedEvent() const
 .text._ZNK3vex10controller6button22_buttonToReleasedEventEv
                0x03807a44       0x20 c:\Users\Jayden\AppData\Roaming\Code\User\globalStorage\vexrobotics.vexcode\sdk\cpp\V5\V5_20220726_10_00_00/vexv5\libv5rt.a(vex_controller.cpp.obj)
                0x03807a44                vex::controller::button::_buttonToReleasedEvent() const
 .text._ZN3vex10controller6buttonC2ENS0_11tButtonTypeEPS0_
                0x03807a64       0x48 c:\Users\Jayden\AppData\Roaming\Code\User\globalStorage\vexrobotics.vexcode\sdk\cpp\V5\V5_20220726_10_00_00/vexv5\libv5rt.a(vex_controller.cpp.obj)
                0x03807a64                vex::controller::button::button(vex::controller::tButtonType, vex::controller*)
                0x03807a64                vex::controller::button::button(vex::controller::tButtonType, vex::controller*)
 .text._ZNK3vex10controller4axis5valueEv
                0x03807aac       0x58 c:\Users\Jayden\AppData\Roaming\Code\User\globalStorage\vexrobotics.vexcode\sdk\cpp\V5\V5_20220726_10_00_00/vexv5\libv5rt.a(vex_controller.cpp.obj)
                0x03807aac                vex::controller::axis::value() const
 .text._ZNK3vex10controller4axis8positionENS_12percentUnitsE
                0x03807b04       0x1c c:\Users\Jayden\AppData\Roaming\Code\User\globalStorage\vexrobotics.vexcode\sdk\cpp\V5\V5_20220726_10_00_00/vexv5\libv5rt.a(vex_controller.cpp.obj)
                0x03807b04                vex::controller::axis::position(vex::percentUnits) const
 .text._ZNK3vex10controller4axis23_joystickToChangedEventEv
                0x03807b20       0x20 c:\Users\Jayden\AppData\Roaming\Code\User\globalStorage\vexrobotics.vexcode\sdk\cpp\V5\V5_20220726_10_00_00/vexv5\libv5rt.a(vex_controller.cpp.obj)
                0x03807b20                vex::controller::axis::_joystickToChangedEvent() const
 .text._ZN3vex10controller4axisC2ENS0_9tAxisTypeEPS0_
                0x03807b40       0x2c c:\Users\Jayden\AppData\Roaming\Code\User\globalStorage\vexrobotics.vexcode\sdk\cpp\V5\V5_20220726_10_00_00/vexv5\libv5rt.a(vex_controller.cpp.obj)
                0x03807b40                vex::controller::axis::axis(vex::controller::tAxisType, vex::controller*)
                0x03807b40                vex::controller::axis::axis(vex::controller::tAxisType, vex::controller*)
 .text._ZN3vex10controllerC2ENS_14controllerTypeE
                0x03807b6c      0x16c c:\Users\Jayden\AppData\Roaming\Code\User\globalStorage\vexrobotics.vexcode\sdk\cpp\V5\V5_20220726_10_00_00/vexv5\libv5rt.a(vex_controller.cpp.obj)
                0x03807b6c                vex::controller::controller(vex::controllerType)
                0x03807b6c                vex::controller::controller(vex::controllerType)
 .text._ZN3vex10controller3lcd15getControllerIdEv
                0x03807cd8       0x10 c:\Users\Jayden\AppData\Roaming\Code\User\globalStorage\vexrobotics.vexcode\sdk\cpp\V5\V5_20220726_10_00_00/vexv5\libv5rt.a(vex_controller.cpp.obj)
                0x03807cd8                vex::controller::lcd::getControllerId()
 .text._ZN3vex10controller3lcd9setCursorEll
                0x03807ce8       0x40 c:\Users\Jayden\AppData\Roaming\Code\User\globalStorage\vexrobotics.vexcode\sdk\cpp\V5\V5_20220726_10_00_00/vexv5\libv5rt.a(vex_controller.cpp.obj)
                0x03807ce8                vex::controller::lcd::setCursor(long, long)
 .text._ZN3vex10controller3lcd5printEPKcz
                0x03807d28       0x80 c:\Users\Jayden\AppData\Roaming\Code\User\globalStorage\vexrobotics.vexcode\sdk\cpp\V5\V5_20220726_10_00_00/vexv5\libv5rt.a(vex_controller.cpp.obj)
                0x03807d28                vex::controller::lcd::print(char const*, ...)
 .text._ZN3vex10controller3lcd5printEPcz
                0x03807da8       0x80 c:\Users\Jayden\AppData\Roaming\Code\User\globalStorage\vexrobotics.vexcode\sdk\cpp\V5\V5_20220726_10_00_00/vexv5\libv5rt.a(vex_controller.cpp.obj)
                0x03807da8                vex::controller::lcd::print(char*, ...)
 .text._ZN3vex10controller3lcd9clearLineEi
                0x03807e28       0x80 c:\Users\Jayden\AppData\Roaming\Code\User\globalStorage\vexrobotics.vexcode\sdk\cpp\V5\V5_20220726_10_00_00/vexv5\libv5rt.a(vex_controller.cpp.obj)
                0x03807e28                vex::controller::lcd::clearLine(int)
 .text._ZN3vex10controller3lcd11clearScreenEv
                0x03807ea8       0x5c c:\Users\Jayden\AppData\Roaming\Code\User\globalStorage\vexrobotics.vexcode\sdk\cpp\V5\V5_20220726_10_00_00/vexv5\libv5rt.a(vex_controller.cpp.obj)
                0x03807ea8                vex::controller::lcd::clearScreen()
 .text._ZN3vex10controller3lcd9clearLineEv
                0x03807f04        0x8 c:\Users\Jayden\AppData\Roaming\Code\User\globalStorage\vexrobotics.vexcode\sdk\cpp\V5\V5_20220726_10_00_00/vexv5\libv5rt.a(vex_controller.cpp.obj)
                0x03807f04                vex::controller::lcd::clearLine()
 .text._ZN3vex4taskC2EPFivE
                0x03807f0c       0x5c c:\Users\Jayden\AppData\Roaming\Code\User\globalStorage\vexrobotics.vexcode\sdk\cpp\V5\V5_20220726_10_00_00/vexv5\libv5rt.a(vex_task.cpp.obj)
                0x03807f0c                vex::task::task(int (*)())
                0x03807f0c                vex::task::task(int (*)())
 .text._ZN3vex4taskD2Ev
                0x03807f68        0x4 c:\Users\Jayden\AppData\Roaming\Code\User\globalStorage\vexrobotics.vexcode\sdk\cpp\V5\V5_20220726_10_00_00/vexv5\libv5rt.a(vex_task.cpp.obj)
                0x03807f68                vex::task::~task()
                0x03807f68                vex::task::~task()
 .text._ZN3vex4task4stopEPvi
                0x03807f6c       0x1c c:\Users\Jayden\AppData\Roaming\Code\User\globalStorage\vexrobotics.vexcode\sdk\cpp\V5\V5_20220726_10_00_00/vexv5\libv5rt.a(vex_task.cpp.obj)
                0x03807f6c                vex::task::stop(void*, int)
 .text._ZN3vex4task5sleepEm
                0x03807f88        0x4 c:\Users\Jayden\AppData\Roaming\Code\User\globalStorage\vexrobotics.vexcode\sdk\cpp\V5\V5_20220726_10_00_00/vexv5\libv5rt.a(vex_task.cpp.obj)
                0x03807f88                vex::task::sleep(unsigned long)
 .text._ZN3vex4task6_indexEPFivE
                0x03807f8c       0x14 c:\Users\Jayden\AppData\Roaming\Code\User\globalStorage\vexrobotics.vexcode\sdk\cpp\V5\V5_20220726_10_00_00/vexv5\libv5rt.a(vex_task.cpp.obj)
                0x03807f8c                vex::task::_index(int (*)())
 .text._ZN3vex4task8_stopAllEv
                0x03807fa0       0x3c c:\Users\Jayden\AppData\Roaming\Code\User\globalStorage\vexrobotics.vexcode\sdk\cpp\V5\V5_20220726_10_00_00/vexv5\libv5rt.a(vex_task.cpp.obj)
                0x03807fa0                vex::task::_stopAll()
 .text._ZN3vex6threadC2EPFivE
                0x03807fdc       0x5c c:\Users\Jayden\AppData\Roaming\Code\User\globalStorage\vexrobotics.vexcode\sdk\cpp\V5\V5_20220726_10_00_00/vexv5\libv5rt.a(vex_thread.cpp.obj)
                0x03807fdc                vex::thread::thread(int (*)())
                0x03807fdc                vex::thread::thread(int (*)())
 .text._ZN3vex11this_thread9sleep_forEm
                0x03808038        0x4 c:\Users\Jayden\AppData\Roaming\Code\User\globalStorage\vexrobotics.vexcode\sdk\cpp\V5\V5_20220726_10_00_00/vexv5\libv5rt.a(vex_thread.cpp.obj)
                0x03808038                vex::this_thread::sleep_for(unsigned long)
 .text._ZN3vex5event4initEmmPFvvE
                0x0380803c        0x4 c:\Users\Jayden\AppData\Roaming\Code\User\globalStorage\vexrobotics.vexcode\sdk\cpp\V5\V5_20220726_10_00_00/vexv5\libv5rt.a(vex_event.cpp.obj)
                0x0380803c                vex::event::init(unsigned long, unsigned long, void (*)())
 .text._ZN3vex5event4initEmmPFvPvES1_
                0x03808040        0x4 c:\Users\Jayden\AppData\Roaming\Code\User\globalStorage\vexrobotics.vexcode\sdk\cpp\V5\V5_20220726_10_00_00/vexv5\libv5rt.a(vex_event.cpp.obj)
                0x03808040                vex::event::init(unsigned long, unsigned long, void (*)(void*), void*)
 .text._ZN3vex5event9userindexEv
                0x03808044        0x4 c:\Users\Jayden\AppData\Roaming\Code\User\globalStorage\vexrobotics.vexcode\sdk\cpp\V5\V5_20220726_10_00_00/vexv5\libv5rt.a(vex_event.cpp.obj)
                0x03808044                vex::event::userindex()
 .text._ZZN3vex6meventC4EmmENUlvE_4_FUNEv
                0x03808048        0x4 c:\Users\Jayden\AppData\Roaming\Code\User\globalStorage\vexrobotics.vexcode\sdk\cpp\V5\V5_20220726_10_00_00/vexv5\libv5rt.a(vex_mevent.cpp.obj)
 .text._ZN3vex6meventC2Emm
                0x0380804c       0x70 c:\Users\Jayden\AppData\Roaming\Code\User\globalStorage\vexrobotics.vexcode\sdk\cpp\V5\V5_20220726_10_00_00/vexv5\libv5rt.a(vex_mevent.cpp.obj)
                0x0380804c                vex::mevent::mevent(unsigned long, unsigned long)
                0x0380804c                vex::mevent::mevent(unsigned long, unsigned long)
 .text._ZN3vex5brain9_getIndexEv
                0x038080bc       0x10 c:\Users\Jayden\AppData\Roaming\Code\User\globalStorage\vexrobotics.vexcode\sdk\cpp\V5\V5_20220726_10_00_00/vexv5\libv5rt.a(vex_brain.cpp.obj)
                0x038080bc                vex::brain::_getIndex()
 .text._ZN3vex5brain3lcd9setCursorEll
                0x038080cc       0x44 c:\Users\Jayden\AppData\Roaming\Code\User\globalStorage\vexrobotics.vexcode\sdk\cpp\V5\V5_20220726_10_00_00/vexv5\libv5rt.a(vex_brain.cpp.obj)
                0x038080cc                vex::brain::lcd::setCursor(long, long)
 .text._ZN3vex5brain3lcd7setFontENS_8fontTypeE
                0x03808110      0x23c c:\Users\Jayden\AppData\Roaming\Code\User\globalStorage\vexrobotics.vexcode\sdk\cpp\V5\V5_20220726_10_00_00/vexv5\libv5rt.a(vex_brain.cpp.obj)
                0x03808110                vex::brain::lcd::setFont(vex::fontType)
 .text._ZN3vex5brain3lcdC2Ev
                0x0380834c       0x94 c:\Users\Jayden\AppData\Roaming\Code\User\globalStorage\vexrobotics.vexcode\sdk\cpp\V5\V5_20220726_10_00_00/vexv5\libv5rt.a(vex_brain.cpp.obj)
                0x0380834c                vex::brain::lcd::lcd()
                0x0380834c                vex::brain::lcd::lcd()
 .text._ZN3vex5brainC2Ev
                0x038083e0       0x3c c:\Users\Jayden\AppData\Roaming\Code\User\globalStorage\vexrobotics.vexcode\sdk\cpp\V5\V5_20220726_10_00_00/vexv5\libv5rt.a(vex_brain.cpp.obj)
                0x038083e0                vex::brain::brain()
                0x038083e0                vex::brain::brain()
 .text._ZN3vex5brain3lcd11setPenWidthEm
                0x0380841c       0x24 c:\Users\Jayden\AppData\Roaming\Code\User\globalStorage\vexrobotics.vexcode\sdk\cpp\V5\V5_20220726_10_00_00/vexv5\libv5rt.a(vex_brain.cpp.obj)
                0x0380841c                vex::brain::lcd::setPenWidth(unsigned long)
 .text._ZN3vex5brain3lcd11setPenColorERKNS_5colorE
                0x03808440       0x14 c:\Users\Jayden\AppData\Roaming\Code\User\globalStorage\vexrobotics.vexcode\sdk\cpp\V5\V5_20220726_10_00_00/vexv5\libv5rt.a(vex_brain.cpp.obj)
                0x03808440                vex::brain::lcd::setPenColor(vex::color const&)
 .text._ZN3vex5brain3lcd12setFillColorERKNS_5colorE
                0x03808454       0x38 c:\Users\Jayden\AppData\Roaming\Code\User\globalStorage\vexrobotics.vexcode\sdk\cpp\V5\V5_20220726_10_00_00/vexv5\libv5rt.a(vex_brain.cpp.obj)
                0x03808454                vex::brain::lcd::setFillColor(vex::color const&)
 .text._ZN3vex5brain3lcd7printAtEllPKcz
                0x0380848c       0x54 c:\Users\Jayden\AppData\Roaming\Code\User\globalStorage\vexrobotics.vexcode\sdk\cpp\V5\V5_20220726_10_00_00/vexv5\libv5rt.a(vex_brain.cpp.obj)
                0x0380848c                vex::brain::lcd::printAt(long, long, char const*, ...)
 .text._ZN3vex5brain3lcd12_clearScreenEm
                0x038084e0       0x38 c:\Users\Jayden\AppData\Roaming\Code\User\globalStorage\vexrobotics.vexcode\sdk\cpp\V5\V5_20220726_10_00_00/vexv5\libv5rt.a(vex_brain.cpp.obj)
                0x038084e0                vex::brain::lcd::_clearScreen(unsigned long)
 .text._ZN3vex5brain3lcd11clearScreenERKNS_5colorE
                0x03808518       0x20 c:\Users\Jayden\AppData\Roaming\Code\User\globalStorage\vexrobotics.vexcode\sdk\cpp\V5\V5_20220726_10_00_00/vexv5\libv5rt.a(vex_brain.cpp.obj)
                0x03808518                vex::brain::lcd::clearScreen(vex::color const&)
 .text._ZN3vex5brain3lcd11clearScreenEv
                0x03808538       0x2c c:\Users\Jayden\AppData\Roaming\Code\User\globalStorage\vexrobotics.vexcode\sdk\cpp\V5\V5_20220726_10_00_00/vexv5\libv5rt.a(vex_brain.cpp.obj)
                0x03808538                vex::brain::lcd::clearScreen()
 .text._ZN3vex5brain3lcd9drawPixelEii
                0x03808564       0x14 c:\Users\Jayden\AppData\Roaming\Code\User\globalStorage\vexrobotics.vexcode\sdk\cpp\V5\V5_20220726_10_00_00/vexv5\libv5rt.a(vex_brain.cpp.obj)
                0x03808564                vex::brain::lcd::drawPixel(int, int)
 .text._ZN3vex5brain3lcd13drawRectangleEiiii
                0x03808578       0xdc c:\Users\Jayden\AppData\Roaming\Code\User\globalStorage\vexrobotics.vexcode\sdk\cpp\V5\V5_20220726_10_00_00/vexv5\libv5rt.a(vex_brain.cpp.obj)
                0x03808578                vex::brain::lcd::drawRectangle(int, int, int, int)
 .text._ZN3vex5brain3lcd14_drawRectangleEiiiim
                0x03808654       0x74 c:\Users\Jayden\AppData\Roaming\Code\User\globalStorage\vexrobotics.vexcode\sdk\cpp\V5\V5_20220726_10_00_00/vexv5\libv5rt.a(vex_brain.cpp.obj)
                0x03808654                vex::brain::lcd::_drawRectangle(int, int, int, int, unsigned long)
 .text._ZN3vex5brain3lcd13drawRectangleEiiiiRKNS_5colorE
                0x038086c8       0x68 c:\Users\Jayden\AppData\Roaming\Code\User\globalStorage\vexrobotics.vexcode\sdk\cpp\V5\V5_20220726_10_00_00/vexv5\libv5rt.a(vex_brain.cpp.obj)
                0x038086c8                vex::brain::lcd::drawRectangle(int, int, int, int, vex::color const&)
 .text._ZN3vex5brain3lcd7newLineEv
                0x03808730       0x20 c:\Users\Jayden\AppData\Roaming\Code\User\globalStorage\vexrobotics.vexcode\sdk\cpp\V5\V5_20220726_10_00_00/vexv5\libv5rt.a(vex_brain.cpp.obj)
                0x03808730                vex::brain::lcd::newLine()
 .text._ZN3vex5brain3lcd9xPositionEv
                0x03808750       0x24 c:\Users\Jayden\AppData\Roaming\Code\User\globalStorage\vexrobotics.vexcode\sdk\cpp\V5\V5_20220726_10_00_00/vexv5\libv5rt.a(vex_brain.cpp.obj)
                0x03808750                vex::brain::lcd::xPosition()
 .text._ZN3vex5brain3lcd9yPositionEv
                0x03808774       0x24 c:\Users\Jayden\AppData\Roaming\Code\User\globalStorage\vexrobotics.vexcode\sdk\cpp\V5\V5_20220726_10_00_00/vexv5\libv5rt.a(vex_brain.cpp.obj)
                0x03808774                vex::brain::lcd::yPosition()
 .text._ZN3vex5brain3lcd8pressingEv
                0x03808798       0x20 c:\Users\Jayden\AppData\Roaming\Code\User\globalStorage\vexrobotics.vexcode\sdk\cpp\V5\V5_20220726_10_00_00/vexv5\libv5rt.a(vex_brain.cpp.obj)
                0x03808798                vex::brain::lcd::pressing()
 .text._ZN3vex5brain3lcd10rowToPixelEl
                0x038087b8       0x34 c:\Users\Jayden\AppData\Roaming\Code\User\globalStorage\vexrobotics.vexcode\sdk\cpp\V5\V5_20220726_10_00_00/vexv5\libv5rt.a(vex_brain.cpp.obj)
                0x038087b8                vex::brain::lcd::rowToPixel(long)
 .text._ZN3vex5brain3lcd5printEPKcz
                0x038087ec       0xb8 c:\Users\Jayden\AppData\Roaming\Code\User\globalStorage\vexrobotics.vexcode\sdk\cpp\V5\V5_20220726_10_00_00/vexv5\libv5rt.a(vex_brain.cpp.obj)
                0x038087ec                vex::brain::lcd::print(char const*, ...)
 *fill*         0x038088a4        0x4 
 .text._ZN3vex5brain3lcd8hueToRgbEm
                0x038088a8       0xe0 c:\Users\Jayden\AppData\Roaming\Code\User\globalStorage\vexrobotics.vexcode\sdk\cpp\V5\V5_20220726_10_00_00/vexv5\libv5rt.a(vex_brain.cpp.obj)
                0x038088a8                vex::brain::lcd::hueToRgb(unsigned long)
 .text._ZN3vex5brain3lcd13drawRectangleEiiiii
                0x03808988       0x54 c:\Users\Jayden\AppData\Roaming\Code\User\globalStorage\vexrobotics.vexcode\sdk\cpp\V5\V5_20220726_10_00_00/vexv5\libv5rt.a(vex_brain.cpp.obj)
                0x03808988                vex::brain::lcd::drawRectangle(int, int, int, int, int)
 .text._ZN3vex5brain7battery8capacityENS_12percentUnitsE
                0x038089dc       0x18 c:\Users\Jayden\AppData\Roaming\Code\User\globalStorage\vexrobotics.vexcode\sdk\cpp\V5\V5_20220726_10_00_00/vexv5\libv5rt.a(vex_brain.cpp.obj)
                0x038089dc                vex::brain::battery::capacity(vex::percentUnits)
 *fill*         0x038089f4        0x4 
 .text._ZN3vex5brain7battery11temperatureENS_16temperatureUnitsE
                0x038089f8       0x40 c:\Users\Jayden\AppData\Roaming\Code\User\globalStorage\vexrobotics.vexcode\sdk\cpp\V5\V5_20220726_10_00_00/vexv5\libv5rt.a(vex_brain.cpp.obj)
                0x038089f8                vex::brain::battery::temperature(vex::temperatureUnits)
 .text._ZN3vex5brain7battery7voltageENS_12voltageUnitsE
                0x03808a38       0x30 c:\Users\Jayden\AppData\Roaming\Code\User\globalStorage\vexrobotics.vexcode\sdk\cpp\V5\V5_20220726_10_00_00/vexv5\libv5rt.a(vex_brain.cpp.obj)
                0x03808a38                vex::brain::battery::voltage(vex::voltageUnits)
 .text._ZN3vex5brain7battery7currentENS_12currentUnitsE
                0x03808a68       0x30 c:\Users\Jayden\AppData\Roaming\Code\User\globalStorage\vexrobotics.vexcode\sdk\cpp\V5\V5_20220726_10_00_00/vexv5\libv5rt.a(vex_brain.cpp.obj)
                0x03808a68                vex::brain::battery::current(vex::currentUnits)
 .text._ZN3vex5brainD2Ev
                0x03808a98       0x20 c:\Users\Jayden\AppData\Roaming\Code\User\globalStorage\vexrobotics.vexcode\sdk\cpp\V5\V5_20220726_10_00_00/vexv5\libv5rt.a(vex_brain.cpp.obj)
                0x03808a98                vex::brain::~brain()
                0x03808a98                vex::brain::~brain()
 .text._ZN3vex11competition8_disableEPv
                0x03808ab8       0xa4 c:\Users\Jayden\AppData\Roaming\Code\User\globalStorage\vexrobotics.vexcode\sdk\cpp\V5\V5_20220726_10_00_00/vexv5\libv5rt.a(vex_competition.cpp.obj)
                0x03808ab8                vex::competition::_disable(void*)
 .text._ZN3vex11competition11_autonomousEv
                0x03808b5c       0x80 c:\Users\Jayden\AppData\Roaming\Code\User\globalStorage\vexrobotics.vexcode\sdk\cpp\V5\V5_20220726_10_00_00/vexv5\libv5rt.a(vex_competition.cpp.obj)
                0x03808b5c                vex::competition::_autonomous()
 .text._ZN3vex11competition14_drivercontrolEv
                0x03808bdc       0x80 c:\Users\Jayden\AppData\Roaming\Code\User\globalStorage\vexrobotics.vexcode\sdk\cpp\V5\V5_20220726_10_00_00/vexv5\libv5rt.a(vex_competition.cpp.obj)
                0x03808bdc                vex::competition::_drivercontrol()
 .text._ZN3vex11competitionC2Ev
                0x03808c5c      0x13c c:\Users\Jayden\AppData\Roaming\Code\User\globalStorage\vexrobotics.vexcode\sdk\cpp\V5\V5_20220726_10_00_00/vexv5\libv5rt.a(vex_competition.cpp.obj)
                0x03808c5c                vex::competition::competition()
                0x03808c5c                vex::competition::competition()
 .text._ZN3vex11competitionD2Ev
                0x03808d98        0x4 c:\Users\Jayden\AppData\Roaming\Code\User\globalStorage\vexrobotics.vexcode\sdk\cpp\V5\V5_20220726_10_00_00/vexv5\libv5rt.a(vex_competition.cpp.obj)
                0x03808d98                vex::competition::~competition()
                0x03808d98                vex::competition::~competition()
 .text._ZN3vex11competition10autonomousEPFvvE
                0x03808d9c       0x44 c:\Users\Jayden\AppData\Roaming\Code\User\globalStorage\vexrobotics.vexcode\sdk\cpp\V5\V5_20220726_10_00_00/vexv5\libv5rt.a(vex_competition.cpp.obj)
                0x03808d9c                vex::competition::autonomous(void (*)())
 .text._ZN3vex11competition13drivercontrolEPFvvE
                0x03808de0       0x44 c:\Users\Jayden\AppData\Roaming\Code\User\globalStorage\vexrobotics.vexcode\sdk\cpp\V5\V5_20220726_10_00_00/vexv5\libv5rt.a(vex_competition.cpp.obj)
                0x03808de0                vex::competition::drivercontrol(void (*)())
 .text._ZN3vex11competition9isEnabledEv
                0x03808e24       0x14 c:\Users\Jayden\AppData\Roaming\Code\User\globalStorage\vexrobotics.vexcode\sdk\cpp\V5\V5_20220726_10_00_00/vexv5\libv5rt.a(vex_competition.cpp.obj)
                0x03808e24                vex::competition::isEnabled()
 .text._ZN3vex11competition15isDriverControlEv
                0x03808e38       0x14 c:\Users\Jayden\AppData\Roaming\Code\User\globalStorage\vexrobotics.vexcode\sdk\cpp\V5\V5_20220726_10_00_00/vexv5\libv5rt.a(vex_competition.cpp.obj)
                0x03808e38                vex::competition::isDriverControl()
 .text._ZN3vex11competition12isAutonomousEv
                0x03808e4c       0x14 c:\Users\Jayden\AppData\Roaming\Code\User\globalStorage\vexrobotics.vexcode\sdk\cpp\V5\V5_20220726_10_00_00/vexv5\libv5rt.a(vex_competition.cpp.obj)
                0x03808e4c                vex::competition::isAutonomous()
 .text._ZN3vex7triportD2Ev
                0x03808e60       0x38 c:\Users\Jayden\AppData\Roaming\Code\User\globalStorage\vexrobotics.vexcode\sdk\cpp\V5\V5_20220726_10_00_00/vexv5\libv5rt.a(vex_triport.cpp.obj)
                0x03808e60                vex::triport::~triport()
                0x03808e60                vex::triport::~triport()
 .text._ZN3vex7triportD0Ev
                0x03808e98       0x1c c:\Users\Jayden\AppData\Roaming\Code\User\globalStorage\vexrobotics.vexcode\sdk\cpp\V5\V5_20220726_10_00_00/vexv5\libv5rt.a(vex_triport.cpp.obj)
                0x03808e98                vex::triport::~triport()
 .text._ZN3vex7triport9installedEv
                0x03808eb4       0x18 c:\Users\Jayden\AppData\Roaming\Code\User\globalStorage\vexrobotics.vexcode\sdk\cpp\V5\V5_20220726_10_00_00/vexv5\libv5rt.a(vex_triport.cpp.obj)
                0x03808eb4                vex::triport::installed()
 .text._ZN3vex7triport4portC2ElPS0_
                0x03808ecc       0x74 c:\Users\Jayden\AppData\Roaming\Code\User\globalStorage\vexrobotics.vexcode\sdk\cpp\V5\V5_20220726_10_00_00/vexv5\libv5rt.a(vex_triport.cpp.obj)
                0x03808ecc                vex::triport::port::port(long, vex::triport*)
                0x03808ecc                vex::triport::port::port(long, vex::triport*)
 .text._ZN3vex7triportC2El
                0x03808f40       0xf0 c:\Users\Jayden\AppData\Roaming\Code\User\globalStorage\vexrobotics.vexcode\sdk\cpp\V5\V5_20220726_10_00_00/vexv5\libv5rt.a(vex_triport.cpp.obj)
                0x03808f40                vex::triport::triport(long)
                0x03808f40                vex::triport::triport(long)
 .text._ZN3vex5colorD2Ev
                0x03809030        0x4 c:\Users\Jayden\AppData\Roaming\Code\User\globalStorage\vexrobotics.vexcode\sdk\cpp\V5\V5_20220726_10_00_00/vexv5\libv5rt.a(vex_color.cpp.obj)
                0x03809030                vex::color::~color()
                0x03809030                vex::color::~color()
 .text._ZN3vex5colorC2Ev
                0x03809034       0x10 c:\Users\Jayden\AppData\Roaming\Code\User\globalStorage\vexrobotics.vexcode\sdk\cpp\V5\V5_20220726_10_00_00/vexv5\libv5rt.a(vex_color.cpp.obj)
                0x03809034                vex::color::color()
                0x03809034                vex::color::color()
 .text._ZN3vex5colorC2Ehhh
                0x03809044       0x1c c:\Users\Jayden\AppData\Roaming\Code\User\globalStorage\vexrobotics.vexcode\sdk\cpp\V5\V5_20220726_10_00_00/vexv5\libv5rt.a(vex_color.cpp.obj)
                0x03809044                vex::color::color(unsigned char, unsigned char, unsigned char)
                0x03809044                vex::color::color(unsigned char, unsigned char, unsigned char)
 .text._ZN3vex5color3rgbEhhh
                0x03809060       0x20 c:\Users\Jayden\AppData\Roaming\Code\User\globalStorage\vexrobotics.vexcode\sdk\cpp\V5\V5_20220726_10_00_00/vexv5\libv5rt.a(vex_color.cpp.obj)
                0x03809060                vex::color::rgb(unsigned char, unsigned char, unsigned char)
 .text._ZNK3vex5colorcvmEv
                0x03809080        0x8 c:\Users\Jayden\AppData\Roaming\Code\User\globalStorage\vexrobotics.vexcode\sdk\cpp\V5\V5_20220726_10_00_00/vexv5\libv5rt.a(vex_color.cpp.obj)
                0x03809080                vex::color::operator unsigned long() const
 .text._ZNK3vex5color13isTransparentEv
                0x03809088        0x8 c:\Users\Jayden\AppData\Roaming\Code\User\globalStorage\vexrobotics.vexcode\sdk\cpp\V5\V5_20220726_10_00_00/vexv5\libv5rt.a(vex_color.cpp.obj)
                0x03809088                vex::color::isTransparent() const
 .text.startup._GLOBAL__sub_I__ZN3vex5color5blackE
                0x03809090      0x164 c:\Users\Jayden\AppData\Roaming\Code\User\globalStorage\vexrobotics.vexcode\sdk\cpp\V5\V5_20220726_10_00_00/vexv5\libv5rt.a(vex_color.cpp.obj)
 .text._ZN3vex5timerD2Ev
                0x038091f4        0x4 c:\Users\Jayden\AppData\Roaming\Code\User\globalStorage\vexrobotics.vexcode\sdk\cpp\V5\V5_20220726_10_00_00/vexv5\libv5rt.a(vex_timer.cpp.obj)
                0x038091f4                vex::timer::~timer()
                0x038091f4                vex::timer::~timer()
 .text._ZN3vex5timer5clearEv
                0x038091f8       0x1c c:\Users\Jayden\AppData\Roaming\Code\User\globalStorage\vexrobotics.vexcode\sdk\cpp\V5\V5_20220726_10_00_00/vexv5\libv5rt.a(vex_timer.cpp.obj)
                0x038091f8                vex::timer::clear()
 .text._ZN3vex5timerC2Ev
                0x03809214       0x14 c:\Users\Jayden\AppData\Roaming\Code\User\globalStorage\vexrobotics.vexcode\sdk\cpp\V5\V5_20220726_10_00_00/vexv5\libv5rt.a(vex_timer.cpp.obj)
                0x03809214                vex::timer::timer()
                0x03809214                vex::timer::timer()
 .text.vexMotorVelocitySet
                0x03809228       0x20 c:\Users\Jayden\AppData\Roaming\Code\User\globalStorage\vexrobotics.vexcode\sdk\cpp\V5\V5_20220726_10_00_00/vexv5\libv5rt.a(v5_apiuser.c.obj)
                0x03809228                vexMotorVelocitySet
 .text.vexMotorActualVelocityGet
                0x03809248       0x24 c:\Users\Jayden\AppData\Roaming\Code\User\globalStorage\vexrobotics.vexcode\sdk\cpp\V5\V5_20220726_10_00_00/vexv5\libv5rt.a(v5_apiuser.c.obj)
                0x03809248                vexMotorActualVelocityGet
 .text.vexMotorCurrentLimitSet
                0x0380926c       0x20 c:\Users\Jayden\AppData\Roaming\Code\User\globalStorage\vexrobotics.vexcode\sdk\cpp\V5\V5_20220726_10_00_00/vexv5\libv5rt.a(v5_apiuser.c.obj)
                0x0380926c                vexMotorCurrentLimitSet
 .text.vexMotorReverseFlagSet
                0x0380928c       0x20 c:\Users\Jayden\AppData\Roaming\Code\User\globalStorage\vexrobotics.vexcode\sdk\cpp\V5\V5_20220726_10_00_00/vexv5\libv5rt.a(v5_apiuser.c.obj)
                0x0380928c                vexMotorReverseFlagSet
 .text.vexMotorBrakeModeSet
                0x038092ac       0x20 c:\Users\Jayden\AppData\Roaming\Code\User\globalStorage\vexrobotics.vexcode\sdk\cpp\V5\V5_20220726_10_00_00/vexv5\libv5rt.a(v5_apiuser.c.obj)
                0x038092ac                vexMotorBrakeModeSet
 .text.vexMotorPositionSet
                0x038092cc       0x28 c:\Users\Jayden\AppData\Roaming\Code\User\globalStorage\vexrobotics.vexcode\sdk\cpp\V5\V5_20220726_10_00_00/vexv5\libv5rt.a(v5_apiuser.c.obj)
                0x038092cc                vexMotorPositionSet
 .text.vexMotorGearingSet
                0x038092f4       0x20 c:\Users\Jayden\AppData\Roaming\Code\User\globalStorage\vexrobotics.vexcode\sdk\cpp\V5\V5_20220726_10_00_00/vexv5\libv5rt.a(v5_apiuser.c.obj)
                0x038092f4                vexMotorGearingSet
 .text.vexMotorGearingGet
                0x03809314       0x18 c:\Users\Jayden\AppData\Roaming\Code\User\globalStorage\vexrobotics.vexcode\sdk\cpp\V5\V5_20220726_10_00_00/vexv5\libv5rt.a(v5_apiuser.c.obj)
                0x03809314                vexMotorGearingGet
 .text.vexDistanceDistanceGet
                0x0380932c       0x10 c:\Users\Jayden\AppData\Roaming\Code\User\globalStorage\vexrobotics.vexcode\sdk\cpp\V5\V5_20220726_10_00_00/vexv5\libv5rt.a(v5_apiuser.c.obj)
                0x0380932c                vexDistanceDistanceGet
 .text.vexEventMaskSet
                0x0380933c       0x28 c:\Users\Jayden\AppData\Roaming\Code\User\globalStorage\vexrobotics.vexcode\sdk\cpp\V5\V5_20220726_10_00_00/vexv5\libv5rt.a(v5_apiuser.c.obj)
                0x0380933c                vexEventMaskSet
 .text.vexEventMaskGet
                0x03809364       0x18 c:\Users\Jayden\AppData\Roaming\Code\User\globalStorage\vexrobotics.vexcode\sdk\cpp\V5\V5_20220726_10_00_00/vexv5\libv5rt.a(v5_apiuser.c.obj)
                0x03809364                vexEventMaskGet
 .text._ZN3vex6deviceD2Ev
                0x0380937c        0x4 c:\Users\Jayden\AppData\Roaming\Code\User\globalStorage\vexrobotics.vexcode\sdk\cpp\V5\V5_20220726_10_00_00/vexv5\libv5rt.a(vex_device.cpp.obj)
                0x0380937c                vex::device::~device()
                0x0380937c                vex::device::~device()
 .text._ZN3vex6device5valueEv
                0x03809380        0x8 c:\Users\Jayden\AppData\Roaming\Code\User\globalStorage\vexrobotics.vexcode\sdk\cpp\V5\V5_20220726_10_00_00/vexv5\libv5rt.a(vex_device.cpp.obj)
                0x03809380                vex::device::value()
 .text._ZN3vex6deviceD0Ev
                0x03809388       0x14 c:\Users\Jayden\AppData\Roaming\Code\User\globalStorage\vexrobotics.vexcode\sdk\cpp\V5\V5_20220726_10_00_00/vexv5\libv5rt.a(vex_device.cpp.obj)
                0x03809388                vex::device::~device()
 .text._ZN3vex6device4initEl
                0x0380939c       0x30 c:\Users\Jayden\AppData\Roaming\Code\User\globalStorage\vexrobotics.vexcode\sdk\cpp\V5\V5_20220726_10_00_00/vexv5\libv5rt.a(vex_device.cpp.obj)
                0x0380939c                vex::device::init(long)
 .text._ZN3vex6deviceC2El
                0x038093cc       0x20 c:\Users\Jayden\AppData\Roaming\Code\User\globalStorage\vexrobotics.vexcode\sdk\cpp\V5\V5_20220726_10_00_00/vexv5\libv5rt.a(vex_device.cpp.obj)
                0x038093cc                vex::device::device(long)
                0x038093cc                vex::device::device(long)
 .text._ZN3vex6device4typeEv
                0x038093ec       0x10 c:\Users\Jayden\AppData\Roaming\Code\User\globalStorage\vexrobotics.vexcode\sdk\cpp\V5\V5_20220726_10_00_00/vexv5\libv5rt.a(vex_device.cpp.obj)
                0x038093ec                vex::device::type()
 .text._ZN3vex6device9installedEv
                0x038093fc       0x14 c:\Users\Jayden\AppData\Roaming\Code\User\globalStorage\vexrobotics.vexcode\sdk\cpp\V5\V5_20220726_10_00_00/vexv5\libv5rt.a(vex_device.cpp.obj)
                0x038093fc                vex::device::installed()
 .text.__aeabi_memcpy
                0x03809410        0x4 c:\Users\Jayden\AppData\Roaming\Code\User\globalStorage\vexrobotics.vexcode\sdk\cpp\V5\V5_20220726_10_00_00/vexv5/gcc/libs\libc.a(lib_a-aeabi_memcpy.o)
                0x03809410                __aeabi_memcpy
                0x03809410                __aeabi_memcpy8
                0x03809410                __aeabi_memcpy4
 .text.__libc_fini_array
                0x03809414       0x30 c:\Users\Jayden\AppData\Roaming\Code\User\globalStorage\vexrobotics.vexcode\sdk\cpp\V5\V5_20220726_10_00_00/vexv5/gcc/libs\libc.a(lib_a-fini.o)
                0x03809414                __libc_fini_array
 .text.__libc_init_array
                0x03809444       0x58 c:\Users\Jayden\AppData\Roaming\Code\User\globalStorage\vexrobotics.vexcode\sdk\cpp\V5\V5_20220726_10_00_00/vexv5/gcc/libs\libc.a(lib_a-init.o)
                0x03809444                __libc_init_array
 .text.ispunct  0x0380949c       0x14 c:\Users\Jayden\AppData\Roaming\Code\User\globalStorage\vexrobotics.vexcode\sdk\cpp\V5\V5_20220726_10_00_00/vexv5/gcc/libs\libc.a(lib_a-ispunct.o)
                0x0380949c                ispunct
 .text.memcpy   0x038094b0       0xa8 c:\Users\Jayden\AppData\Roaming\Code\User\globalStorage\vexrobotics.vexcode\sdk\cpp\V5\V5_20220726_10_00_00/vexv5/gcc/libs\libc.a(lib_a-memcpy.o)
                0x038094b0                memcpy
 .text.memcpy.__stub
                0x03809558       0x18 linker stubs
 *(.gnu.linkonce.t.*)
 *(.plt)
 *(.gnu_warning)
 *(.gcc_except_table)
 *(.glue_7)
 .glue_7        0x00000000        0x0 linker stubs
 *(.glue_7t)
 .glue_7t       0x00000000        0x0 linker stubs
 *(.vfp11_veneer)
 .vfp11_veneer  0x00000000        0x0 linker stubs
 *(.ARM.extab)
 *(.gnu.linkonce.armextab.*)

.v4_bx          0x03809570        0x0
 .v4_bx         0x00000000        0x0 linker stubs

.iplt           0x03809570        0x0
 .iplt          0x00000000        0x0 build/src/main.o

.init
 *(.init)

.fini
 *(.fini)

.rodata         0x03809570     0x3035
                0x03809570                __rodata_start = .
 *(.rodata)
 *(.rodata.*)
 .rodata.str1.1
                0x03809570      0x1d9 build/src/main.o
 .rodata.str1.1
                0x03809749       0x4e build/evAPI/vexUI/src/UserInterface.o
                                 0x59 (size before relaxing)
 *fill*         0x03809797        0x1 
 .rodata..Lconstinit
                0x03809798      0x4c9 build/evAPI/vexUI/src/UserInterface.o
 *fill*         0x03809c61        0x7 
 .rodata..Lconstinit.150
                0x03809c68      0x4c9 build/evAPI/vexUI/src/UserInterface.o
 *fill*         0x0380a131        0x7 
 .rodata..Lconstinit.151
                0x0380a138      0x4c9 build/evAPI/vexUI/src/UserInterface.o
 *fill*         0x0380a601        0x7 
 .rodata..Lconstinit.152
                0x0380a608      0x4c9 build/evAPI/vexUI/src/UserInterface.o
 *fill*         0x0380aad1        0x7 
 .rodata..Lconstinit.153
                0x0380aad8      0x4c9 build/evAPI/vexUI/src/UserInterface.o
 *fill*         0x0380afa1        0x7 
 .rodata..Lconstinit.154
                0x0380afa8      0x4c9 build/evAPI/vexUI/src/UserInterface.o
 *fill*         0x0380b471        0x7 
 .rodata..Lconstinit.155
                0x0380b478      0x4c9 build/evAPI/vexUI/src/UserInterface.o
 *fill*         0x0380b941        0x7 
 .rodata..Lconstinit.156
                0x0380b948      0x4c9 build/evAPI/vexUI/src/UserInterface.o
 *fill*         0x0380be11        0x7 
 .rodata..Lconstinit.157
                0x0380be18      0x4c9 build/evAPI/vexUI/src/UserInterface.o
 .rodata.str1.1
                0x0380c2e1       0x2e c:\Users\Jayden\AppData\Roaming\Code\User\globalStorage\vexrobotics.vexcode\sdk\cpp\V5\V5_20220726_10_00_00/vexv5\libv5rt.a(v5_startup.c.obj)
 *fill*         0x0380c30f        0x1 
 .rodata._ZN3vex6PORT20E
                0x0380c310        0x4 c:\Users\Jayden\AppData\Roaming\Code\User\globalStorage\vexrobotics.vexcode\sdk\cpp\V5\V5_20220726_10_00_00/vexv5\libv5rt.a(vex_global.cpp.obj)
                0x0380c310                vex::PORT20
 .rodata._ZN3vex3fwdE
                0x0380c314        0x4 c:\Users\Jayden\AppData\Roaming\Code\User\globalStorage\vexrobotics.vexcode\sdk\cpp\V5\V5_20220726_10_00_00/vexv5\libv5rt.a(vex_global.cpp.obj)
                0x0380c314                vex::fwd
 .rodata._ZN3vex5PORT3E
                0x0380c318        0x4 c:\Users\Jayden\AppData\Roaming\Code\User\globalStorage\vexrobotics.vexcode\sdk\cpp\V5\V5_20220726_10_00_00/vexv5\libv5rt.a(vex_global.cpp.obj)
                0x0380c318                vex::PORT3
 .rodata._ZN3vex5PORT1E
                0x0380c31c        0x4 c:\Users\Jayden\AppData\Roaming\Code\User\globalStorage\vexrobotics.vexcode\sdk\cpp\V5\V5_20220726_10_00_00/vexv5\libv5rt.a(vex_global.cpp.obj)
                0x0380c31c                vex::PORT1
 .rodata._ZN3vex7reverseE
                0x0380c320        0x4 c:\Users\Jayden\AppData\Roaming\Code\User\globalStorage\vexrobotics.vexcode\sdk\cpp\V5\V5_20220726_10_00_00/vexv5\libv5rt.a(vex_global.cpp.obj)
                0x0380c320                vex::reverse
 .rodata._ZN3vex4voltE
                0x0380c324        0x4 c:\Users\Jayden\AppData\Roaming\Code\User\globalStorage\vexrobotics.vexcode\sdk\cpp\V5\V5_20220726_10_00_00/vexv5\libv5rt.a(vex_global.cpp.obj)
                0x0380c324                vex::volt
 .rodata._ZN3vex3ampE
                0x0380c328        0x4 c:\Users\Jayden\AppData\Roaming\Code\User\globalStorage\vexrobotics.vexcode\sdk\cpp\V5\V5_20220726_10_00_00/vexv5\libv5rt.a(vex_global.cpp.obj)
                0x0380c328                vex::amp
 .rodata._ZN3vex6PORT10E
                0x0380c32c        0x4 c:\Users\Jayden\AppData\Roaming\Code\User\globalStorage\vexrobotics.vexcode\sdk\cpp\V5\V5_20220726_10_00_00/vexv5\libv5rt.a(vex_global.cpp.obj)
                0x0380c32c                vex::PORT10
 .rodata._ZN3vex5PORT5E
                0x0380c330        0x4 c:\Users\Jayden\AppData\Roaming\Code\User\globalStorage\vexrobotics.vexcode\sdk\cpp\V5\V5_20220726_10_00_00/vexv5\libv5rt.a(vex_global.cpp.obj)
                0x0380c330                vex::PORT5
 .rodata._ZN3vex11transparentE
                0x0380c334        0x4 c:\Users\Jayden\AppData\Roaming\Code\User\globalStorage\vexrobotics.vexcode\sdk\cpp\V5\V5_20220726_10_00_00/vexv5\libv5rt.a(vex_global.cpp.obj)
                0x0380c334                vex::transparent
 .rodata._ZN3vex6PORT14E
                0x0380c338        0x4 c:\Users\Jayden\AppData\Roaming\Code\User\globalStorage\vexrobotics.vexcode\sdk\cpp\V5\V5_20220726_10_00_00/vexv5\libv5rt.a(vex_global.cpp.obj)
                0x0380c338                vex::PORT14
 .rodata._ZN3vex5whiteE
                0x0380c33c        0x4 c:\Users\Jayden\AppData\Roaming\Code\User\globalStorage\vexrobotics.vexcode\sdk\cpp\V5\V5_20220726_10_00_00/vexv5\libv5rt.a(vex_global.cpp.obj)
                0x0380c33c                vex::white
 .rodata._ZN3vex3pctE
                0x0380c340        0x4 c:\Users\Jayden\AppData\Roaming\Code\User\globalStorage\vexrobotics.vexcode\sdk\cpp\V5\V5_20220726_10_00_00/vexv5\libv5rt.a(vex_global.cpp.obj)
                0x0380c340                vex::pct
 .rodata._ZN3vex3redE
                0x0380c344        0x4 c:\Users\Jayden\AppData\Roaming\Code\User\globalStorage\vexrobotics.vexcode\sdk\cpp\V5\V5_20220726_10_00_00/vexv5\libv5rt.a(vex_global.cpp.obj)
                0x0380c344                vex::red
 .rodata._ZN3vex5blackE
                0x0380c348        0x4 c:\Users\Jayden\AppData\Roaming\Code\User\globalStorage\vexrobotics.vexcode\sdk\cpp\V5\V5_20220726_10_00_00/vexv5\libv5rt.a(vex_global.cpp.obj)
                0x0380c348                vex::black
 .rodata._ZN3vex6PORT18E
                0x0380c34c        0x4 c:\Users\Jayden\AppData\Roaming\Code\User\globalStorage\vexrobotics.vexcode\sdk\cpp\V5\V5_20220726_10_00_00/vexv5\libv5rt.a(vex_global.cpp.obj)
                0x0380c34c                vex::PORT18
 .rodata._ZN3vex4blueE
                0x0380c350        0x4 c:\Users\Jayden\AppData\Roaming\Code\User\globalStorage\vexrobotics.vexcode\sdk\cpp\V5\V5_20220726_10_00_00/vexv5\libv5rt.a(vex_global.cpp.obj)
                0x0380c350                vex::blue
 .rodata._ZN3vex5PORT9E
                0x0380c354        0x4 c:\Users\Jayden\AppData\Roaming\Code\User\globalStorage\vexrobotics.vexcode\sdk\cpp\V5\V5_20220726_10_00_00/vexv5\libv5rt.a(vex_global.cpp.obj)
                0x0380c354                vex::PORT9
 .rodata._ZN3vex6PORT21E
                0x0380c358        0x4 c:\Users\Jayden\AppData\Roaming\Code\User\globalStorage\vexrobotics.vexcode\sdk\cpp\V5\V5_20220726_10_00_00/vexv5\libv5rt.a(vex_global.cpp.obj)
                0x0380c358                vex::PORT21
 .rodata._ZN3vex6mono20E
                0x0380c35c        0x4 c:\Users\Jayden\AppData\Roaming\Code\User\globalStorage\vexrobotics.vexcode\sdk\cpp\V5\V5_20220726_10_00_00/vexv5\libv5rt.a(vex_global.cpp.obj)
                0x0380c35c                vex::mono20
 .rodata._ZN3vex5PORT2E
                0x0380c360        0x4 c:\Users\Jayden\AppData\Roaming\Code\User\globalStorage\vexrobotics.vexcode\sdk\cpp\V5\V5_20220726_10_00_00/vexv5\libv5rt.a(vex_global.cpp.obj)
                0x0380c360                vex::PORT2
 .rodata._ZN3vex6PORT11E
                0x0380c364        0x4 c:\Users\Jayden\AppData\Roaming\Code\User\globalStorage\vexrobotics.vexcode\sdk\cpp\V5\V5_20220726_10_00_00/vexv5\libv5rt.a(vex_global.cpp.obj)
                0x0380c364                vex::PORT11
 .rodata._ZN3vex5PORT6E
                0x0380c368        0x4 c:\Users\Jayden\AppData\Roaming\Code\User\globalStorage\vexrobotics.vexcode\sdk\cpp\V5\V5_20220726_10_00_00/vexv5\libv5rt.a(vex_global.cpp.obj)
                0x0380c368                vex::PORT6
 .rodata._ZN3vex7primaryE
                0x0380c36c        0x4 c:\Users\Jayden\AppData\Roaming\Code\User\globalStorage\vexrobotics.vexcode\sdk\cpp\V5\V5_20220726_10_00_00/vexv5\libv5rt.a(vex_global.cpp.obj)
                0x0380c36c                vex::primary
 .rodata._ZN3vex7percentE
                0x0380c370        0x4 c:\Users\Jayden\AppData\Roaming\Code\User\globalStorage\vexrobotics.vexcode\sdk\cpp\V5\V5_20220726_10_00_00/vexv5\libv5rt.a(vex_global.cpp.obj)
                0x0380c370                vex::percent
 .rodata._ZN3vex6PORT15E
                0x0380c374        0x4 c:\Users\Jayden\AppData\Roaming\Code\User\globalStorage\vexrobotics.vexcode\sdk\cpp\V5\V5_20220726_10_00_00/vexv5\libv5rt.a(vex_global.cpp.obj)
                0x0380c374                vex::PORT15
 .rodata._ZN3vex6PORT19E
                0x0380c378        0x4 c:\Users\Jayden\AppData\Roaming\Code\User\globalStorage\vexrobotics.vexcode\sdk\cpp\V5\V5_20220726_10_00_00/vexv5\libv5rt.a(vex_global.cpp.obj)
                0x0380c378                vex::PORT19
 .rodata._ZN3vex6PORT22E
                0x0380c37c        0x4 c:\Users\Jayden\AppData\Roaming\Code\User\globalStorage\vexrobotics.vexcode\sdk\cpp\V5\V5_20220726_10_00_00/vexv5\libv5rt.a(vex_global.cpp.obj)
                0x0380c37c                vex::PORT22
 .rodata._ZN3vex7partnerE
                0x0380c380        0x4 c:\Users\Jayden\AppData\Roaming\Code\User\globalStorage\vexrobotics.vexcode\sdk\cpp\V5\V5_20220726_10_00_00/vexv5\libv5rt.a(vex_global.cpp.obj)
                0x0380c380                vex::partner
 .rodata._ZN3vex6PORT12E
                0x0380c384        0x4 c:\Users\Jayden\AppData\Roaming\Code\User\globalStorage\vexrobotics.vexcode\sdk\cpp\V5\V5_20220726_10_00_00/vexv5\libv5rt.a(vex_global.cpp.obj)
                0x0380c384                vex::PORT12
 .rodata._ZN3vex5PORT7E
                0x0380c388        0x4 c:\Users\Jayden\AppData\Roaming\Code\User\globalStorage\vexrobotics.vexcode\sdk\cpp\V5\V5_20220726_10_00_00/vexv5\libv5rt.a(vex_global.cpp.obj)
                0x0380c388                vex::PORT7
 .rodata._ZN3vex4leftE
                0x0380c38c        0x4 c:\Users\Jayden\AppData\Roaming\Code\User\globalStorage\vexrobotics.vexcode\sdk\cpp\V5\V5_20220726_10_00_00/vexv5\libv5rt.a(vex_global.cpp.obj)
                0x0380c38c                vex::left
 .rodata._ZN3vex6PORT16E
                0x0380c390        0x4 c:\Users\Jayden\AppData\Roaming\Code\User\globalStorage\vexrobotics.vexcode\sdk\cpp\V5\V5_20220726_10_00_00/vexv5\libv5rt.a(vex_global.cpp.obj)
                0x0380c390                vex::PORT16
 .rodata._ZN3vex2mmE
                0x0380c394        0x4 c:\Users\Jayden\AppData\Roaming\Code\User\globalStorage\vexrobotics.vexcode\sdk\cpp\V5\V5_20220726_10_00_00/vexv5\libv5rt.a(vex_global.cpp.obj)
                0x0380c394                vex::mm
 .rodata._ZN3vex6mono60E
                0x0380c398        0x4 c:\Users\Jayden\AppData\Roaming\Code\User\globalStorage\vexrobotics.vexcode\sdk\cpp\V5\V5_20220726_10_00_00/vexv5\libv5rt.a(vex_global.cpp.obj)
                0x0380c398                vex::mono60
 .rodata._ZN3vex5PORT4E
                0x0380c39c        0x4 c:\Users\Jayden\AppData\Roaming\Code\User\globalStorage\vexrobotics.vexcode\sdk\cpp\V5\V5_20220726_10_00_00/vexv5\libv5rt.a(vex_global.cpp.obj)
                0x0380c39c                vex::PORT4
 .rodata._ZN3vex6PORT13E
                0x0380c3a0        0x4 c:\Users\Jayden\AppData\Roaming\Code\User\globalStorage\vexrobotics.vexcode\sdk\cpp\V5\V5_20220726_10_00_00/vexv5\libv5rt.a(vex_global.cpp.obj)
                0x0380c3a0                vex::PORT13
 .rodata._ZN3vex5PORT8E
                0x0380c3a4        0x4 c:\Users\Jayden\AppData\Roaming\Code\User\globalStorage\vexrobotics.vexcode\sdk\cpp\V5\V5_20220726_10_00_00/vexv5\libv5rt.a(vex_global.cpp.obj)
                0x0380c3a4                vex::PORT8
 .rodata._ZN3vex6PORT17E
                0x0380c3a8        0x4 c:\Users\Jayden\AppData\Roaming\Code\User\globalStorage\vexrobotics.vexcode\sdk\cpp\V5\V5_20220726_10_00_00/vexv5\libv5rt.a(vex_global.cpp.obj)
                0x0380c3a8                vex::PORT17
 *fill*         0x0380c3ac        0x4 
 .rodata._ZTVN3vex5motorE
                0x0380c3b0       0x18 c:\Users\Jayden\AppData\Roaming\Code\User\globalStorage\vexrobotics.vexcode\sdk\cpp\V5\V5_20220726_10_00_00/vexv5\libv5rt.a(vex_motor.cpp.obj)
                0x0380c3b0                vtable for vex::motor
 .rodata._ZTVN3vex8distanceE
                0x0380c3c8       0x18 c:\Users\Jayden\AppData\Roaming\Code\User\globalStorage\vexrobotics.vexcode\sdk\cpp\V5\V5_20220726_10_00_00/vexv5\libv5rt.a(vex_distance.cpp.obj)
                0x0380c3c8                vtable for vex::distance
 .rodata.str1.1
                0x0380c3e0       0x1f c:\Users\Jayden\AppData\Roaming\Code\User\globalStorage\vexrobotics.vexcode\sdk\cpp\V5\V5_20220726_10_00_00/vexv5\libv5rt.a(vex_controller.cpp.obj)
                                 0x20 (size before relaxing)
 .rodata.CSWTCH.16
                0x0380c3ff        0xb c:\Users\Jayden\AppData\Roaming\Code\User\globalStorage\vexrobotics.vexcode\sdk\cpp\V5\V5_20220726_10_00_00/vexv5\libv5rt.a(vex_controller.cpp.obj)
 .rodata.CSWTCH.18
                0x0380c40a        0xb c:\Users\Jayden\AppData\Roaming\Code\User\globalStorage\vexrobotics.vexcode\sdk\cpp\V5\V5_20220726_10_00_00/vexv5\libv5rt.a(vex_controller.cpp.obj)
 .rodata.CSWTCH.24
                0x0380c415        0x3 c:\Users\Jayden\AppData\Roaming\Code\User\globalStorage\vexrobotics.vexcode\sdk\cpp\V5\V5_20220726_10_00_00/vexv5\libv5rt.a(vex_controller.cpp.obj)
 .rodata.str1.1
                0x0380c418       0x14 c:\Users\Jayden\AppData\Roaming\Code\User\globalStorage\vexrobotics.vexcode\sdk\cpp\V5\V5_20220726_10_00_00/vexv5\libv5rt.a(vex_task.cpp.obj)
 .rodata.str1.1
                0x0380c42c       0x14 c:\Users\Jayden\AppData\Roaming\Code\User\globalStorage\vexrobotics.vexcode\sdk\cpp\V5\V5_20220726_10_00_00/vexv5\libv5rt.a(vex_thread.cpp.obj)
 .rodata.str1.1
                0x0380c440       0x2b c:\Users\Jayden\AppData\Roaming\Code\User\globalStorage\vexrobotics.vexcode\sdk\cpp\V5\V5_20220726_10_00_00/vexv5\libv5rt.a(vex_brain.cpp.obj)
                                 0x2d (size before relaxing)
 *fill*         0x0380c46b        0x5 
 .rodata._ZTVN3vex7triportE
                0x0380c470       0x18 c:\Users\Jayden\AppData\Roaming\Code\User\globalStorage\vexrobotics.vexcode\sdk\cpp\V5\V5_20220726_10_00_00/vexv5\libv5rt.a(vex_triport.cpp.obj)
                0x0380c470                vtable for vex::triport
 .rodata._ZTVN3vex6deviceE
                0x0380c488       0x18 c:\Users\Jayden\AppData\Roaming\Code\User\globalStorage\vexrobotics.vexcode\sdk\cpp\V5\V5_20220726_10_00_00/vexv5\libv5rt.a(vex_device.cpp.obj)
                0x0380c488                vtable for vex::device
 .rodata.str1.4
                0x0380c4a0        0x4 c:\Users\Jayden\AppData\Roaming\Code\User\globalStorage\vexrobotics.vexcode\sdk\cpp\V5\V5_20220726_10_00_00/vexv5/gcc/libs\libc.a(lib_a-impure.o)
                                  0x2 (size before relaxing)
 .rodata._ctype_
                0x0380c4a4      0x101 c:\Users\Jayden\AppData\Roaming\Code\User\globalStorage\vexrobotics.vexcode\sdk\cpp\V5\V5_20220726_10_00_00/vexv5/gcc/libs\libc.a(lib_a-ctype_.o)
                0x0380c4a4                _ctype_
 *(.gnu.linkonce.r.*)
                0x0380c5a5                __rodata_end = .

.rodata1        0x0380c5a5        0x0
                0x0380c5a5                __rodata1_start = .
 *(.rodata1)
 *(.rodata1.*)
                0x0380c5a5                __rodata1_end = .

.sdata2         0x0380c5a5        0x0
                0x0380c5a5                __sdata2_start = .
 *(.sdata2)
 *(.sdata2.*)
 *(.gnu.linkonce.s2.*)
                0x0380c5a5                __sdata2_end = .

.sbss2          0x0380c5a5        0x0
                0x0380c5a5                __sbss2_start = .
 *(.sbss2)
 *(.sbss2.*)
 *(.gnu.linkonce.sb2.*)
                0x0380c5a5                __sbss2_end = .

.data           0x0380c5a8      0xdd0
                0x0380c5a8                __data_start = .
 *(.data)
 *(.data.*)
 .data.flywheelShootingMode
                0x0380c5a8        0x1 build/src/main.o
                0x0380c5a8                flywheelShootingMode
 .data._ZN5evAPI6ArrowsE
                0x0380c5a9      0x992 build/evAPI/vexUI/src/UserInterface.o
                0x0380c5a9                evAPI::Arrows
 *fill*         0x0380cf3b        0x1 
 .data.appRunning
                0x0380cf3c        0x4 c:\Users\Jayden\AppData\Roaming\Code\User\globalStorage\vexrobotics.vexcode\sdk\cpp\V5\V5_20220726_10_00_00/vexv5\libv5rt.a(v5_startup.c.obj)
                0x0380cf3c                appRunning
 .data.__yoff   0x0380cf40        0x4 c:\Users\Jayden\AppData\Roaming\Code\User\globalStorage\vexrobotics.vexcode\sdk\cpp\V5\V5_20220726_10_00_00/vexv5\libv5rt.a(v5_apijump.c.obj)
 .data._ZN3vex24__default_motor_velocityE
                0x0380cf44        0x4 c:\Users\Jayden\AppData\Roaming\Code\User\globalStorage\vexrobotics.vexcode\sdk\cpp\V5\V5_20220726_10_00_00/vexv5\libv5rt.a(vex_motor.cpp.obj)
                0x0380cf44                vex::__default_motor_velocity
 .data.impure_data
                0x0380cf48      0x428 c:\Users\Jayden\AppData\Roaming\Code\User\globalStorage\vexrobotics.vexcode\sdk\cpp\V5\V5_20220726_10_00_00/vexv5/gcc/libs\libc.a(lib_a-impure.o)