Archive member included because of file (symbol)

c:\Users\Jayden\AppData\Roaming\Code\User\globalStorage\vexrobotics.vexcode\sdk\cpp\V5\V5_20220726_10_00_00/vexv5\libv5rt.a(v5_startup.c.obj)
                              (vexStartup)
c:\Users\Jayden\AppData\Roaming\Code\User\globalStorage\vexrobotics.vexcode\sdk\cpp\V5\V5_20220726_10_00_00/vexv5\libv5rt.a(v5_util.c.obj)
                              c:\Users\Jayden\AppData\Roaming\Code\User\globalStorage\vexrobotics.vexcode\sdk\cpp\V5\V5_20220726_10_00_00/vexv5\libv5rt.a(v5_startup.c.obj) (vexStdlibVersionLinked)
c:\Users\Jayden\AppData\Roaming\Code\User\globalStorage\vexrobotics.vexcode\sdk\cpp\V5\V5_20220726_10_00_00/vexv5\libv5rt.a(v5_apijump.c.obj)
                              c:\Users\Jayden\AppData\Roaming\Code\User\globalStorage\vexrobotics.vexcode\sdk\cpp\V5\V5_20220726_10_00_00/vexv5\libv5rt.a(v5_startup.c.obj) (vexPrivateApiEnable)
c:\Users\Jayden\AppData\Roaming\Code\User\globalStorage\vexrobotics.vexcode\sdk\cpp\V5\V5_20220726_10_00_00/vexv5\libv5rt.a(v5_apiversions.c.obj)
                              c:\Users\Jayden\AppData\Roaming\Code\User\globalStorage\vexrobotics.vexcode\sdk\cpp\V5\V5_20220726_10_00_00/vexv5\libv5rt.a(v5_apijump.c.obj) (vexSystemVersion)
c:\Users\Jayden\AppData\Roaming\Code\User\globalStorage\vexrobotics.vexcode\sdk\cpp\V5\V5_20220726_10_00_00/vexv5\libv5rt.a(vex_global.cpp.obj)
                              build/evAPI/vexUI/src/UserInterface.o (vex::mono60)
c:\Users\Jayden\AppData\Roaming\Code\User\globalStorage\vexrobotics.vexcode\sdk\cpp\V5\V5_20220726_10_00_00/vexv5\libv5rt.a(vex_motor.cpp.obj)
                              build/evAPI/robotControl/Drivetrain/src/setup.o (vex::motor::setReversed(bool))
c:\Users\Jayden\AppData\Roaming\Code\User\globalStorage\vexrobotics.vexcode\sdk\cpp\V5\V5_20220726_10_00_00/vexv5\libv5rt.a(vex_imu.cpp.obj)
                              build/src/main.o (vex::inertial::setRotation(double, vex::rotationUnits))
c:\Users\Jayden\AppData\Roaming\Code\User\globalStorage\vexrobotics.vexcode\sdk\cpp\V5\V5_20220726_10_00_00/vexv5\libv5rt.a(vex_rotation.cpp.obj)
                              build/evAPI/robotControl/Drivetrain/src/setup.o (vex::rotation::rotation(long, bool))
c:\Users\Jayden\AppData\Roaming\Code\User\globalStorage\vexrobotics.vexcode\sdk\cpp\V5\V5_20220726_10_00_00/vexv5\libv5rt.a(vex_distance.cpp.obj)
                              build/src/robot-config.o (vex::distance::~distance())
c:\Users\Jayden\AppData\Roaming\Code\User\globalStorage\vexrobotics.vexcode\sdk\cpp\V5\V5_20220726_10_00_00/vexv5\libv5rt.a(vex_controller.cpp.obj)
                              build/evAPI/Common/src/Controllers.o (vex::controller::~controller())
c:\Users\Jayden\AppData\Roaming\Code\User\globalStorage\vexrobotics.vexcode\sdk\cpp\V5\V5_20220726_10_00_00/vexv5\libv5rt.a(vex_task.cpp.obj)
                              build/src/main.o (vex::task::sleep(unsigned long))
c:\Users\Jayden\AppData\Roaming\Code\User\globalStorage\vexrobotics.vexcode\sdk\cpp\V5\V5_20220726_10_00_00/vexv5\libv5rt.a(vex_thread.cpp.obj)
                              build/evAPI/vexUI/src/UserInterface.o (vex::thread::thread(int (*)()))
c:\Users\Jayden\AppData\Roaming\Code\User\globalStorage\vexrobotics.vexcode\sdk\cpp\V5\V5_20220726_10_00_00/vexv5\libv5rt.a(vex_event.cpp.obj)
                              c:\Users\Jayden\AppData\Roaming\Code\User\globalStorage\vexrobotics.vexcode\sdk\cpp\V5\V5_20220726_10_00_00/vexv5\libv5rt.a(vex_imu.cpp.obj) (vex::event::init(unsigned long, unsigned long, void (*)()))
c:\Users\Jayden\AppData\Roaming\Code\User\globalStorage\vexrobotics.vexcode\sdk\cpp\V5\V5_20220726_10_00_00/vexv5\libv5rt.a(vex_mevent.cpp.obj)
                              c:\Users\Jayden\AppData\Roaming\Code\User\globalStorage\vexrobotics.vexcode\sdk\cpp\V5\V5_20220726_10_00_00/vexv5\libv5rt.a(vex_controller.cpp.obj) (vex::mevent::mevent(unsigned long, unsigned long))
c:\Users\Jayden\AppData\Roaming\Code\User\globalStorage\vexrobotics.vexcode\sdk\cpp\V5\V5_20220726_10_00_00/vexv5\libv5rt.a(vex_brain.cpp.obj)
                              build/evAPI/vexUI/src/UserInterface.o (vex::brain::lcd::setCursor(long, long))
c:\Users\Jayden\AppData\Roaming\Code\User\globalStorage\vexrobotics.vexcode\sdk\cpp\V5\V5_20220726_10_00_00/vexv5\libv5rt.a(vex_competition.cpp.obj)
                              build/src/main.o (vex::competition::competition())
c:\Users\Jayden\AppData\Roaming\Code\User\globalStorage\vexrobotics.vexcode\sdk\cpp\V5\V5_20220726_10_00_00/vexv5\libv5rt.a(vex_triport.cpp.obj)
                              c:\Users\Jayden\AppData\Roaming\Code\User\globalStorage\vexrobotics.vexcode\sdk\cpp\V5\V5_20220726_10_00_00/vexv5\libv5rt.a(vex_brain.cpp.obj) (vex::triport::~triport())
c:\Users\Jayden\AppData\Roaming\Code\User\globalStorage\vexrobotics.vexcode\sdk\cpp\V5\V5_20220726_10_00_00/vexv5\libv5rt.a(vex_color.cpp.obj)
                              build/src/main.o (vex::color::~color())
[...]
Memory Configuration

Name             Origin             Length             Attributes
ps7_ddr_0_S_AXI_BASEADDR 0x03800000         0x04800000
*default*        0x00000000         0xffffffff

Linker script and memory map

                0x00002000                _STACK_SIZE = DEFINED (_STACK_SIZE)?_STACK_SIZE:0x2000
                0x00100000                _HEAP_SIZE = DEFINED (_HEAP_SIZE)?_HEAP_SIZE:0x100000
                0x00000400                _ABORT_STACK_SIZE = DEFINED (_ABORT_STACK_SIZE)?_ABORT_STACK_SIZE:0x400
                0x00000800                _SUPERVISOR_STACK_SIZE = DEFINED (_SUPERVISOR_STACK_SIZE)?_SUPERVISOR_STACK_SIZE:0x800
                0x00000400                _IRQ_STACK_SIZE = DEFINED (_IRQ_STACK_SIZE)?_IRQ_STACK_SIZE:0x400
                0x00000400                _FIQ_STACK_SIZE = DEFINED (_FIQ_STACK_SIZE)?_FIQ_STACK_SIZE:0x400
                0x00000400                _UNDEF_STACK_SIZE = DEFINED (_UNDEF_STACK_SIZE)?_UNDEF_STACK_SIZE:0x400

.text           0x03800000     0xa0f8
 *(.vectors)
 *(.boot_data)
 .boot_data     0x03800000       0x20 c:\Users\Jayden\AppData\Roaming\Code\User\globalStorage\vexrobotics.vexcode\sdk\cpp\V5\V5_20220726_10_00_00/vexv5\libv5rt.a(v5_startup.c.obj)
                0x03800000                vexCodeSig
                0x00000020                . = 0x20
 *(.boot)
 .boot          0x03800020       0xbc c:\Users\Jayden\AppData\Roaming\Code\User\globalStorage\vexrobotics.vexcode\sdk\cpp\V5\V5_20220726_10_00_00/vexv5\libv5rt.a(v5_startup.c.obj)
                0x03800020                vexStartup
                0x03800100                . = ALIGN (0x40)
 *fill*         0x038000dc       0x24 
 *(.freertos_vectors)
 *(.text)
 *(.text.*)
 .text._Z9pre_autonv
                0x03800100      0x428 build/src/main.o
                0x03800100                pre_auton()
 .text._Z10autonomousv
                0x03800528       0xa8 build/src/main.o
                0x03800528                autonomous()
 .text._Z11usercontrolv
                0x038005d0      0x388 build/src/main.o
                0x038005d0                usercontrol()
 .text.main     0x03800958      0x108 build/src/main.o
                0x03800958                main
 .text._GLOBAL__sub_I_main.cpp
                0x03800a60     0x1904 build/src/main.o
 .text._Z11vexcodeInitv
                0x03802364        0x4 build/src/robot-config.o
                0x03802364                vexcodeInit()
 .text._GLOBAL__sub_I_robot_config.cpp
                0x03802368       0xec build/src/robot-config.o
 .text._GLOBAL__sub_I_Controllers.cpp
                0x03802454       0x74 build/evAPI/Common/src/Controllers.o
 .text._ZN5evAPI5drive14spinLeftMotorsEi
                0x038024c8      0x1ac build/evAPI/robotControl/Drivetrain/src/motorControl.o
                0x038024c8                evAPI::drive::spinLeftMotors(int)
 .text._ZN5evAPI5drive14stopLeftMotorsEN3vex9brakeTypeE
                0x03802674       0xb8 build/evAPI/robotControl/Drivetrain/src/motorControl.o
                0x03802674                evAPI::drive::stopLeftMotors(vex::brakeType)
 .text._ZN5evAPI5drive15spinRightMotorsEi
                0x0380272c      0x1ac build/evAPI/robotControl/Drivetrain/src/motorControl.o
                0x0380272c                evAPI::drive::spinRightMotors(int)
 .text._ZN5evAPI5drive15stopRightMotorsEN3vex9brakeTypeE
                0x038028d8       0xb8 build/evAPI/robotControl/Drivetrain/src/motorControl.o
                0x038028d8                evAPI::drive::stopRightMotors(vex::brakeType)
 .text._ZN5evAPI5driveC2Ev
                0x03802990       0x70 build/evAPI/robotControl/Drivetrain/src/Drive.o
                0x03802990                evAPI::drive::drive()
                0x03802990                evAPI::drive::drive()
 .text._ZN5evAPI5drive9stopRobotEN3vex9brakeTypeE
                0x03802a00       0x24 build/evAPI/robotControl/Drivetrain/src/Drive.o
                0x03802a00                evAPI::drive::stopRobot(vex::brakeType)
 .text._ZN5evAPI5drive15controllerDriveEv
                0x03802a24      0x1ac build/evAPI/robotControl/Drivetrain/src/Drive.o
                0x03802a24                evAPI::drive::controllerDrive()
 .text._ZN5evAPI5drive10setGearboxEN3vex11gearSettingE
                0x03802bd0        0x8 build/evAPI/robotControl/Drivetrain/src/setup.o
                0x03802bd0                evAPI::drive::setGearbox(vex::gearSetting)
 .text._ZN5evAPI5drive13leftPortSetupEii
                0x03802bd8       0x58 build/evAPI/robotControl/Drivetrain/src/setup.o
                0x03802bd8                evAPI::drive::leftPortSetup(int, int)
 .text._ZN5evAPI5drive14rightPortSetupEii
                0x03802c30       0x50 build/evAPI/robotControl/Drivetrain/src/setup.o
                0x03802c30                evAPI::drive::rightPortSetup(int, int)
 .text._ZN5evAPI5drive16leftReverseSetupEii
                0x03802c80       0x38 build/evAPI/robotControl/Drivetrain/src/setup.o
                0x03802c80                evAPI::drive::leftReverseSetup(int, int)
 .text._ZN5evAPI5drive17rightReverseSetupEii
                0x03802cb8       0x38 build/evAPI/robotControl/Drivetrain/src/setup.o
                0x03802cb8                evAPI::drive::rightReverseSetup(int, int)
 .text._ZN5evAPI5drive14setControlTypeENS_9driveModeENS_12joystickTypeE
                0x03802cf0        0xc build/evAPI/robotControl/Drivetrain/src/setup.o
                0x03802cf0                evAPI::drive::setControlType(evAPI::driveMode, evAPI::joystickType)
 .text._ZN5evAPI5drive11setBaseTypeENS_13driveBaseTypeE
                0x03802cfc        0x8 build/evAPI/robotControl/Drivetrain/src/setup.o
                0x03802cfc                evAPI::drive::setBaseType(evAPI::driveBaseType)
 .text._ZN5evAPI5drive18setGeneralHandicapEd
                0x03802d04       0x10 build/evAPI/robotControl/Drivetrain/src/setup.o
                0x03802d04                evAPI::drive::setGeneralHandicap(double)
 .text._ZN5evAPI5drive18setTurningHandicapEd
                0x03802d14       0x10 build/evAPI/robotControl/Drivetrain/src/setup.o
                0x03802d14                evAPI::drive::setTurningHandicap(double)
 .text._GLOBAL__sub_I_setup.cpp
                0x03802d24      0x188 build/evAPI/robotControl/Drivetrain/src/setup.o
 .text._ZN5evAPI8flywheelC2Ev
                0x03802eac        0xc build/evAPI/robotControl/Flywheel/src/Flywheel.o
                0x03802eac                evAPI::flywheel::flywheel()
                0x03802eac                evAPI::flywheel::flywheel()
 .text._ZN5evAPI8flywheel13flywheelSetupEllbb
                0x03802eb8       0x5c build/evAPI/robotControl/Flywheel/src/Flywheel.o
                0x03802eb8                evAPI::flywheel::flywheelSetup(long, long, bool, bool)
 .text._ZN5evAPI8flywheelD2Ev
                0x03802f14       0x4c build/evAPI/robotControl/Flywheel/src/Flywheel.o
                0x03802f14                evAPI::flywheel::~flywheel()
                0x03802f14                evAPI::flywheel::~flywheel()
 .text._ZN5evAPI8flywheel11setVelocityEdN3vex12percentUnitsE
                0x03802f60       0x54 build/evAPI/robotControl/Flywheel/src/Flywheel.o
                0x03802f60                evAPI::flywheel::setVelocity(double, vex::percentUnits)
 .text._ZN5evAPI8flywheel4spinEN3vex13directionTypeEdNS1_12percentUnitsE
                0x03802fb4       0x60 build/evAPI/robotControl/Flywheel/src/Flywheel.o
                0x03802fb4                evAPI::flywheel::spin(vex::directionType, double, vex::percentUnits)
 .text._ZN5evAPI8flywheel12setMaxTorqueEdN3vex12percentUnitsE
                0x03803014       0x54 build/evAPI/robotControl/Flywheel/src/Flywheel.o
                0x03803014                evAPI::flywheel::setMaxTorque(double, vex::percentUnits)
 .text._GLOBAL__sub_I_Flywheel.cpp
                0x03803068      0x188 build/evAPI/robotControl/Flywheel/src/Flywheel.o
 .text._ZN5evAPI6intakeC2Ev
                0x038031f0        0xc build/evAPI/robotControl/Intake/src/Intake.o
                0x038031f0                evAPI::intake::intake()
                0x038031f0                evAPI::intake::intake()
 .text._ZN5evAPI6intake11intakeSetupEllbb
                0x038031fc       0x5c build/evAPI/robotControl/Intake/src/Intake.o
                0x038031fc                evAPI::intake::intakeSetup(long, long, bool, bool)
 .text._ZN5evAPI6intakeD2Ev
                0x03803258       0x4c build/evAPI/robotControl/Intake/src/Intake.o
                0x03803258                evAPI::intake::~intake()
                0x03803258                evAPI::intake::~intake()
 .text._ZN5evAPI6intake11setVelocityEdN3vex12percentUnitsE
                0x038032a4       0x54 build/evAPI/robotControl/Intake/src/Intake.o
                0x038032a4                evAPI::intake::setVelocity(double, vex::percentUnits)
 .text._ZN5evAPI6intake4spinEN3vex13directionTypeEdNS1_12percentUnitsE
                0x038032f8       0x60 build/evAPI/robotControl/Intake/src/Intake.o
                0x038032f8                evAPI::intake::spin(vex::directionType, double, vex::percentUnits)
 .text._ZN5evAPI6intake4stopEv
                0x03803358       0x30 build/evAPI/robotControl/Intake/src/Intake.o
                0x03803358                evAPI::intake::stop()
 .text._ZN5evAPI6intake12setMaxTorqueEdN3vex12percentUnitsE
                0x03803388       0x54 build/evAPI/robotControl/Intake/src/Intake.o
                0x03803388                evAPI::intake::setMaxTorque(double, vex::percentUnits)
 .text._GLOBAL__sub_I_Intake.cpp
                0x038033dc      0x188 build/evAPI/robotControl/Intake/src/Intake.o
 .text._ZN5evAPI6buttonC2EiPi
                0x03803564       0x48 build/evAPI/vexUI/src/button.o
                0x03803564                evAPI::button::button(int, int*)
                0x03803564                evAPI::button::button(int, int*)
 .text._ZN5evAPI6button12setIconArrayEPA35_b
                0x038035ac        0x8 build/evAPI/vexUI/src/button.o
                0x038035ac                evAPI::button::setIconArray(bool (*) [35])
 .text._ZN5evAPI6button10drawButtonEv
                0x038035b4       0x4c build/evAPI/vexUI/src/button.o
                0x038035b4                evAPI::button::drawButton()
 .text._ZN5evAPI6button10drawButtonEN3vex5colorE
                0x03803600       0x40 build/evAPI/vexUI/src/button.o
                0x03803600                evAPI::button::drawButton(vex::color)
 .text._ZN5evAPI6button10drawButtonEN3vex5colorEi
                0x03803640       0x3c build/evAPI/vexUI/src/button.o
                0x03803640                evAPI::button::drawButton(vex::color, int)
 .text._ZN5evAPI6button8setColorEiii
                0x0380367c       0x50 build/evAPI/vexUI/src/button.o
                0x0380367c                evAPI::button::setColor(int, int, int)
 .text._ZN5evAPI6button8setColorEN3vex5colorE
                0x038036cc       0x48 build/evAPI/vexUI/src/button.o
                0x038036cc                evAPI::button::setColor(vex::color)
 .text._ZN5evAPI6button7setDimsEiiii
                0x03803714       0x44 build/evAPI/vexUI/src/button.o
                0x03803714                evAPI::button::setDims(int, int, int, int)
 .text._ZN5evAPI6button7pressedEii
                0x03803758       0x6c build/evAPI/vexUI/src/button.o
                0x03803758                evAPI::button::pressed(int, int)
 .text._ZN5evAPI6button8setTitleEPKc
                0x038037c4       0x40 build/evAPI/vexUI/src/button.o
                0x038037c4                evAPI::button::setTitle(char const*)
 .text._ZN5evAPI6button14setDescriptionEPKc
                0x03803804       0x40 build/evAPI/vexUI/src/button.o
                0x03803804                evAPI::button::setDescription(char const*)
 .text._ZN5evAPI6button8getTitleEi
                0x03803844        0xc build/evAPI/vexUI/src/button.o
                0x03803844                evAPI::button::getTitle(int)
 .text._ZN5evAPI6button14getDescriptionEi
                0x03803850        0xc build/evAPI/vexUI/src/button.o
                0x03803850                evAPI::button::getDescription(int)
 .text._ZN5evAPI6button14getTitleLengthEv
                0x0380385c        0x8 build/evAPI/vexUI/src/button.o
                0x0380385c                evAPI::button::getTitleLength()
 .text._ZN5evAPI6button20getDescriptionLengthEv
                0x03803864        0x8 build/evAPI/vexUI/src/button.o
                0x03803864                evAPI::button::getDescriptionLength()
 .text._ZN5evAPI6button17setButtonAllianceENS_12allianceTypeE
                0x0380386c        0x8 build/evAPI/vexUI/src/button.o
                0x0380386c                evAPI::button::setButtonAlliance(evAPI::allianceType)
 .text._ZN5evAPI6goodUID2Ev
                0x03803874       0x54 build/evAPI/vexUI/src/UserInterface.o
                0x03803874                evAPI::goodUI::~goodUI()
 .text._ZN5evAPI16UIControllerFuncEv
                0x038038c8       0x40 build/evAPI/vexUI/src/UserInterface.o
                0x038038c8                evAPI::UIControllerFunc()
 .text._ZN5evAPI6goodUI23drawControllerGraphDataEv
                0x03803908      0x540 build/evAPI/vexUI/src/UserInterface.o
                0x03803908                evAPI::goodUI::drawControllerGraphData()
 .text._ZN5evAPI11UIBrainFuncEv
                0x03803e48      0x108 build/evAPI/vexUI/src/UserInterface.o
                0x03803e48                evAPI::UIBrainFunc()
 .text._ZN5evAPI6goodUI10pressCheckEv
                0x03803f50       0x4c build/evAPI/vexUI/src/UserInterface.o
                0x03803f50                evAPI::goodUI::pressCheck()
 *fill*         0x03803f9c        0x4 
 .text._ZN5evAPI6goodUI18drawBrainGraphDataEv
                0x03803fa0      0x240 build/evAPI/vexUI/src/UserInterface.o
                0x03803fa0                evAPI::goodUI::drawBrainGraphData()
 .text._ZN5evAPI6goodUI17printArrowButtonsEv
                0x038041e0      0x274 build/evAPI/vexUI/src/UserInterface.o
                0x038041e0                evAPI::goodUI::printArrowButtons()
 .text._ZN5evAPI6goodUI12printButtonsEv
                0x03804454       0xd4 build/evAPI/vexUI/src/UserInterface.o
                0x03804454                evAPI::goodUI::printButtons()
 .text._ZN5evAPI6goodUI12setDebugModeEb
                0x03804528        0x8 build/evAPI/vexUI/src/UserInterface.o
                0x03804528                evAPI::goodUI::setDebugMode(bool)
 .text._ZN5evAPI6goodUI14startUIThreadsEv
                0x03804530       0x40 build/evAPI/vexUI/src/UserInterface.o
                0x03804530                evAPI::goodUI::startUIThreads()
 .text._ZN5evAPI6goodUIC2Ev
                0x03804570      0x278 build/evAPI/vexUI/src/UserInterface.o
                0x03804570                evAPI::goodUI::goodUI()
                0x03804570                evAPI::goodUI::goodUI()
 .text._ZN5evAPI6goodUI13addButtonCoreEi
                0x038047e8       0xbc build/evAPI/vexUI/src/UserInterface.o
                0x038047e8                evAPI::goodUI::addButtonCore(int)
 .text._ZN5evAPI6goodUI9addButtonEiN3vex5colorE
                0x038048a4       0x4c build/evAPI/vexUI/src/UserInterface.o
                0x038048a4                evAPI::goodUI::addButton(int, vex::color)
 .text._ZN5evAPI6goodUI9addButtonEiNS_12allianceTypeE
                0x038048f0       0xc0 build/evAPI/vexUI/src/UserInterface.o
                0x038048f0                evAPI::goodUI::addButton(int, evAPI::allianceType)
 .text._ZN5evAPI6goodUI7addIconEiPA35_b
                0x038049b0       0x2c build/evAPI/vexUI/src/UserInterface.o
                0x038049b0                evAPI::goodUI::addIcon(int, bool (*) [35])
 .text._ZN5evAPI6goodUI8addTitleEiPKc
                0x038049dc       0x2c build/evAPI/vexUI/src/UserInterface.o
                0x038049dc                evAPI::goodUI::addTitle(int, char const*)
 .text._ZN5evAPI6goodUI14addDescriptionEiPKc
                0x03804a08       0x2c build/evAPI/vexUI/src/UserInterface.o
                0x03804a08                evAPI::goodUI::addDescription(int, char const*)
 .text._ZN5evAPI6goodUI8addBlankEv
                0x03804a34       0x38 build/evAPI/vexUI/src/UserInterface.o
                0x03804a34                evAPI::goodUI::addBlank()
 .text._ZN5evAPI6goodUI13getProgNumberEv
                0x03804a6c        0x8 build/evAPI/vexUI/src/UserInterface.o
                0x03804a6c                evAPI::goodUI::getProgNumber()
 .text._ZN5evAPI6goodUI7pressedEv
                0x03804a74      0x264 build/evAPI/vexUI/src/UserInterface.o
                0x03804a74                evAPI::goodUI::pressed()
 .text._ZN5evAPI6goodUI17displayButtonNameEv
                0x03804cd8      0x3f4 build/evAPI/vexUI/src/UserInterface.o
                0x03804cd8                evAPI::goodUI::displayButtonName()
 .text._ZN5evAPI6goodUI12selectButtonEib
                0x038050cc       0x28 build/evAPI/vexUI/src/UserInterface.o
                0x038050cc                evAPI::goodUI::selectButton(int, bool)
 .text._ZN5evAPI6goodUI14setDisplayTimeEi
                0x038050f4        0x8 build/evAPI/vexUI/src/UserInterface.o
                0x038050f4                evAPI::goodUI::setDisplayTime(int)
 .text._ZN5evAPI6goodUI22setDefaultReadOutColorEN3vex5colorE
                0x038050fc       0x14 build/evAPI/vexUI/src/UserInterface.o
                0x038050fc                evAPI::goodUI::setDefaultReadOutColor(vex::color)
 .text._ZN5evAPI6goodUI18createBrainReadOutEPKcRi
                0x03805110       0x3c build/evAPI/vexUI/src/UserInterface.o
                0x03805110                evAPI::goodUI::createBrainReadOut(char const*, int&)
 .text._ZN5evAPI6goodUI18createBrainReadOutEPKcRiN3vex5colorE
                0x0380514c       0xd0 build/evAPI/vexUI/src/UserInterface.o
                0x0380514c                evAPI::goodUI::createBrainReadOut(char const*, int&, vex::color)
 .text._ZN5evAPI6goodUI18createBrainReadOutEPKcRd
                0x0380521c       0x3c build/evAPI/vexUI/src/UserInterface.o
                0x0380521c                evAPI::goodUI::createBrainReadOut(char const*, double&)
 .text._ZN5evAPI6goodUI18createBrainReadOutEPKcRdN3vex5colorE
                0x03805258       0xd0 build/evAPI/vexUI/src/UserInterface.o
                0x03805258                evAPI::goodUI::createBrainReadOut(char const*, double&, vex::color)
 .text._ZN5evAPI6goodUI23createControllerReadOutEPKc
                0x03805328       0xa8 build/evAPI/vexUI/src/UserInterface.o
                0x03805328                evAPI::goodUI::createControllerReadOut(char const*)
 .text._ZN5evAPI6goodUI23createControllerReadOutEPKcRi
                0x038053d0       0xac build/evAPI/vexUI/src/UserInterface.o
                0x038053d0                evAPI::goodUI::createControllerReadOut(char const*, int&)
 .text._GLOBAL__sub_I_UserInterface.cpp
                0x0380547c     0x187c build/evAPI/vexUI/src/UserInterface.o
 .text._ZN5evAPI4icon12setIconArrayEPA35_b
                0x03806cf8       0x3c build/evAPI/vexUI/src/icon.o
                0x03806cf8                evAPI::icon::setIconArray(bool (*) [35])
 .text._ZN5evAPI4icon13setButtonSizeEiiii
                0x03806d34       0x18 build/evAPI/vexUI/src/icon.o
                0x03806d34                evAPI::icon::setButtonSize(int, int, int, int)
 .text._ZN5evAPI4icon9printIconEN3vex5colorEi
                0x03806d4c      0x270 build/evAPI/vexUI/src/icon.o
                0x03806d4c                evAPI::icon::printIcon(vex::color, int)
 .text._ZN5evAPI4icon8setColorEN3vex5colorE
                0x03806fbc       0x14 build/evAPI/vexUI/src/icon.o
                0x03806fbc                evAPI::icon::setColor(vex::color)
 .text.vexMain  0x03806fd0       0xb0 c:\Users\Jayden\AppData\Roaming\Code\User\globalStorage\vexrobotics.vexcode\sdk\cpp\V5\V5_20220726_10_00_00/vexv5\libv5rt.a(v5_startup.c.obj)
                0x03806fd0                vexMain
 .text.__vex_function_prolog
                0x03807080       0x18 c:\Users\Jayden\AppData\Roaming\Code\User\globalStorage\vexrobotics.vexcode\sdk\cpp\V5\V5_20220726_10_00_00/vexv5\libv5rt.a(v5_startup.c.obj)
                0x03807080                __vex_function_prolog
 .text._init    0x03807098        0x4 c:\Users\Jayden\AppData\Roaming\Code\User\globalStorage\vexrobotics.vexcode\sdk\cpp\V5\V5_20220726_10_00_00/vexv5\libv5rt.a(v5_startup.c.obj)
                0x03807098                _init
 .text._fini    0x0380709c        0x4 c:\Users\Jayden\AppData\Roaming\Code\User\globalStorage\vexrobotics.vexcode\sdk\cpp\V5\V5_20220726_10_00_00/vexv5\libv5rt.a(v5_startup.c.obj)
                0x0380709c                _fini
 .text.vexStdlibVersionLinked
                0x038070a0        0xc c:\Users\Jayden\AppData\Roaming\Code\User\globalStorage\vexrobotics.vexcode\sdk\cpp\V5\V5_20220726_10_00_00/vexv5\libv5rt.a(v5_util.c.obj)
                0x038070a0                vexStdlibVersionLinked
 .text.vexStdlibVersionVerify
                0x038070ac       0x30 c:\Users\Jayden\AppData\Roaming\Code\User\globalStorage\vexrobotics.vexcode\sdk\cpp\V5\V5_20220726_10_00_00/vexv5\libv5rt.a(v5_util.c.obj)
                0x038070ac                vexStdlibVersionVerify
 .text.vexPrivateApiEnable
                0x038070dc       0x10 c:\Users\Jayden\AppData\Roaming\Code\User\globalStorage\vexrobotics.vexcode\sdk\cpp\V5\V5_20220726_10_00_00/vexv5\libv5rt.a(v5_apijump.c.obj)
                0x038070dc                vexPrivateApiEnable
 .text.vexStdlibMismatchError
                0x038070ec       0x3c c:\Users\Jayden\AppData\Roaming\Code\User\globalStorage\vexrobotics.vexcode\sdk\cpp\V5\V5_20220726_10_00_00/vexv5\libv5rt.a(v5_apijump.c.obj)
                0x038070ec                vexStdlibMismatchError
 .text.vexTaskAdd
                0x03807128       0x10 c:\Users\Jayden\AppData\Roaming\Code\User\globalStorage\vexrobotics.vexcode\sdk\cpp\V5\V5_20220726_10_00_00/vexv5\libv5rt.a(v5_apijump.c.obj)
                0x03807128                vexTaskAdd
 .text.vexTasksRun
                0x03807138       0x10 c:\Users\Jayden\AppData\Roaming\Code\User\globalStorage\vexrobotics.vexcode\sdk\cpp\V5\V5_20220726_10_00_00/vexv5\libv5rt.a(v5_apijump.c.obj)
                0x03807138                vexTasksRun
 .text.vexTaskYield
                0x03807148       0x10 c:\Users\Jayden\AppData\Roaming\Code\User\globalStorage\vexrobotics.vexcode\sdk\cpp\V5\V5_20220726_10_00_00/vexv5\libv5rt.a(v5_apijump.c.obj)
                0x03807148                vexTaskYield
 .text.vexTaskCheckTimeslice
                0x03807158       0x10 c:\Users\Jayden\AppData\Roaming\Code\User\globalStorage\vexrobotics.vexcode\sdk\cpp\V5\V5_20220726_10_00_00/vexv5\libv5rt.a(v5_apijump.c.obj)
                0x03807158                vexTaskCheckTimeslice
 .text.vexTaskSleep
                0x03807168       0x10 c:\Users\Jayden\AppData\Roaming\Code\User\globalStorage\vexrobotics.vexcode\sdk\cpp\V5\V5_20220726_10_00_00/vexv5\libv5rt.a(v5_apijump.c.obj)
                0x03807168                vexTaskSleep
 .text.vexTasksDump
                0x03807178       0x1c c:\Users\Jayden\AppData\Roaming\Code\User\globalStorage\vexrobotics.vexcode\sdk\cpp\V5\V5_20220726_10_00_00/vexv5\libv5rt.a(v5_apijump.c.obj)
                0x03807178                vexTasksDump
 .text.vexTaskGetTaskIndex
                0x03807194       0x10 c:\Users\Jayden\AppData\Roaming\Code\User\globalStorage\vexrobotics.vexcode\sdk\cpp\V5\V5_20220726_10_00_00/vexv5\libv5rt.a(v5_apijump.c.obj)
                0x03807194                vexTaskGetTaskIndex
 .text.vexTaskStopAll
                0x038071a4       0x10 c:\Users\Jayden\AppData\Roaming\Code\User\globalStorage\vexrobotics.vexcode\sdk\cpp\V5\V5_20220726_10_00_00/vexv5\libv5rt.a(v5_apijump.c.obj)
                0x038071a4                vexTaskStopAll
 .text.vexTaskRemoveAllUser
                0x038071b4       0x34 c:\Users\Jayden\AppData\Roaming\Code\User\globalStorage\vexrobotics.vexcode\sdk\cpp\V5\V5_20220726_10_00_00/vexv5\libv5rt.a(v5_apijump.c.obj)
                0x038071b4                vexTaskRemoveAllUser
 .text.vexTaskCompletionIdSet
                0x038071e8       0x10 c:\Users\Jayden\AppData\Roaming\Code\User\globalStorage\vexrobotics.vexcode\sdk\cpp\V5\V5_20220726_10_00_00/vexv5\libv5rt.a(v5_apijump.c.obj)
                0x038071e8                vexTaskCompletionIdSet
 .text.vexTaskStopWithId
                0x038071f8       0x10 c:\Users\Jayden\AppData\Roaming\Code\User\globalStorage\vexrobotics.vexcode\sdk\cpp\V5\V5_20220726_10_00_00/vexv5\libv5rt.a(v5_apijump.c.obj)
                0x038071f8                vexTaskStopWithId
 .text.vexEventAdd
                0x03807208       0x34 c:\Users\Jayden\AppData\Roaming\Code\User\globalStorage\vexrobotics.vexcode\sdk\cpp\V5\V5_20220726_10_00_00/vexv5\libv5rt.a(v5_apijump.c.obj)
                0x03807208                vexEventAdd
 .text.vexEventUserIndexGet
                0x0380723c       0x1c c:\Users\Jayden\AppData\Roaming\Code\User\globalStorage\vexrobotics.vexcode\sdk\cpp\V5\V5_20220726_10_00_00/vexv5\libv5rt.a(v5_apijump.c.obj)
                0x0380723c                vexEventUserIndexGet
 .text.vexEventAddWithArg
                0x03807258       0x3c c:\Users\Jayden\AppData\Roaming\Code\User\globalStorage\vexrobotics.vexcode\sdk\cpp\V5\V5_20220726_10_00_00/vexv5\libv5rt.a(v5_apijump.c.obj)
                0x03807258                vexEventAddWithArg
 .text.vexEventsCleanup
                0x03807294       0x2c c:\Users\Jayden\AppData\Roaming\Code\User\globalStorage\vexrobotics.vexcode\sdk\cpp\V5\V5_20220726_10_00_00/vexv5\libv5rt.a(v5_apijump.c.obj)
                0x03807294                vexEventsCleanup
 .text.vexDebug
                0x038072c0       0x38 c:\Users\Jayden\AppData\Roaming\Code\User\globalStorage\vexrobotics.vexcode\sdk\cpp\V5\V5_20220726_10_00_00/vexv5\libv5rt.a(v5_apijump.c.obj)
                0x038072c0                vexDebug
 .text.vex_sprintf
                0x038072f8       0x40 c:\Users\Jayden\AppData\Roaming\Code\User\globalStorage\vexrobotics.vexcode\sdk\cpp\V5\V5_20220726_10_00_00/vexv5\libv5rt.a(v5_apijump.c.obj)
                0x038072f8                vex_sprintf
 .text.vex_vsnprintf
                0x03807338       0x3c c:\Users\Jayden\AppData\Roaming\Code\User\globalStorage\vexrobotics.vexcode\sdk\cpp\V5\V5_20220726_10_00_00/vexv5\libv5rt.a(v5_apijump.c.obj)
                0x03807338                vex_vsnprintf
 .text.vexSystemTimeGet
                0x03807374       0x1c c:\Users\Jayden\AppData\Roaming\Code\User\globalStorage\vexrobotics.vexcode\sdk\cpp\V5\V5_20220726_10_00_00/vexv5\libv5rt.a(v5_apijump.c.obj)
                0x03807374                vexSystemTimeGet
 .text.vexSystemExitRequest
                0x03807390       0x1c c:\Users\Jayden\AppData\Roaming\Code\User\globalStorage\vexrobotics.vexcode\sdk\cpp\V5\V5_20220726_10_00_00/vexv5\libv5rt.a(v5_apijump.c.obj)
                0x03807390                vexSystemExitRequest
 .text.vexDeviceGetByIndex
                0x038073ac       0x24 c:\Users\Jayden\AppData\Roaming\Code\User\globalStorage\vexrobotics.vexcode\sdk\cpp\V5\V5_20220726_10_00_00/vexv5\libv5rt.a(v5_apijump.c.obj)
                0x038073ac                vexDeviceGetByIndex
 .text.vexControllerGet
                0x038073d0       0x2c c:\Users\Jayden\AppData\Roaming\Code\User\globalStorage\vexrobotics.vexcode\sdk\cpp\V5\V5_20220726_10_00_00/vexv5\libv5rt.a(v5_apijump.c.obj)
                0x038073d0                vexControllerGet
 .text.vexControllerTextSet
                0x038073fc       0x74 c:\Users\Jayden\AppData\Roaming\Code\User\globalStorage\vexrobotics.vexcode\sdk\cpp\V5\V5_20220726_10_00_00/vexv5\libv5rt.a(v5_apijump.c.obj)
                0x038073fc                vexControllerTextSet
 .text.vexDeviceAdiPortConfigSet
                0x03807470       0x34 c:\Users\Jayden\AppData\Roaming\Code\User\globalStorage\vexrobotics.vexcode\sdk\cpp\V5\V5_20220726_10_00_00/vexv5\libv5rt.a(v5_apijump.c.obj)
                0x03807470                vexDeviceAdiPortConfigSet
 .text.vexDeviceAdiPortConfigGet
                0x038074a4       0x2c c:\Users\Jayden\AppData\Roaming\Code\User\globalStorage\vexrobotics.vexcode\sdk\cpp\V5\V5_20220726_10_00_00/vexv5\libv5rt.a(v5_apijump.c.obj)
                0x038074a4                vexDeviceAdiPortConfigGet
 .text.vexDeviceAdiValueSet
                0x038074d0       0x34 c:\Users\Jayden\AppData\Roaming\Code\User\globalStorage\vexrobotics.vexcode\sdk\cpp\V5\V5_20220726_10_00_00/vexv5\libv5rt.a(v5_apijump.c.obj)
                0x038074d0                vexDeviceAdiValueSet
 .text.vexDeviceMotorVelocitySet
                0x03807504       0x2c c:\Users\Jayden\AppData\Roaming\Code\User\globalStorage\vexrobotics.vexcode\sdk\cpp\V5\V5_20220726_10_00_00/vexv5\libv5rt.a(v5_apijump.c.obj)
                0x03807504                vexDeviceMotorVelocitySet
 .text.vexDeviceMotorActualVelocityGet
                0x03807530       0x24 c:\Users\Jayden\AppData\Roaming\Code\User\globalStorage\vexrobotics.vexcode\sdk\cpp\V5\V5_20220726_10_00_00/vexv5\libv5rt.a(v5_apijump.c.obj)
                0x03807530                vexDeviceMotorActualVelocityGet
 .text.vexDeviceMotorCurrentLimitSet
                0x03807554       0x2c c:\Users\Jayden\AppData\Roaming\Code\User\globalStorage\vexrobotics.vexcode\sdk\cpp\V5\V5_20220726_10_00_00/vexv5\libv5rt.a(v5_apijump.c.obj)
                0x03807554                vexDeviceMotorCurrentLimitSet
 .text.vexDeviceMotorReverseFlagSet
                0x03807580       0x2c c:\Users\Jayden\AppData\Roaming\Code\User\globalStorage\vexrobotics.vexcode\sdk\cpp\V5\V5_20220726_10_00_00/vexv5\libv5rt.a(v5_apijump.c.obj)
                0x03807580                vexDeviceMotorReverseFlagSet
 .text.vexDeviceMotorBrakeModeSet
                0x038075ac       0x2c c:\Users\Jayden\AppData\Roaming\Code\User\globalStorage\vexrobotics.vexcode\sdk\cpp\V5\V5_20220726_10_00_00/vexv5\libv5rt.a(v5_apijump.c.obj)
                0x038075ac                vexDeviceMotorBrakeModeSet
 .text.vexDeviceMotorPositionSet
                0x038075d8       0x34 c:\Users\Jayden\AppData\Roaming\Code\User\globalStorage\vexrobotics.vexcode\sdk\cpp\V5\V5_20220726_10_00_00/vexv5\libv5rt.a(v5_apijump.c.obj)
                0x038075d8                vexDeviceMotorPositionSet
 .text.vexDeviceMotorGearingSet
                0x0380760c       0x2c c:\Users\Jayden\AppData\Roaming\Code\User\globalStorage\vexrobotics.vexcode\sdk\cpp\V5\V5_20220726_10_00_00/vexv5\libv5rt.a(v5_apijump.c.obj)
                0x0380760c                vexDeviceMotorGearingSet
 .text.vexDeviceMotorGearingGet
                0x03807638       0x24 c:\Users\Jayden\AppData\Roaming\Code\User\globalStorage\vexrobotics.vexcode\sdk\cpp\V5\V5_20220726_10_00_00/vexv5\libv5rt.a(v5_apijump.c.obj)
                0x03807638                vexDeviceMotorGearingGet
 .text.vexDeviceImuReset
                0x0380765c       0x24 c:\Users\Jayden\AppData\Roaming\Code\User\globalStorage\vexrobotics.vexcode\sdk\cpp\V5\V5_20220726_10_00_00/vexv5\libv5rt.a(v5_apijump.c.obj)
                0x0380765c                vexDeviceImuReset
 .text.vexDeviceImuHeadingGet
                0x03807680       0x24 c:\Users\Jayden\AppData\Roaming\Code\User\globalStorage\vexrobotics.vexcode\sdk\cpp\V5\V5_20220726_10_00_00/vexv5\libv5rt.a(v5_apijump.c.obj)
                0x03807680                vexDeviceImuHeadingGet
 .text.vexDeviceImuDegreesGet
                0x038076a4       0x24 c:\Users\Jayden\AppData\Roaming\Code\User\globalStorage\vexrobotics.vexcode\sdk\cpp\V5\V5_20220726_10_00_00/vexv5\libv5rt.a(v5_apijump.c.obj)
                0x038076a4                vexDeviceImuDegreesGet
 .text.vexDeviceImuStatusGet
                0x038076c8       0x24 c:\Users\Jayden\AppData\Roaming\Code\User\globalStorage\vexrobotics.vexcode\sdk\cpp\V5\V5_20220726_10_00_00/vexv5\libv5rt.a(v5_apijump.c.obj)
                0x038076c8                vexDeviceImuStatusGet
 .text.vexDeviceDistanceDistanceGet
                0x038076ec       0x24 c:\Users\Jayden\AppData\Roaming\Code\User\globalStorage\vexrobotics.vexcode\sdk\cpp\V5\V5_20220726_10_00_00/vexv5\libv5rt.a(v5_apijump.c.obj)
                0x038076ec                vexDeviceDistanceDistanceGet
 .text.vexDisplayForegroundColor
                0x03807710       0x24 c:\Users\Jayden\AppData\Roaming\Code\User\globalStorage\vexrobotics.vexcode\sdk\cpp\V5\V5_20220726_10_00_00/vexv5\libv5rt.a(v5_apijump.c.obj)
                0x03807710                vexDisplayForegroundColor
 .text.vexDisplayBackgroundColor
                0x03807734       0x24 c:\Users\Jayden\AppData\Roaming\Code\User\globalStorage\vexrobotics.vexcode\sdk\cpp\V5\V5_20220726_10_00_00/vexv5\libv5rt.a(v5_apijump.c.obj)
                0x03807734                vexDisplayBackgroundColor
 .text.vexDisplayBackgroundColorGet
                0x03807758       0x1c c:\Users\Jayden\AppData\Roaming\Code\User\globalStorage\vexrobotics.vexcode\sdk\cpp\V5\V5_20220726_10_00_00/vexv5\libv5rt.a(v5_apijump.c.obj)
                0x03807758                vexDisplayBackgroundColorGet
 .text.vexDisplayPixelSet
                0x03807774       0x38 c:\Users\Jayden\AppData\Roaming\Code\User\globalStorage\vexrobotics.vexcode\sdk\cpp\V5\V5_20220726_10_00_00/vexv5\libv5rt.a(v5_apijump.c.obj)
                0x03807774                vexDisplayPixelSet
 .text.vexDisplayRectDraw
                0x038077ac       0x4c c:\Users\Jayden\AppData\Roaming\Code\User\globalStorage\vexrobotics.vexcode\sdk\cpp\V5\V5_20220726_10_00_00/vexv5\libv5rt.a(v5_apijump.c.obj)
                0x038077ac                vexDisplayRectDraw
 .text.vexDisplayRectClear
                0x038077f8       0x4c c:\Users\Jayden\AppData\Roaming\Code\User\globalStorage\vexrobotics.vexcode\sdk\cpp\V5\V5_20220726_10_00_00/vexv5\libv5rt.a(v5_apijump.c.obj)
                0x038077f8                vexDisplayRectClear
 .text.vexDisplayVPrintf
                0x03807844       0x50 c:\Users\Jayden\AppData\Roaming\Code\User\globalStorage\vexrobotics.vexcode\sdk\cpp\V5\V5_20220726_10_00_00/vexv5\libv5rt.a(v5_apijump.c.obj)
                0x03807844                vexDisplayVPrintf
 .text.vexDisplayTextReference
                0x03807894       0x24 c:\Users\Jayden\AppData\Roaming\Code\User\globalStorage\vexrobotics.vexcode\sdk\cpp\V5\V5_20220726_10_00_00/vexv5\libv5rt.a(v5_apijump.c.obj)
                0x03807894                vexDisplayTextReference
 .text.vexDisplayTextSize
                0x038078b8       0x2c c:\Users\Jayden\AppData\Roaming\Code\User\globalStorage\vexrobotics.vexcode\sdk\cpp\V5\V5_20220726_10_00_00/vexv5\libv5rt.a(v5_apijump.c.obj)
                0x038078b8                vexDisplayTextSize
 .text.vexDisplayFontNamedSet
                0x038078e4       0x24 c:\Users\Jayden\AppData\Roaming\Code\User\globalStorage\vexrobotics.vexcode\sdk\cpp\V5\V5_20220726_10_00_00/vexv5\libv5rt.a(v5_apijump.c.obj)
                0x038078e4                vexDisplayFontNamedSet
 .text.vexDisplayStringWidthGet
                0x03807908       0x24 c:\Users\Jayden\AppData\Roaming\Code\User\globalStorage\vexrobotics.vexcode\sdk\cpp\V5\V5_20220726_10_00_00/vexv5\libv5rt.a(v5_apijump.c.obj)
                0x03807908                vexDisplayStringWidthGet
 .text.vexDisplayPenSizeSet
                0x0380792c       0x24 c:\Users\Jayden\AppData\Roaming\Code\User\globalStorage\vexrobotics.vexcode\sdk\cpp\V5\V5_20220726_10_00_00/vexv5\libv5rt.a(v5_apijump.c.obj)
                0x0380792c                vexDisplayPenSizeSet
 .text.vexDisplayPenSizeGet
                0x03807950       0x1c c:\Users\Jayden\AppData\Roaming\Code\User\globalStorage\vexrobotics.vexcode\sdk\cpp\V5\V5_20220726_10_00_00/vexv5\libv5rt.a(v5_apijump.c.obj)
                0x03807950                vexDisplayPenSizeGet
 .text.vexSystemStdlibImpureDataAddr
                0x0380796c       0x28 c:\Users\Jayden\AppData\Roaming\Code\User\globalStorage\vexrobotics.vexcode\sdk\cpp\V5\V5_20220726_10_00_00/vexv5\libv5rt.a(v5_apijump.c.obj)
                0x0380796c                vexSystemStdlibImpureDataAddr
 .text.vexSystemStdlibImpureDataSize
                0x03807994       0x28 c:\Users\Jayden\AppData\Roaming\Code\User\globalStorage\vexrobotics.vexcode\sdk\cpp\V5\V5_20220726_10_00_00/vexv5\libv5rt.a(v5_apijump.c.obj)
                0x03807994                vexSystemStdlibImpureDataSize
 .text.vexSystemSaveUserData
                0x038079bc       0x3c c:\Users\Jayden\AppData\Roaming\Code\User\globalStorage\vexrobotics.vexcode\sdk\cpp\V5\V5_20220726_10_00_00/vexv5\libv5rt.a(v5_apijump.c.obj)
                0x038079bc                vexSystemSaveUserData
 .text.vexTouchDataGet
                0x038079f8       0x10 c:\Users\Jayden\AppData\Roaming\Code\User\globalStorage\vexrobotics.vexcode\sdk\cpp\V5\V5_20220726_10_00_00/vexv5\libv5rt.a(v5_apijump.c.obj)
                0x038079f8                vexTouchDataGet
 .text.vexDisplayThemeIdGet
                0x03807a08       0x38 c:\Users\Jayden\AppData\Roaming\Code\User\globalStorage\vexrobotics.vexcode\sdk\cpp\V5\V5_20220726_10_00_00/vexv5\libv5rt.a(v5_apijump.c.obj)
                0x03807a08                vexDisplayThemeIdGet
 .text.vexCompetitionStatus
                0x03807a40       0x1c c:\Users\Jayden\AppData\Roaming\Code\User\globalStorage\vexrobotics.vexcode\sdk\cpp\V5\V5_20220726_10_00_00/vexv5\libv5rt.a(v5_apijump.c.obj)
                0x03807a40                vexCompetitionStatus
 .text.vexBatteryVoltageGet
                0x03807a5c       0x1c c:\Users\Jayden\AppData\Roaming\Code\User\globalStorage\vexrobotics.vexcode\sdk\cpp\V5\V5_20220726_10_00_00/vexv5\libv5rt.a(v5_apijump.c.obj)
                0x03807a5c                vexBatteryVoltageGet
 .text.vexBatteryCurrentGet
                0x03807a78       0x1c c:\Users\Jayden\AppData\Roaming\Code\User\globalStorage\vexrobotics.vexcode\sdk\cpp\V5\V5_20220726_10_00_00/vexv5\libv5rt.a(v5_apijump.c.obj)
                0x03807a78                vexBatteryCurrentGet
 .text.vexBatteryTemperatureGet
                0x03807a94       0x1c c:\Users\Jayden\AppData\Roaming\Code\User\globalStorage\vexrobotics.vexcode\sdk\cpp\V5\V5_20220726_10_00_00/vexv5\libv5rt.a(v5_apijump.c.obj)
                0x03807a94                vexBatteryTemperatureGet
 .text.vexBatteryCapacityGet
                0x03807ab0       0x1c c:\Users\Jayden\AppData\Roaming\Code\User\globalStorage\vexrobotics.vexcode\sdk\cpp\V5\V5_20220726_10_00_00/vexv5\libv5rt.a(v5_apijump.c.obj)
                0x03807ab0                vexBatteryCapacityGet
 .text.vexDeviceEventMaskSet
                0x03807acc       0x48 c:\Users\Jayden\AppData\Roaming\Code\User\globalStorage\vexrobotics.vexcode\sdk\cpp\V5\V5_20220726_10_00_00/vexv5\libv5rt.a(v5_apijump.c.obj)
                0x03807acc                vexDeviceEventMaskSet
 .text.vexDeviceEventMaskGet
                0x03807b14       0x3c c:\Users\Jayden\AppData\Roaming\Code\User\globalStorage\vexrobotics.vexcode\sdk\cpp\V5\V5_20220726_10_00_00/vexv5\libv5rt.a(v5_apijump.c.obj)
                0x03807b14                vexDeviceEventMaskGet
 .text.vexSystemVersion
                0x03807b50       0x10 c:\Users\Jayden\AppData\Roaming\Code\User\globalStorage\vexrobotics.vexcode\sdk\cpp\V5\V5_20220726_10_00_00/vexv5\libv5rt.a(v5_apiversions.c.obj)
                0x03807b50                vexSystemVersion
 .text.vexStdlibVersion
                0x03807b60       0x10 c:\Users\Jayden\AppData\Roaming\Code\User\globalStorage\vexrobotics.vexcode\sdk\cpp\V5\V5_20220726_10_00_00/vexv5\libv5rt.a(v5_apiversions.c.obj)
                0x03807b60                vexStdlibVersion
 .text._ZN3vex5motorD2Ev
                0x03807b70       0x20 c:\Users\Jayden\AppData\Roaming\Code\User\globalStorage\vexrobotics.vexcode\sdk\cpp\V5\V5_20220726_10_00_00/vexv5\libv5rt.a(vex_motor.cpp.obj)
                0x03807b70                vex::motor::~motor()
                0x03807b70                vex::motor::~motor()
 .text._ZN3vex5motorD0Ev
                0x03807b90       0x1c c:\Users\Jayden\AppData\Roaming\Code\User\globalStorage\vexrobotics.vexcode\sdk\cpp\V5\V5_20220726_10_00_00/vexv5\libv5rt.a(vex_motor.cpp.obj)
                0x03807b90                vex::motor::~motor()
 .text._ZN3vex5motor9installedEv
                0x03807bac       0x18 c:\Users\Jayden\AppData\Roaming\Code\User\globalStorage\vexrobotics.vexcode\sdk\cpp\V5\V5_20220726_10_00_00/vexv5\libv5rt.a(vex_motor.cpp.obj)
                0x03807bac                vex::motor::installed()
 .text._ZN3vex5motor11setReversedEb
                0x03807bc4        0x8 c:\Users\Jayden\AppData\Roaming\Code\User\globalStorage\vexrobotics.vexcode\sdk\cpp\V5\V5_20220726_10_00_00/vexv5\libv5rt.a(vex_motor.cpp.obj)
                0x03807bc4                vex::motor::setReversed(bool)
 .text._ZN3vex5motor15defaultStoppingENS_9brakeTypeE
                0x03807bcc       0x30 c:\Users\Jayden\AppData\Roaming\Code\User\globalStorage\vexrobotics.vexcode\sdk\cpp\V5\V5_20220726_10_00_00/vexv5\libv5rt.a(vex_motor.cpp.obj)
                0x03807bcc                vex::motor::defaultStopping(vex::brakeType)
 .text._ZN3vex5motorC2El
                0x03807bfc       0x78 c:\Users\Jayden\AppData\Roaming\Code\User\globalStorage\vexrobotics.vexcode\sdk\cpp\V5\V5_20220726_10_00_00/vexv5\libv5rt.a(vex_motor.cpp.obj)
                0x03807bfc                vex::motor::motor(long)
                0x03807bfc                vex::motor::motor(long)
 .text._ZN3vex5motorC2ElNS_11gearSettingE
                0x03807c74       0x24 c:\Users\Jayden\AppData\Roaming\Code\User\globalStorage\vexrobotics.vexcode\sdk\cpp\V5\V5_20220726_10_00_00/vexv5\libv5rt.a(vex_motor.cpp.obj)
                0x03807c74                vex::motor::motor(long, vex::gearSetting)
                0x03807c74                vex::motor::motor(long, vex::gearSetting)
 .text._ZN3vex5motorC2Elb
                0x03807c98       0x24 c:\Users\Jayden\AppData\Roaming\Code\User\globalStorage\vexrobotics.vexcode\sdk\cpp\V5\V5_20220726_10_00_00/vexv5\libv5rt.a(vex_motor.cpp.obj)
                0x03807c98                vex::motor::motor(long, bool)
                0x03807c98                vex::motor::motor(long, bool)
 .text._ZN3vex5motor4stopENS_9brakeTypeE
                0x03807cbc       0x30 c:\Users\Jayden\AppData\Roaming\Code\User\globalStorage\vexrobotics.vexcode\sdk\cpp\V5\V5_20220726_10_00_00/vexv5\libv5rt.a(vex_motor.cpp.obj)
                0x03807cbc                vex::motor::stop(vex::brakeType)
 .text._ZN3vex5motor4stopEv
                0x03807cec        0x8 c:\Users\Jayden\AppData\Roaming\Code\User\globalStorage\vexrobotics.vexcode\sdk\cpp\V5\V5_20220726_10_00_00/vexv5\libv5rt.a(vex_motor.cpp.obj)
                0x03807cec                vex::motor::stop()
 *fill*         0x03807cf4        0x4 
 .text._ZN3vex5motor12setMaxTorqueEdNS_12percentUnitsE
                0x03807cf8       0x88 c:\Users\Jayden\AppData\Roaming\Code\User\globalStorage\vexrobotics.vexcode\sdk\cpp\V5\V5_20220726_10_00_00/vexv5\libv5rt.a(vex_motor.cpp.obj)
                0x03807cf8                vex::motor::setMaxTorque(double, vex::percentUnits)
 .text._ZN3vex5motor16velocityToScaledEdNS_13velocityUnitsE
                0x03807d80       0x5c c:\Users\Jayden\AppData\Roaming\Code\User\globalStorage\vexrobotics.vexcode\sdk\cpp\V5\V5_20220726_10_00_00/vexv5\libv5rt.a(vex_motor.cpp.obj)
                0x03807d80                vex::motor::velocityToScaled(double, vex::velocityUnits)
 .text._ZN3vex5motor8velocityENS_13velocityUnitsE
                0x03807ddc       0x30 c:\Users\Jayden\AppData\Roaming\Code\User\globalStorage\vexrobotics.vexcode\sdk\cpp\V5\V5_20220726_10_00_00/vexv5\libv5rt.a(vex_motor.cpp.obj)
                0x03807ddc                vex::motor::velocity(vex::velocityUnits)
 .text._ZN3vex5motor5valueEv
                0x03807e0c       0x1c c:\Users\Jayden\AppData\Roaming\Code\User\globalStorage\vexrobotics.vexcode\sdk\cpp\V5\V5_20220726_10_00_00/vexv5\libv5rt.a(vex_motor.cpp.obj)
                0x03807e0c                vex::motor::value()
 .text._ZN3vex5motor16scaledToVelocityEdNS_13velocityUnitsE
                0x03807e28       0xa4 c:\Users\Jayden\AppData\Roaming\Code\User\globalStorage\vexrobotics.vexcode\sdk\cpp\V5\V5_20220726_10_00_00/vexv5\libv5rt.a(vex_motor.cpp.obj)
                0x03807e28                vex::motor::scaledToVelocity(double, vex::velocityUnits)
 .text._ZN3vex5motor4spinENS_13directionTypeEdNS_13velocityUnitsE
                0x03807ecc       0x5c c:\Users\Jayden\AppData\Roaming\Code\User\globalStorage\vexrobotics.vexcode\sdk\cpp\V5\V5_20220726_10_00_00/vexv5\libv5rt.a(vex_motor.cpp.obj)
                0x03807ecc                vex::motor::spin(vex::directionType, double, vex::velocityUnits)
 .text._ZN3vex5motor11setVelocityEdNS_13velocityUnitsE
                0x03807f28       0x54 c:\Users\Jayden\AppData\Roaming\Code\User\globalStorage\vexrobotics.vexcode\sdk\cpp\V5\V5_20220726_10_00_00/vexv5\libv5rt.a(vex_motor.cpp.obj)
                0x03807f28                vex::motor::setVelocity(double, vex::velocityUnits)
 .text._ZN3vex8inertial11getTurnTypeEv
                0x03807f7c        0x8 c:\Users\Jayden\AppData\Roaming\Code\User\globalStorage\vexrobotics.vexcode\sdk\cpp\V5\V5_20220726_10_00_00/vexv5\libv5rt.a(vex_imu.cpp.obj)
                0x03807f7c                vex::inertial::getTurnType()
 .text._ZThn16_N3vex8inertial11getTurnTypeEv
                0x03807f84        0x8 c:\Users\Jayden\AppData\Roaming\Code\User\globalStorage\vexrobotics.vexcode\sdk\cpp\V5\V5_20220726_10_00_00/vexv5\libv5rt.a(vex_imu.cpp.obj)
                0x03807f84                non-virtual thunk to vex::inertial::getTurnType()
 *fill*         0x03807f8c        0x4 
 .text._ZN3vex8inertial10setHeadingEdNS_13rotationUnitsE
                0x03807f90       0x58 c:\Users\Jayden\AppData\Roaming\Code\User\globalStorage\vexrobotics.vexcode\sdk\cpp\V5\V5_20220726_10_00_00/vexv5\libv5rt.a(vex_imu.cpp.obj)
                0x03807f90                vex::inertial::setHeading(double, vex::rotationUnits)
 .text._ZThn16_N3vex8inertial10setHeadingEdNS_13rotationUnitsE
                0x03807fe8        0x8 c:\Users\Jayden\AppData\Roaming\Code\User\globalStorage\vexrobotics.vexcode\sdk\cpp\V5\V5_20220726_10_00_00/vexv5\libv5rt.a(vex_imu.cpp.obj)
                0x03807fe8                non-virtual thunk to vex::inertial::setHeading(double, vex::rotationUnits)
 .text._ZN3vex8inertial11setRotationEdNS_13rotationUnitsE
                0x03807ff0       0x58 c:\Users\Jayden\AppData\Roaming\Code\User\globalStorage\vexrobotics.vexcode\sdk\cpp\V5\V5_20220726_10_00_00/vexv5\libv5rt.a(vex_imu.cpp.obj)
                0x03807ff0                vex::inertial::setRotation(double, vex::rotationUnits)
 .text._ZThn16_N3vex8inertial11setRotationEdNS_13rotationUnitsE
                0x03808048        0x8 c:\Users\Jayden\AppData\Roaming\Code\User\globalStorage\vexrobotics.vexcode\sdk\cpp\V5\V5_20220726_10_00_00/vexv5\libv5rt.a(vex_imu.cpp.obj)
                0x03808048                non-virtual thunk to vex::inertial::setRotation(double, vex::rotationUnits)
 .text._ZN3vex8inertialD2Ev
                0x03808050       0x20 c:\Users\Jayden\AppData\Roaming\Code\User\globalStorage\vexrobotics.vexcode\sdk\cpp\V5\V5_20220726_10_00_00/vexv5\libv5rt.a(vex_imu.cpp.obj)
                0x03808050                vex::inertial::~inertial()
                0x03808050                vex::inertial::~inertial()
 .text._ZThn16_N3vex8inertialD1Ev
                0x03808070        0x8 c:\Users\Jayden\AppData\Roaming\Code\User\globalStorage\vexrobotics.vexcode\sdk\cpp\V5\V5_20220726_10_00_00/vexv5\libv5rt.a(vex_imu.cpp.obj)
                0x03808070                non-virtual thunk to vex::inertial::~inertial()
 .text._ZN3vex8inertialD0Ev
                0x03808078       0x1c c:\Users\Jayden\AppData\Roaming\Code\User\globalStorage\vexrobotics.vexcode\sdk\cpp\V5\V5_20220726_10_00_00/vexv5\libv5rt.a(vex_imu.cpp.obj)
                0x03808078                vex::inertial::~inertial()
 .text._ZThn16_N3vex8inertialD0Ev
                0x03808094        0x8 c:\Users\Jayden\AppData\Roaming\Code\User\globalStorage\vexrobotics.vexcode\sdk\cpp\V5\V5_20220726_10_00_00/vexv5\libv5rt.a(vex_imu.cpp.obj)
                0x03808094                non-virtual thunk to vex::inertial::~inertial()
 .text._ZN3vex8inertial9installedEv
                0x0380809c       0x18 c:\Users\Jayden\AppData\Roaming\Code\User\globalStorage\vexrobotics.vexcode\sdk\cpp\V5\V5_20220726_10_00_00/vexv5\libv5rt.a(vex_imu.cpp.obj)
                0x0380809c                vex::inertial::installed()
 .text._ZN3vex8inertial5angleENS_13rotationUnitsE
                0x038080b4       0x6c c:\Users\Jayden\AppData\Roaming\Code\User\globalStorage\vexrobotics.vexcode\sdk\cpp\V5\V5_20220726_10_00_00/vexv5\libv5rt.a(vex_imu.cpp.obj)
                0x038080b4                vex::inertial::angle(vex::rotationUnits)
 .text._ZThn16_N3vex8inertial5angleENS_13rotationUnitsE
                0x03808120        0x8 c:\Users\Jayden\AppData\Roaming\Code\User\globalStorage\vexrobotics.vexcode\sdk\cpp\V5\V5_20220726_10_00_00/vexv5\libv5rt.a(vex_imu.cpp.obj)
                0x03808120                non-virtual thunk to vex::inertial::angle(vex::rotationUnits)
 .text._ZN3vex8inertial7headingENS_13rotationUnitsE
                0x03808128        0x4 c:\Users\Jayden\AppData\Roaming\Code\User\globalStorage\vexrobotics.vexcode\sdk\cpp\V5\V5_20220726_10_00_00/vexv5\libv5rt.a(vex_imu.cpp.obj)
                0x03808128                vex::inertial::heading(vex::rotationUnits)
 .text._ZThn16_N3vex8inertial7headingENS_13rotationUnitsE
                0x0380812c        0x8 c:\Users\Jayden\AppData\Roaming\Code\User\globalStorage\vexrobotics.vexcode\sdk\cpp\V5\V5_20220726_10_00_00/vexv5\libv5rt.a(vex_imu.cpp.obj)
                0x0380812c                non-virtual thunk to vex::inertial::heading(vex::rotationUnits)
 .text._ZN3vex8inertial5valueEv
                0x03808134       0x1c c:\Users\Jayden\AppData\Roaming\Code\User\globalStorage\vexrobotics.vexcode\sdk\cpp\V5\V5_20220726_10_00_00/vexv5\libv5rt.a(vex_imu.cpp.obj)
                0x03808134                vex::inertial::value()
 .text._ZN3vex8inertial8rotationENS_13rotationUnitsE
                0x03808150       0x48 c:\Users\Jayden\AppData\Roaming\Code\User\globalStorage\vexrobotics.vexcode\sdk\cpp\V5\V5_20220726_10_00_00/vexv5\libv5rt.a(vex_imu.cpp.obj)
                0x03808150                vex::inertial::rotation(vex::rotationUnits)
 .text._ZThn16_N3vex8inertial8rotationENS_13rotationUnitsE
                0x03808198        0x8 c:\Users\Jayden\AppData\Roaming\Code\User\globalStorage\vexrobotics.vexcode\sdk\cpp\V5\V5_20220726_10_00_00/vexv5\libv5rt.a(vex_imu.cpp.obj)
                0x03808198                non-virtual thunk to vex::inertial::rotation(vex::rotationUnits)
 .text._ZN3vex8inertial13isCalibratingEv
                0x038081a0       0x38 c:\Users\Jayden\AppData\Roaming\Code\User\globalStorage\vexrobotics.vexcode\sdk\cpp\V5\V5_20220726_10_00_00/vexv5\libv5rt.a(vex_imu.cpp.obj)
                0x038081a0                vex::inertial::isCalibrating()
 .text._ZThn16_N3vex8inertial13isCalibratingEv
                0x038081d8        0x8 c:\Users\Jayden\AppData\Roaming\Code\User\globalStorage\vexrobotics.vexcode\sdk\cpp\V5\V5_20220726_10_00_00/vexv5\libv5rt.a(vex_imu.cpp.obj)
                0x038081d8                non-virtual thunk to vex::inertial::isCalibrating()
 .text._ZN3vex8inertialC2ElNS_8turnTypeE
                0x038081e0       0x4c c:\Users\Jayden\AppData\Roaming\Code\User\globalStorage\vexrobotics.vexcode\sdk\cpp\V5\V5_20220726_10_00_00/vexv5\libv5rt.a(vex_imu.cpp.obj)
                0x038081e0                vex::inertial::inertial(long, vex::turnType)
                0x038081e0                vex::inertial::inertial(long, vex::turnType)
 .text._ZN3vex8inertial16startCalibrationEl
                0x0380822c       0x20 c:\Users\Jayden\AppData\Roaming\Code\User\globalStorage\vexrobotics.vexcode\sdk\cpp\V5\V5_20220726_10_00_00/vexv5\libv5rt.a(vex_imu.cpp.obj)
                0x0380822c                vex::inertial::startCalibration(long)
 .text._ZN3vex8inertial9calibrateEl
                0x0380824c        0xc c:\Users\Jayden\AppData\Roaming\Code\User\globalStorage\vexrobotics.vexcode\sdk\cpp\V5\V5_20220726_10_00_00/vexv5\libv5rt.a(vex_imu.cpp.obj)
                0x0380824c                vex::inertial::calibrate(long)
                0x03808250                non-virtual thunk to vex::inertial::calibrate(long)
 .text._ZN3vex8distanceD2Ev
                0x03808258       0x20 c:\Users\Jayden\AppData\Roaming\Code\User\globalStorage\vexrobotics.vexcode\sdk\cpp\V5\V5_20220726_10_00_00/vexv5\libv5rt.a(vex_distance.cpp.obj)
                0x03808258                vex::distance::~distance()
                0x03808258                vex::distance::~distance()
 .text._ZN3vex8distanceD0Ev
                0x03808278       0x1c c:\Users\Jayden\AppData\Roaming\Code\User\globalStorage\vexrobotics.vexcode\sdk\cpp\V5\V5_20220726_10_00_00/vexv5\libv5rt.a(vex_distance.cpp.obj)
                0x03808278                vex::distance::~distance()
 .text._ZN3vex8distance9installedEv
                0x03808294       0x18 c:\Users\Jayden\AppData\Roaming\Code\User\globalStorage\vexrobotics.vexcode\sdk\cpp\V5\V5_20220726_10_00_00/vexv5\libv5rt.a(vex_distance.cpp.obj)
                0x03808294                vex::distance::installed()
 .text._ZN3vex8distance5valueEv
                0x038082ac        0x8 c:\Users\Jayden\AppData\Roaming\Code\User\globalStorage\vexrobotics.vexcode\sdk\cpp\V5\V5_20220726_10_00_00/vexv5\libv5rt.a(vex_distance.cpp.obj)
                0x038082ac                vex::distance::value()
 .text._ZN3vex8distanceC2El
                0x038082b4       0x20 c:\Users\Jayden\AppData\Roaming\Code\User\globalStorage\vexrobotics.vexcode\sdk\cpp\V5\V5_20220726_10_00_00/vexv5\libv5rt.a(vex_distance.cpp.obj)
                0x038082b4                vex::distance::distance(long)
                0x038082b4                vex::distance::distance(long)
 *fill*         0x038082d4        0x4 
 .text._ZN3vex8distance14objectDistanceENS_13distanceUnitsE
                0x038082d8       0x48 c:\Users\Jayden\AppData\Roaming\Code\User\globalStorage\vexrobotics.vexcode\sdk\cpp\V5\V5_20220726_10_00_00/vexv5\libv5rt.a(vex_distance.cpp.obj)
                0x038082d8                vex::distance::objectDistance(vex::distanceUnits)
 .text._ZN3vex10controllerD2Ev
                0x03808320        0x4 c:\Users\Jayden\AppData\Roaming\Code\User\globalStorage\vexrobotics.vexcode\sdk\cpp\V5\V5_20220726_10_00_00/vexv5\libv5rt.a(vex_controller.cpp.obj)
                0x03808320                vex::controller::~controller()
                0x03808320                vex::controller::~controller()
 .text._ZN3vex10controller5valueE19_V5_ControllerIndex
                0x03808324        0x8 c:\Users\Jayden\AppData\Roaming\Code\User\globalStorage\vexrobotics.vexcode\sdk\cpp\V5\V5_20220726_10_00_00/vexv5\libv5rt.a(vex_controller.cpp.obj)
                0x03808324                vex::controller::value(_V5_ControllerIndex)
 .text._ZNK3vex10controller6button8pressingEv
                0x0380832c       0xc8 c:\Users\Jayden\AppData\Roaming\Code\User\globalStorage\vexrobotics.vexcode\sdk\cpp\V5\V5_20220726_10_00_00/vexv5\libv5rt.a(vex_controller.cpp.obj)
                0x0380832c                vex::controller::button::pressing() const
 .text._ZNK3vex10controller6button21_buttonToPressedEventEv
                0x038083f4       0x20 c:\Users\Jayden\AppData\Roaming\Code\User\globalStorage\vexrobotics.vexcode\sdk\cpp\V5\V5_20220726_10_00_00/vexv5\libv5rt.a(vex_controller.cpp.obj)
                0x038083f4                vex::controller::button::_buttonToPressedEvent() const
 .text._ZNK3vex10controller6button22_buttonToReleasedEventEv
                0x03808414       0x20 c:\Users\Jayden\AppData\Roaming\Code\User\globalStorage\vexrobotics.vexcode\sdk\cpp\V5\V5_20220726_10_00_00/vexv5\libv5rt.a(vex_controller.cpp.obj)
                0x03808414                vex::controller::button::_buttonToReleasedEvent() const
 .text._ZN3vex10controller6buttonC2ENS0_11tButtonTypeEPS0_
                0x03808434       0x48 c:\Users\Jayden\AppData\Roaming\Code\User\globalStorage\vexrobotics.vexcode\sdk\cpp\V5\V5_20220726_10_00_00/vexv5\libv5rt.a(vex_controller.cpp.obj)
                0x03808434                vex::controller::button::button(vex::controller::tButtonType, vex::controller*)
                0x03808434                vex::controller::button::button(vex::controller::tButtonType, vex::controller*)
 .text._ZNK3vex10controller4axis5valueEv
                0x0380847c       0x58 c:\Users\Jayden\AppData\Roaming\Code\User\globalStorage\vexrobotics.vexcode\sdk\cpp\V5\V5_20220726_10_00_00/vexv5\libv5rt.a(vex_controller.cpp.obj)
                0x0380847c                vex::controller::axis::value() const
 .text._ZNK3vex10controller4axis8positionENS_12percentUnitsE
                0x038084d4       0x1c c:\Users\Jayden\AppData\Roaming\Code\User\globalStorage\vexrobotics.vexcode\sdk\cpp\V5\V5_20220726_10_00_00/vexv5\libv5rt.a(vex_controller.cpp.obj)
                0x038084d4                vex::controller::axis::position(vex::percentUnits) const
 .text._ZNK3vex10controller4axis23_joystickToChangedEventEv
                0x038084f0       0x20 c:\Users\Jayden\AppData\Roaming\Code\User\globalStorage\vexrobotics.vexcode\sdk\cpp\V5\V5_20220726_10_00_00/vexv5\libv5rt.a(vex_controller.cpp.obj)
                0x038084f0                vex::controller::axis::_joystickToChangedEvent() const
 .text._ZN3vex10controller4axisC2ENS0_9tAxisTypeEPS0_
                0x03808510       0x2c c:\Users\Jayden\AppData\Roaming\Code\User\globalStorage\vexrobotics.vexcode\sdk\cpp\V5\V5_20220726_10_00_00/vexv5\libv5rt.a(vex_controller.cpp.obj)
                0x03808510                vex::controller::axis::axis(vex::controller::tAxisType, vex::controller*)
                0x03808510                vex::controller::axis::axis(vex::controller::tAxisType, vex::controller*)
 .text._ZN3vex10controllerC2ENS_14controllerTypeE
                0x0380853c      0x16c c:\Users\Jayden\AppData\Roaming\Code\User\globalStorage\vexrobotics.vexcode\sdk\cpp\V5\V5_20220726_10_00_00/vexv5\libv5rt.a(vex_controller.cpp.obj)
                0x0380853c                vex::controller::controller(vex::controllerType)
                0x0380853c                vex::controller::controller(vex::controllerType)
 .text._ZN3vex10controller3lcd15getControllerIdEv
                0x038086a8       0x10 c:\Users\Jayden\AppData\Roaming\Code\User\globalStorage\vexrobotics.vexcode\sdk\cpp\V5\V5_20220726_10_00_00/vexv5\libv5rt.a(vex_controller.cpp.obj)
                0x038086a8                vex::controller::lcd::getControllerId()
 .text._ZN3vex10controller3lcd9setCursorEll
                0x038086b8       0x40 c:\Users\Jayden\AppData\Roaming\Code\User\globalStorage\vexrobotics.vexcode\sdk\cpp\V5\V5_20220726_10_00_00/vexv5\libv5rt.a(vex_controller.cpp.obj)
                0x038086b8                vex::controller::lcd::setCursor(long, long)
 .text._ZN3vex10controller3lcd5printEPKcz
                0x038086f8       0x80 c:\Users\Jayden\AppData\Roaming\Code\User\globalStorage\vexrobotics.vexcode\sdk\cpp\V5\V5_20220726_10_00_00/vexv5\libv5rt.a(vex_controller.cpp.obj)
                0x038086f8                vex::controller::lcd::print(char const*, ...)
 .text._ZN3vex10controller3lcd5printEPcz
                0x03808778       0x80 c:\Users\Jayden\AppData\Roaming\Code\User\globalStorage\vexrobotics.vexcode\sdk\cpp\V5\V5_20220726_10_00_00/vexv5\libv5rt.a(vex_controller.cpp.obj)
                0x03808778                vex::controller::lcd::print(char*, ...)
 .text._ZN3vex10controller3lcd9clearLineEi
                0x038087f8       0x80 c:\Users\Jayden\AppData\Roaming\Code\User\globalStorage\vexrobotics.vexcode\sdk\cpp\V5\V5_20220726_10_00_00/vexv5\libv5rt.a(vex_controller.cpp.obj)
                0x038087f8                vex::controller::lcd::clearLine(int)
 .text._ZN3vex10controller3lcd11clearScreenEv
                0x03808878       0x5c c:\Users\Jayden\AppData\Roaming\Code\User\globalStorage\vexrobotics.vexcode\sdk\cpp\V5\V5_20220726_10_00_00/vexv5\libv5rt.a(vex_controller.cpp.obj)
                0x03808878                vex::controller::lcd::clearScreen()
 .text._ZN3vex10controller3lcd9clearLineEv
                0x038088d4        0x8 c:\Users\Jayden\AppData\Roaming\Code\User\globalStorage\vexrobotics.vexcode\sdk\cpp\V5\V5_20220726_10_00_00/vexv5\libv5rt.a(vex_controller.cpp.obj)
                0x038088d4                vex::controller::lcd::clearLine()
 .text._ZN3vex4taskC2EPFivE
                0x038088dc       0x5c c:\Users\Jayden\AppData\Roaming\Code\User\globalStorage\vexrobotics.vexcode\sdk\cpp\V5\V5_20220726_10_00_00/vexv5\libv5rt.a(vex_task.cpp.obj)
                0x038088dc                vex::task::task(int (*)())
                0x038088dc                vex::task::task(int (*)())
 .text._ZN3vex4taskD2Ev
                0x03808938        0x4 c:\Users\Jayden\AppData\Roaming\Code\User\globalStorage\vexrobotics.vexcode\sdk\cpp\V5\V5_20220726_10_00_00/vexv5\libv5rt.a(vex_task.cpp.obj)
                0x03808938                vex::task::~task()
                0x03808938                vex::task::~task()
 .text._ZN3vex4task4stopEPvi
                0x0380893c       0x1c c:\Users\Jayden\AppData\Roaming\Code\User\globalStorage\vexrobotics.vexcode\sdk\cpp\V5\V5_20220726_10_00_00/vexv5\libv5rt.a(vex_task.cpp.obj)
                0x0380893c                vex::task::stop(void*, int)
 .text._ZN3vex4task5sleepEm
                0x03808958        0x4 c:\Users\Jayden\AppData\Roaming\Code\User\globalStorage\vexrobotics.vexcode\sdk\cpp\V5\V5_20220726_10_00_00/vexv5\libv5rt.a(vex_task.cpp.obj)
                0x03808958                vex::task::sleep(unsigned long)
 .text._ZN3vex4task6_indexEPFivE
                0x0380895c       0x14 c:\Users\Jayden\AppData\Roaming\Code\User\globalStorage\vexrobotics.vexcode\sdk\cpp\V5\V5_20220726_10_00_00/vexv5\libv5rt.a(vex_task.cpp.obj)
                0x0380895c                vex::task::_index(int (*)())
 .text._ZN3vex4task8_stopAllEv
                0x03808970       0x3c c:\Users\Jayden\AppData\Roaming\Code\User\globalStorage\vexrobotics.vexcode\sdk\cpp\V5\V5_20220726_10_00_00/vexv5\libv5rt.a(vex_task.cpp.obj)
                0x03808970                vex::task::_stopAll()
 .text._ZN3vex6threadC2EPFivE
                0x038089ac       0x5c c:\Users\Jayden\AppData\Roaming\Code\User\globalStorage\vexrobotics.vexcode\sdk\cpp\V5\V5_20220726_10_00_00/vexv5\libv5rt.a(vex_thread.cpp.obj)
                0x038089ac                vex::thread::thread(int (*)())
                0x038089ac                vex::thread::thread(int (*)())
 .text._ZN3vex11this_thread9sleep_forEm
                0x03808a08        0x4 c:\Users\Jayden\AppData\Roaming\Code\User\globalStorage\vexrobotics.vexcode\sdk\cpp\V5\V5_20220726_10_00_00/vexv5\libv5rt.a(vex_thread.cpp.obj)
                0x03808a08                vex::this_thread::sleep_for(unsigned long)
 .text._ZN3vex5event4initEmmPFvvE
                0x03808a0c        0x4 c:\Users\Jayden\AppData\Roaming\Code\User\globalStorage\vexrobotics.vexcode\sdk\cpp\V5\V5_20220726_10_00_00/vexv5\libv5rt.a(vex_event.cpp.obj)
                0x03808a0c                vex::event::init(unsigned long, unsigned long, void (*)())
 .text._ZN3vex5event4initEmmPFvPvES1_
                0x03808a10        0x4 c:\Users\Jayden\AppData\Roaming\Code\User\globalStorage\vexrobotics.vexcode\sdk\cpp\V5\V5_20220726_10_00_00/vexv5\libv5rt.a(vex_event.cpp.obj)
                0x03808a10                vex::event::init(unsigned long, unsigned long, void (*)(void*), void*)
 .text._ZN3vex5event9userindexEv
                0x03808a14        0x4 c:\Users\Jayden\AppData\Roaming\Code\User\globalStorage\vexrobotics.vexcode\sdk\cpp\V5\V5_20220726_10_00_00/vexv5\libv5rt.a(vex_event.cpp.obj)
                0x03808a14                vex::event::userindex()
 .text._ZZN3vex6meventC4EmmENUlvE_4_FUNEv
                0x03808a18        0x4 c:\Users\Jayden\AppData\Roaming\Code\User\globalStorage\vexrobotics.vexcode\sdk\cpp\V5\V5_20220726_10_00_00/vexv5\libv5rt.a(vex_mevent.cpp.obj)
 .text._ZN3vex6meventC2Emm
                0x03808a1c       0x70 c:\Users\Jayden\AppData\Roaming\Code\User\globalStorage\vexrobotics.vexcode\sdk\cpp\V5\V5_20220726_10_00_00/vexv5\libv5rt.a(vex_mevent.cpp.obj)
                0x03808a1c                vex::mevent::mevent(unsigned long, unsigned long)
                0x03808a1c                vex::mevent::mevent(unsigned long, unsigned long)
 .text._ZN3vex5brain9_getIndexEv
                0x03808a8c       0x10 c:\Users\Jayden\AppData\Roaming\Code\User\globalStorage\vexrobotics.vexcode\sdk\cpp\V5\V5_20220726_10_00_00/vexv5\libv5rt.a(vex_brain.cpp.obj)
                0x03808a8c                vex::brain::_getIndex()
 .text._ZN3vex5brain3lcd9setCursorEll
                0x03808a9c       0x44 c:\Users\Jayden\AppData\Roaming\Code\User\globalStorage\vexrobotics.vexcode\sdk\cpp\V5\V5_20220726_10_00_00/vexv5\libv5rt.a(vex_brain.cpp.obj)
                0x03808a9c                vex::brain::lcd::setCursor(long, long)
 .text._ZN3vex5brain3lcd7setFontENS_8fontTypeE
                0x03808ae0      0x23c c:\Users\Jayden\AppData\Roaming\Code\User\globalStorage\vexrobotics.vexcode\sdk\cpp\V5\V5_20220726_10_00_00/vexv5\libv5rt.a(vex_brain.cpp.obj)
                0x03808ae0                vex::brain::lcd::setFont(vex::fontType)
 .text._ZN3vex5brain3lcdC2Ev
                0x03808d1c       0x94 c:\Users\Jayden\AppData\Roaming\Code\User\globalStorage\vexrobotics.vexcode\sdk\cpp\V5\V5_20220726_10_00_00/vexv5\libv5rt.a(vex_brain.cpp.obj)
                0x03808d1c                vex::brain::lcd::lcd()
                0x03808d1c                vex::brain::lcd::lcd()
 .text._ZN3vex5brainC2Ev
                0x03808db0       0x3c c:\Users\Jayden\AppData\Roaming\Code\User\globalStorage\vexrobotics.vexcode\sdk\cpp\V5\V5_20220726_10_00_00/vexv5\libv5rt.a(vex_brain.cpp.obj)
                0x03808db0                vex::brain::brain()
                0x03808db0                vex::brain::brain()
 .text._ZN3vex5brain3lcd11setPenWidthEm
                0x03808dec       0x24 c:\Users\Jayden\AppData\Roaming\Code\User\globalStorage\vexrobotics.vexcode\sdk\cpp\V5\V5_20220726_10_00_00/vexv5\libv5rt.a(vex_brain.cpp.obj)
                0x03808dec                vex::brain::lcd::setPenWidth(unsigned long)
 .text._ZN3vex5brain3lcd11setPenColorERKNS_5colorE
                0x03808e10       0x14 c:\Users\Jayden\AppData\Roaming\Code\User\globalStorage\vexrobotics.vexcode\sdk\cpp\V5\V5_20220726_10_00_00/vexv5\libv5rt.a(vex_brain.cpp.obj)
                0x03808e10                vex::brain::lcd::setPenColor(vex::color const&)
 .text._ZN3vex5brain3lcd12setFillColorERKNS_5colorE
                0x03808e24       0x38 c:\Users\Jayden\AppData\Roaming\Code\User\globalStorage\vexrobotics.vexcode\sdk\cpp\V5\V5_20220726_10_00_00/vexv5\libv5rt.a(vex_brain.cpp.obj)
                0x03808e24                vex::brain::lcd::setFillColor(vex::color const&)
 .text._ZN3vex5brain3lcd7printAtEllPKcz
                0x03808e5c       0x54 c:\Users\Jayden\AppData\Roaming\Code\User\globalStorage\vexrobotics.vexcode\sdk\cpp\V5\V5_20220726_10_00_00/vexv5\libv5rt.a(vex_brain.cpp.obj)
                0x03808e5c                vex::brain::lcd::printAt(long, long, char const*, ...)
 .text._ZN3vex5brain3lcd12_clearScreenEm
                0x03808eb0       0x38 c:\Users\Jayden\AppData\Roaming\Code\User\globalStorage\vexrobotics.vexcode\sdk\cpp\V5\V5_20220726_10_00_00/vexv5\libv5rt.a(vex_brain.cpp.obj)
                0x03808eb0                vex::brain::lcd::_clearScreen(unsigned long)
 .text._ZN3vex5brain3lcd11clearScreenERKNS_5colorE
                0x03808ee8       0x20 c:\Users\Jayden\AppData\Roaming\Code\User\globalStorage\vexrobotics.vexcode\sdk\cpp\V5\V5_20220726_10_00_00/vexv5\libv5rt.a(vex_brain.cpp.obj)
                0x03808ee8                vex::brain::lcd::clearScreen(vex::color const&)
 .text._ZN3vex5brain3lcd11clearScreenEv
                0x03808f08       0x2c c:\Users\Jayden\AppData\Roaming\Code\User\globalStorage\vexrobotics.vexcode\sdk\cpp\V5\V5_20220726_10_00_00/vexv5\libv5rt.a(vex_brain.cpp.obj)
                0x03808f08                vex::brain::lcd::clearScreen()
 .text._ZN3vex5brain3lcd9drawPixelEii
                0x03808f34       0x14 c:\Users\Jayden\AppData\Roaming\Code\User\globalStorage\vexrobotics.vexcode\sdk\cpp\V5\V5_20220726_10_00_00/vexv5\libv5rt.a(vex_brain.cpp.obj)
                0x03808f34                vex::brain::lcd::drawPixel(int, int)
 .text._ZN3vex5brain3lcd13drawRectangleEiiii
                0x03808f48       0xdc c:\Users\Jayden\AppData\Roaming\Code\User\globalStorage\vexrobotics.vexcode\sdk\cpp\V5\V5_20220726_10_00_00/vexv5\libv5rt.a(vex_brain.cpp.obj)
                0x03808f48                vex::brain::lcd::drawRectangle(int, int, int, int)
 .text._ZN3vex5brain3lcd14_drawRectangleEiiiim
                0x03809024       0x74 c:\Users\Jayden\AppData\Roaming\Code\User\globalStorage\vexrobotics.vexcode\sdk\cpp\V5\V5_20220726_10_00_00/vexv5\libv5rt.a(vex_brain.cpp.obj)
                0x03809024                vex::brain::lcd::_drawRectangle(int, int, int, int, unsigned long)
 .text._ZN3vex5brain3lcd13drawRectangleEiiiiRKNS_5colorE
                0x03809098       0x68 c:\Users\Jayden\AppData\Roaming\Code\User\globalStorage\vexrobotics.vexcode\sdk\cpp\V5\V5_20220726_10_00_00/vexv5\libv5rt.a(vex_brain.cpp.obj)
                0x03809098                vex::brain::lcd::drawRectangle(int, int, int, int, vex::color const&)
 .text._ZN3vex5brain3lcd7newLineEv
                0x03809100       0x20 c:\Users\Jayden\AppData\Roaming\Code\User\globalStorage\vexrobotics.vexcode\sdk\cpp\V5\V5_20220726_10_00_00/vexv5\libv5rt.a(vex_brain.cpp.obj)
                0x03809100                vex::brain::lcd::newLine()
 .text._ZN3vex5brain3lcd9xPositionEv
                0x03809120       0x24 c:\Users\Jayden\AppData\Roaming\Code\User\globalStorage\vexrobotics.vexcode\sdk\cpp\V5\V5_20220726_10_00_00/vexv5\libv5rt.a(vex_brain.cpp.obj)
                0x03809120                vex::brain::lcd::xPosition()
 .text._ZN3vex5brain3lcd9yPositionEv
                0x03809144       0x24 c:\Users\Jayden\AppData\Roaming\Code\User\globalStorage\vexrobotics.vexcode\sdk\cpp\V5\V5_20220726_10_00_00/vexv5\libv5rt.a(vex_brain.cpp.obj)
                0x03809144                vex::brain::lcd::yPosition()
 .text._ZN3vex5brain3lcd8pressingEv
                0x03809168       0x20 c:\Users\Jayden\AppData\Roaming\Code\User\globalStorage\vexrobotics.vexcode\sdk\cpp\V5\V5_20220726_10_00_00/vexv5\libv5rt.a(vex_brain.cpp.obj)
                0x03809168                vex::brain::lcd::pressing()
 .text._ZN3vex5brain3lcd10rowToPixelEl
                0x03809188       0x34 c:\Users\Jayden\AppData\Roaming\Code\User\globalStorage\vexrobotics.vexcode\sdk\cpp\V5\V5_20220726_10_00_00/vexv5\libv5rt.a(vex_brain.cpp.obj)
                0x03809188                vex::brain::lcd::rowToPixel(long)
 .text._ZN3vex5brain3lcd5printEPKcz
                0x038091bc       0xb8 c:\Users\Jayden\AppData\Roaming\Code\User\globalStorage\vexrobotics.vexcode\sdk\cpp\V5\V5_20220726_10_00_00/vexv5\libv5rt.a(vex_brain.cpp.obj)
                0x038091bc                vex::brain::lcd::print(char const*, ...)
 *fill*         0x03809274        0x4 
 .text._ZN3vex5brain3lcd8hueToRgbEm
                0x03809278       0xe0 c:\Users\Jayden\AppData\Roaming\Code\User\globalStorage\vexrobotics.vexcode\sdk\cpp\V5\V5_20220726_10_00_00/vexv5\libv5rt.a(vex_brain.cpp.obj)
                0x03809278                vex::brain::lcd::hueToRgb(unsigned long)
 .text._ZN3vex5brain3lcd13drawRectangleEiiiii
                0x03809358       0x54 c:\Users\Jayden\AppData\Roaming\Code\User\globalStorage\vexrobotics.vexcode\sdk\cpp\V5\V5_20220726_10_00_00/vexv5\libv5rt.a(vex_brain.cpp.obj)
                0x03809358                vex::brain::lcd::drawRectangle(int, int, int, int, int)
 .text._ZN3vex5brain7battery8capacityENS_12percentUnitsE
                0x038093ac       0x18 c:\Users\Jayden\AppData\Roaming\Code\User\globalStorage\vexrobotics.vexcode\sdk\cpp\V5\V5_20220726_10_00_00/vexv5\libv5rt.a(vex_brain.cpp.obj)
                0x038093ac                vex::brain::battery::capacity(vex::percentUnits)
 *fill*         0x038093c4        0x4 
 .text._ZN3vex5brain7battery11temperatureENS_16temperatureUnitsE
                0x038093c8       0x40 c:\Users\Jayden\AppData\Roaming\Code\User\globalStorage\vexrobotics.vexcode\sdk\cpp\V5\V5_20220726_10_00_00/vexv5\libv5rt.a(vex_brain.cpp.obj)
                0x038093c8                vex::brain::battery::temperature(vex::temperatureUnits)
 .text._ZN3vex5brain7battery7voltageENS_12voltageUnitsE
                0x03809408       0x30 c:\Users\Jayden\AppData\Roaming\Code\User\globalStorage\vexrobotics.vexcode\sdk\cpp\V5\V5_20220726_10_00_00/vexv5\libv5rt.a(vex_brain.cpp.obj)
                0x03809408                vex::brain::battery::voltage(vex::voltageUnits)
 .text._ZN3vex5brain7battery7currentENS_12currentUnitsE
                0x03809438       0x30 c:\Users\Jayden\AppData\Roaming\Code\User\globalStorage\vexrobotics.vexcode\sdk\cpp\V5\V5_20220726_10_00_00/vexv5\libv5rt.a(vex_brain.cpp.obj)
                0x03809438                vex::brain::battery::current(vex::currentUnits)
 .text._ZN3vex5brainD2Ev
                0x03809468       0x20 c:\Users\Jayden\AppData\Roaming\Code\User\globalStorage\vexrobotics.vexcode\sdk\cpp\V5\V5_20220726_10_00_00/vexv5\libv5rt.a(vex_brain.cpp.obj)
                0x03809468                vex::brain::~brain()
                0x03809468                vex::brain::~brain()
 .text._ZN3vex11competition8_disableEPv
                0x03809488       0xa4 c:\Users\Jayden\AppData\Roaming\Code\User\globalStorage\vexrobotics.vexcode\sdk\cpp\V5\V5_20220726_10_00_00/vexv5\libv5rt.a(vex_competition.cpp.obj)
                0x03809488                vex::competition::_disable(void*)
 .text._ZN3vex11competition11_autonomousEv
                0x0380952c       0x80 c:\Users\Jayden\AppData\Roaming\Code\User\globalStorage\vexrobotics.vexcode\sdk\cpp\V5\V5_20220726_10_00_00/vexv5\libv5rt.a(vex_competition.cpp.obj)
                0x0380952c                vex::competition::_autonomous()
 .text._ZN3vex11competition14_drivercontrolEv
                0x038095ac       0x80 c:\Users\Jayden\AppData\Roaming\Code\User\globalStorage\vexrobotics.vexcode\sdk\cpp\V5\V5_20220726_10_00_00/vexv5\libv5rt.a(vex_competition.cpp.obj)
                0x038095ac                vex::competition::_drivercontrol()
 .text._ZN3vex11competitionC2Ev
                0x0380962c      0x13c c:\Users\Jayden\AppData\Roaming\Code\User\globalStorage\vexrobotics.vexcode\sdk\cpp\V5\V5_20220726_10_00_00/vexv5\libv5rt.a(vex_competition.cpp.obj)
                0x0380962c                vex::competition::competition()
                0x0380962c                vex::competition::competition()
 .text._ZN3vex11competitionD2Ev
                0x03809768        0x4 c:\Users\Jayden\AppData\Roaming\Code\User\globalStorage\vexrobotics.vexcode\sdk\cpp\V5\V5_20220726_10_00_00/vexv5\libv5rt.a(vex_competition.cpp.obj)
                0x03809768                vex::competition::~competition()
                0x03809768                vex::competition::~competition()
 .text._ZN3vex11competition10autonomousEPFvvE
                0x0380976c       0x44 c:\Users\Jayden\AppData\Roaming\Code\User\globalStorage\vexrobotics.vexcode\sdk\cpp\V5\V5_20220726_10_00_00/vexv5\libv5rt.a(vex_competition.cpp.obj)
                0x0380976c                vex::competition::autonomous(void (*)())
 .text._ZN3vex11competition13drivercontrolEPFvvE
                0x038097b0       0x44 c:\Users\Jayden\AppData\Roaming\Code\User\globalStorage\vexrobotics.vexcode\sdk\cpp\V5\V5_20220726_10_00_00/vexv5\libv5rt.a(vex_competition.cpp.obj)
                0x038097b0                vex::competition::drivercontrol(void (*)())
 .text._ZN3vex11competition9isEnabledEv
                0x038097f4       0x14 c:\Users\Jayden\AppData\Roaming\Code\User\globalStorage\vexrobotics.vexcode\sdk\cpp\V5\V5_20220726_10_00_00/vexv5\libv5rt.a(vex_competition.cpp.obj)
                0x038097f4                vex::competition::isEnabled()
 .text._ZN3vex11competition15isDriverControlEv
                0x03809808       0x14 c:\Users\Jayden\AppData\Roaming\Code\User\globalStorage\vexrobotics.vexcode\sdk\cpp\V5\V5_20220726_10_00_00/vexv5\libv5rt.a(vex_competition.cpp.obj)
                0x03809808                vex::competition::isDriverControl()
 .text._ZN3vex11competition12isAutonomousEv
                0x0380981c       0x14 c:\Users\Jayden\AppData\Roaming\Code\User\globalStorage\vexrobotics.vexcode\sdk\cpp\V5\V5_20220726_10_00_00/vexv5\libv5rt.a(vex_competition.cpp.obj)
                0x0380981c                vex::competition::isAutonomous()
 .text._ZN3vex7triportD2Ev
                0x03809830       0x38 c:\Users\Jayden\AppData\Roaming\Code\User\globalStorage\vexrobotics.vexcode\sdk\cpp\V5\V5_20220726_10_00_00/vexv5\libv5rt.a(vex_triport.cpp.obj)
                0x03809830                vex::triport::~triport()
                0x03809830                vex::triport::~triport()
 .text._ZN3vex7triportD0Ev
                0x03809868       0x1c c:\Users\Jayden\AppData\Roaming\Code\User\globalStorage\vexrobotics.vexcode\sdk\cpp\V5\V5_20220726_10_00_00/vexv5\libv5rt.a(vex_triport.cpp.obj)
                0x03809868                vex::triport::~triport()
 .text._ZN3vex7triport9installedEv
                0x03809884       0x18 c:\Users\Jayden\AppData\Roaming\Code\User\globalStorage\vexrobotics.vexcode\sdk\cpp\V5\V5_20220726_10_00_00/vexv5\libv5rt.a(vex_triport.cpp.obj)
                0x03809884                vex::triport::installed()
 .text._ZN3vex7triport4portC2ElPS0_
                0x0380989c       0x74 c:\Users\Jayden\AppData\Roaming\Code\User\globalStorage\vexrobotics.vexcode\sdk\cpp\V5\V5_20220726_10_00_00/vexv5\libv5rt.a(vex_triport.cpp.obj)
                0x0380989c                vex::triport::port::port(long, vex::triport*)
                0x0380989c                vex::triport::port::port(long, vex::triport*)
 .text._ZN3vex7triportC2El
                0x03809910       0xf0 c:\Users\Jayden\AppData\Roaming\Code\User\globalStorage\vexrobotics.vexcode\sdk\cpp\V5\V5_20220726_10_00_00/vexv5\libv5rt.a(vex_triport.cpp.obj)
                0x03809910                vex::triport::triport(long)
                0x03809910                vex::triport::triport(long)
 .text._ZN3vex7triport4port4typeENS_11triportTypeE
                0x03809a00       0x30 c:\Users\Jayden\AppData\Roaming\Code\User\globalStorage\vexrobotics.vexcode\sdk\cpp\V5\V5_20220726_10_00_00/vexv5\libv5rt.a(vex_triport.cpp.obj)
                0x03809a00                vex::triport::port::type(vex::triportType)
 .text._ZN3vex7triport4port4typeEv
                0x03809a30       0x38 c:\Users\Jayden\AppData\Roaming\Code\User\globalStorage\vexrobotics.vexcode\sdk\cpp\V5\V5_20220726_10_00_00/vexv5\libv5rt.a(vex_triport.cpp.obj)
                0x03809a30                vex::triport::port::type()
 .text._ZN3vex7triport4port5valueEl
                0x03809a68       0x18 c:\Users\Jayden\AppData\Roaming\Code\User\globalStorage\vexrobotics.vexcode\sdk\cpp\V5\V5_20220726_10_00_00/vexv5\libv5rt.a(vex_triport.cpp.obj)
                0x03809a68                vex::triport::port::value(long)
 .text._ZN3vex11__trideviceC2ERNS_7triport4portENS_11triportTypeE
                0x03809a80       0x5c c:\Users\Jayden\AppData\Roaming\Code\User\globalStorage\vexrobotics.vexcode\sdk\cpp\V5\V5_20220726_10_00_00/vexv5\libv5rt.a(vex_triport.cpp.obj)
                0x03809a80                vex::__tridevice::__tridevice(vex::triport::port&, vex::triportType)
                0x03809a80                vex::__tridevice::__tridevice(vex::triport::port&, vex::triportType)
 .text._ZN3vex11digital_outC2ERNS_7triport4portE
                0x03809adc       0x18 c:\Users\Jayden\AppData\Roaming\Code\User\globalStorage\vexrobotics.vexcode\sdk\cpp\V5\V5_20220726_10_00_00/vexv5\libv5rt.a(vex_triport.cpp.obj)
                0x03809adc                vex::digital_out::digital_out(vex::triport::port&)
                0x03809adc                vex::digital_out::digital_out(vex::triport::port&)
 .text._ZN3vex11digital_outD2Ev
                0x03809af4        0x4 c:\Users\Jayden\AppData\Roaming\Code\User\globalStorage\vexrobotics.vexcode\sdk\cpp\V5\V5_20220726_10_00_00/vexv5\libv5rt.a(vex_triport.cpp.obj)
                0x03809af4                vex::digital_out::~digital_out()
                0x03809af4                vex::digital_out::~digital_out()
 .text._ZN3vex11digital_out3setEb
                0x03809af8        0x8 c:\Users\Jayden\AppData\Roaming\Code\User\globalStorage\vexrobotics.vexcode\sdk\cpp\V5\V5_20220726_10_00_00/vexv5\libv5rt.a(vex_triport.cpp.obj)
                0x03809af8                vex::digital_out::set(bool)
 .text._ZN3vex5colorD2Ev
                0x03809b00        0x4 c:\Users\Jayden\AppData\Roaming\Code\User\globalStorage\vexrobotics.vexcode\sdk\cpp\V5\V5_20220726_10_00_00/vexv5\libv5rt.a(vex_color.cpp.obj)
                0x03809b00                vex::color::~color()
                0x03809b00                vex::color::~color()
 .text._ZN3vex5colorC2Ev
                0x03809b04       0x10 c:\Users\Jayden\AppData\Roaming\Code\User\globalStorage\vexrobotics.vexcode\sdk\cpp\V5\V5_20220726_10_00_00/vexv5\libv5rt.a(vex_color.cpp.obj)
                0x03809b04                vex::color::color()
                0x03809b04                vex::color::color()
 .text._ZN3vex5colorC2Ehhh
                0x03809b14       0x1c c:\Users\Jayden\AppData\Roaming\Code\User\globalStorage\vexrobotics.vexcode\sdk\cpp\V5\V5_20220726_10_00_00/vexv5\libv5rt.a(vex_color.cpp.obj)
                0x03809b14                vex::color::color(unsigned char, unsigned char, unsigned char)
                0x03809b14                vex::color::color(unsigned char, unsigned char, unsigned char)
 .text._ZN3vex5color3rgbEhhh
                0x03809b30       0x20 c:\Users\Jayden\AppData\Roaming\Code\User\globalStorage\vexrobotics.vexcode\sdk\cpp\V5\V5_20220726_10_00_00/vexv5\libv5rt.a(vex_color.cpp.obj)
                0x03809b30                vex::color::rgb(unsigned char, unsigned char, unsigned char)
 .text._ZNK3vex5colorcvmEv
                0x03809b50        0x8 c:\Users\Jayden\AppData\Roaming\Code\User\globalStorage\vexrobotics.vexcode\sdk\cpp\V5\V5_20220726_10_00_00/vexv5\libv5rt.a(vex_color.cpp.obj)
                0x03809b50                vex::color::operator unsigned long() const
 .text._ZNK3vex5color13isTransparentEv
                0x03809b58        0x8 c:\Users\Jayden\AppData\Roaming\Code\User\globalStorage\vexrobotics.vexcode\sdk\cpp\V5\V5_20220726_10_00_00/vexv5\libv5rt.a(vex_color.cpp.obj)
                0x03809b58                vex::color::isTransparent() const
 .text.startup._GLOBAL__sub_I__ZN3vex5color5blackE
                0x03809b60      0x164 c:\Users\Jayden\AppData\Roaming\Code\User\globalStorage\vexrobotics.vexcode\sdk\cpp\V5\V5_20220726_10_00_00/vexv5\libv5rt.a(vex_color.cpp.obj)
 .text._ZN3vex5timerD2Ev
                0x03809cc4        0x4 c:\Users\Jayden\AppData\Roaming\Code\User\globalStorage\vexrobotics.vexcode\sdk\cpp\V5\V5_20220726_10_00_00/vexv5\libv5rt.a(vex_timer.cpp.obj)
                0x03809cc4                vex::timer::~timer()
                0x03809cc4                vex::timer::~timer()
 .text._ZN3vex5timer5clearEv
                0x03809cc8       0x1c c:\Users\Jayden\AppData\Roaming\Code\User\globalStorage\vexrobotics.vexcode\sdk\cpp\V5\V5_20220726_10_00_00/vexv5\libv5rt.a(vex_timer.cpp.obj)
                0x03809cc8                vex::timer::clear()
 .text._ZN3vex5timerC2Ev
                0x03809ce4       0x14 c:\Users\Jayden\AppData\Roaming\Code\User\globalStorage\vexrobotics.vexcode\sdk\cpp\V5\V5_20220726_10_00_00/vexv5\libv5rt.a(vex_timer.cpp.obj)
                0x03809ce4                vex::timer::timer()
                0x03809ce4                vex::timer::timer()
 .text.vexAdiPortConfigSet
                0x03809cf8       0x28 c:\Users\Jayden\AppData\Roaming\Code\User\globalStorage\vexrobotics.vexcode\sdk\cpp\V5\V5_20220726_10_00_00/vexv5\libv5rt.a(v5_apiuser.c.obj)
                0x03809cf8                vexAdiPortConfigSet
 .text.vexAdiPortConfigGet
                0x03809d20       0x28 c:\Users\Jayden\AppData\Roaming\Code\User\globalStorage\vexrobotics.vexcode\sdk\cpp\V5\V5_20220726_10_00_00/vexv5\libv5rt.a(v5_apiuser.c.obj)
                0x03809d20                vexAdiPortConfigGet
 .text.vexAdiValueSet
                0x03809d48       0x28 c:\Users\Jayden\AppData\Roaming\Code\User\globalStorage\vexrobotics.vexcode\sdk\cpp\V5\V5_20220726_10_00_00/vexv5\libv5rt.a(v5_apiuser.c.obj)
                0x03809d48                vexAdiValueSet
 .text.vexMotorVelocitySet
                0x03809d70       0x20 c:\Users\Jayden\AppData\Roaming\Code\User\globalStorage\vexrobotics.vexcode\sdk\cpp\V5\V5_20220726_10_00_00/vexv5\libv5rt.a(v5_apiuser.c.obj)
                0x03809d70                vexMotorVelocitySet
 .text.vexMotorActualVelocityGet
                0x03809d90       0x24 c:\Users\Jayden\AppData\Roaming\Code\User\globalStorage\vexrobotics.vexcode\sdk\cpp\V5\V5_20220726_10_00_00/vexv5\libv5rt.a(v5_apiuser.c.obj)
                0x03809d90                vexMotorActualVelocityGet
 .text.vexMotorCurrentLimitSet
                0x03809db4       0x20 c:\Users\Jayden\AppData\Roaming\Code\User\globalStorage\vexrobotics.vexcode\sdk\cpp\V5\V5_20220726_10_00_00/vexv5\libv5rt.a(v5_apiuser.c.obj)
                0x03809db4                vexMotorCurrentLimitSet
 .text.vexMotorReverseFlagSet
                0x03809dd4       0x20 c:\Users\Jayden\AppData\Roaming\Code\User\globalStorage\vexrobotics.vexcode\sdk\cpp\V5\V5_20220726_10_00_00/vexv5\libv5rt.a(v5_apiuser.c.obj)
                0x03809dd4                vexMotorReverseFlagSet
 .text.vexMotorBrakeModeSet
                0x03809df4       0x20 c:\Users\Jayden\AppData\Roaming\Code\User\globalStorage\vexrobotics.vexcode\sdk\cpp\V5\V5_20220726_10_00_00/vexv5\libv5rt.a(v5_apiuser.c.obj)
                0x03809df4                vexMotorBrakeModeSet
 .text.vexMotorPositionSet
                0x03809e14       0x28 c:\Users\Jayden\AppData\Roaming\Code\User\globalStorage\vexrobotics.vexcode\sdk\cpp\V5\V5_20220726_10_00_00/vexv5\libv5rt.a(v5_apiuser.c.obj)
                0x03809e14                vexMotorPositionSet
 .text.vexMotorGearingSet
                0x03809e3c       0x20 c:\Users\Jayden\AppData\Roaming\Code\User\globalStorage\vexrobotics.vexcode\sdk\cpp\V5\V5_20220726_10_00_00/vexv5\libv5rt.a(v5_apiuser.c.obj)
                0x03809e3c                vexMotorGearingSet
 .text.vexMotorGearingGet
                0x03809e5c       0x18 c:\Users\Jayden\AppData\Roaming\Code\User\globalStorage\vexrobotics.vexcode\sdk\cpp\V5\V5_20220726_10_00_00/vexv5\libv5rt.a(v5_apiuser.c.obj)
                0x03809e5c                vexMotorGearingGet
 .text.vexImuReset
                0x03809e74       0x10 c:\Users\Jayden\AppData\Roaming\Code\User\globalStorage\vexrobotics.vexcode\sdk\cpp\V5\V5_20220726_10_00_00/vexv5\libv5rt.a(v5_apiuser.c.obj)
                0x03809e74                vexImuReset
 .text.vexImuHeadingGet
                0x03809e84       0x10 c:\Users\Jayden\AppData\Roaming\Code\User\globalStorage\vexrobotics.vexcode\sdk\cpp\V5\V5_20220726_10_00_00/vexv5\libv5rt.a(v5_apiuser.c.obj)
                0x03809e84                vexImuHeadingGet
 .text.vexImuDegreesGet
                0x03809e94       0x10 c:\Users\Jayden\AppData\Roaming\Code\User\globalStorage\vexrobotics.vexcode\sdk\cpp\V5\V5_20220726_10_00_00/vexv5\libv5rt.a(v5_apiuser.c.obj)
                0x03809e94                vexImuDegreesGet
 .text.vexImuStatusGet
                0x03809ea4       0x10 c:\Users\Jayden\AppData\Roaming\Code\User\globalStorage\vexrobotics.vexcode\sdk\cpp\V5\V5_20220726_10_00_00/vexv5\libv5rt.a(v5_apiuser.c.obj)
                0x03809ea4                vexImuStatusGet
 .text.vexDistanceDistanceGet
                0x03809eb4       0x10 c:\Users\Jayden\AppData\Roaming\Code\User\globalStorage\vexrobotics.vexcode\sdk\cpp\V5\V5_20220726_10_00_00/vexv5\libv5rt.a(v5_apiuser.c.obj)
                0x03809eb4                vexDistanceDistanceGet
 .text.vexEventMaskSet
                0x03809ec4       0x28 c:\Users\Jayden\AppData\Roaming\Code\User\globalStorage\vexrobotics.vexcode\sdk\cpp\V5\V5_20220726_10_00_00/vexv5\libv5rt.a(v5_apiuser.c.obj)
                0x03809ec4                vexEventMaskSet
 .text.vexEventMaskGet
                0x03809eec       0x18 c:\Users\Jayden\AppData\Roaming\Code\User\globalStorage\vexrobotics.vexcode\sdk\cpp\V5\V5_20220726_10_00_00/vexv5\libv5rt.a(v5_apiuser.c.obj)
                0x03809eec                vexEventMaskGet
 .text._ZN3vex6deviceD2Ev
                0x03809f04        0x4 c:\Users\Jayden\AppData\Roaming\Code\User\globalStorage\vexrobotics.vexcode\sdk\cpp\V5\V5_20220726_10_00_00/vexv5\libv5rt.a(vex_device.cpp.obj)
                0x03809f04                vex::device::~device()
                0x03809f04                vex::device::~device()
 .text._ZN3vex6device5valueEv
                0x03809f08        0x8 c:\Users\Jayden\AppData\Roaming\Code\User\globalStorage\vexrobotics.vexcode\sdk\cpp\V5\V5_20220726_10_00_00/vexv5\libv5rt.a(vex_device.cpp.obj)
                0x03809f08                vex::device::value()
 .text._ZN3vex6deviceD0Ev
                0x03809f10       0x14 c:\Users\Jayden\AppData\Roaming\Code\User\globalStorage\vexrobotics.vexcode\sdk\cpp\V5\V5_20220726_10_00_00/vexv5\libv5rt.a(vex_device.cpp.obj)
                0x03809f10                vex::device::~device()
 .text._ZN3vex6device4initEl
                0x03809f24       0x30 c:\Users\Jayden\AppData\Roaming\Code\User\globalStorage\vexrobotics.vexcode\sdk\cpp\V5\V5_20220726_10_00_00/vexv5\libv5rt.a(vex_device.cpp.obj)
                0x03809f24                vex::device::init(long)
 .text._ZN3vex6deviceC2El
                0x03809f54       0x20 c:\Users\Jayden\AppData\Roaming\Code\User\globalStorage\vexrobotics.vexcode\sdk\cpp\V5\V5_20220726_10_00_00/vexv5\libv5rt.a(vex_device.cpp.obj)
                0x03809f54                vex::device::device(long)
                0x03809f54                vex::device::device(long)
 .text._ZN3vex6device4typeEv
                0x03809f74       0x10 c:\Users\Jayden\AppData\Roaming\Code\User\globalStorage\vexrobotics.vexcode\sdk\cpp\V5\V5_20220726_10_00_00/vexv5\libv5rt.a(vex_device.cpp.obj)
                0x03809f74                vex::device::type()
 .text._ZN3vex6device9installedEv
                0x03809f84       0x14 c:\Users\Jayden\AppData\Roaming\Code\User\globalStorage\vexrobotics.vexcode\sdk\cpp\V5\V5_20220726_10_00_00/vexv5\libv5rt.a(vex_device.cpp.obj)
                0x03809f84                vex::device::installed()
 .text.__aeabi_memcpy
                0x03809f98        0x4 c:\Users\Jayden\AppData\Roaming\Code\User\globalStorage\vexrobotics.vexcode\sdk\cpp\V5\V5_20220726_10_00_00/vexv5/gcc/libs\libc.a(lib_a-aeabi_memcpy.o)
                0x03809f98                __aeabi_memcpy
                0x03809f98                __aeabi_memcpy8
                0x03809f98                __aeabi_memcpy4
 .text.__libc_fini_array
                0x03809f9c       0x30 c:\Users\Jayden\AppData\Roaming\Code\User\globalStorage\vexrobotics.vexcode\sdk\cpp\V5\V5_20220726_10_00_00/vexv5/gcc/libs\libc.a(lib_a-fini.o)
                0x03809f9c                __libc_fini_array
 .text.__libc_init_array
                0x03809fcc       0x58 c:\Users\Jayden\AppData\Roaming\Code\User\globalStorage\vexrobotics.vexcode\sdk\cpp\V5\V5_20220726_10_00_00/vexv5/gcc/libs\libc.a(lib_a-init.o)
                0x03809fcc                __libc_init_array
 .text.ispunct  0x0380a024       0x14 c:\Users\Jayden\AppData\Roaming\Code\User\globalStorage\vexrobotics.vexcode\sdk\cpp\V5\V5_20220726_10_00_00/vexv5/gcc/libs\libc.a(lib_a-ispunct.o)
                0x0380a024                ispunct
 .text.memcpy   0x0380a038       0xa8 c:\Users\Jayden\AppData\Roaming\Code\User\globalStorage\vexrobotics.vexcode\sdk\cpp\V5\V5_20220726_10_00_00/vexv5/gcc/libs\libc.a(lib_a-memcpy.o)
                0x0380a038                memcpy
 .text.memcpy.__stub
                0x0380a0e0       0x18 linker stubs
 *(.gnu.linkonce.t.*)
 *(.plt)
 *(.gnu_warning)
 *(.gcc_except_table)
 *(.glue_7)
 .glue_7        0x00000000        0x0 linker stubs
 *(.glue_7t)
 .glue_7t       0x00000000        0x0 linker stubs
 *(.vfp11_veneer)
 .vfp11_veneer  0x00000000        0x0 linker stubs
 *(.ARM.extab)
 *(.gnu.linkonce.armextab.*)

.v4_bx          0x0380a0f8        0x0
 .v4_bx         0x00000000        0x0 linker stubs

.iplt           0x0380a0f8        0x0
 .iplt          0x00000000        0x0 build/src/main.o

.init
 *(.init)

.fini
 *(.fini)

.rodata         0x0380a0f8     0x2f55
                0x0380a0f8                __rodata_start = .
 *(.rodata)
 *(.rodata.*)
 .rodata.str1.1
                0x0380a0f8       0x67 build/src/main.o
 .rodata.str1.1
                0x0380a15f       0x4e build/evAPI/vexUI/src/UserInterface.o
                                 0x59 (size before relaxing)
 *fill*         0x0380a1ad        0x3 
 .rodata..Lconstinit
                0x0380a1b0      0x4c9 build/evAPI/vexUI/src/UserInterface.o
 *fill*         0x0380a679        0x7 
 .rodata..Lconstinit.150
                0x0380a680      0x4c9 build/evAPI/vexUI/src/UserInterface.o
 *fill*         0x0380ab49        0x7 
 .rodata..Lconstinit.151
                0x0380ab50      0x4c9 build/evAPI/vexUI/src/UserInterface.o
 *fill*         0x0380b019        0x7 
 .rodata..Lconstinit.152
                0x0380b020      0x4c9 build/evAPI/vexUI/src/UserInterface.o
 *fill*         0x0380b4e9        0x7 
 .rodata..Lconstinit.153
                0x0380b4f0      0x4c9 build/evAPI/vexUI/src/UserInterface.o
 *fill*         0x0380b9b9        0x7 
 .rodata..Lconstinit.154
                0x0380b9c0      0x4c9 build/evAPI/vexUI/src/UserInterface.o
 *fill*         0x0380be89        0x7 
 .rodata..Lconstinit.155
                0x0380be90      0x4c9 build/evAPI/vexUI/src/UserInterface.o
 *fill*         0x0380c359        0x7 
 .rodata..Lconstinit.156
                0x0380c360      0x4c9 build/evAPI/vexUI/src/UserInterface.o
 *fill*         0x0380c829        0x7 
 .rodata..Lconstinit.157