Archive member included because of file (symbol)

c:\Users\theco\AppData\Roaming\Code\User\globalStorage\vexrobotics.vexcode\sdk\cpp\V5\V5_20220726_10_00_00/vexv5\libv5rt.a(v5_startup.c.obj)
                              (vexStartup)
c:\Users\theco\AppData\Roaming\Code\User\globalStorage\vexrobotics.vexcode\sdk\cpp\V5\V5_20220726_10_00_00/vexv5\libv5rt.a(v5_util.c.obj)
                              c:\Users\theco\AppData\Roaming\Code\User\globalStorage\vexrobotics.vexcode\sdk\cpp\V5\V5_20220726_10_00_00/vexv5\libv5rt.a(v5_startup.c.obj) (vexStdlibVersionLinked)
c:\Users\theco\AppData\Roaming\Code\User\globalStorage\vexrobotics.vexcode\sdk\cpp\V5\V5_20220726_10_00_00/vexv5\libv5rt.a(v5_apijump.c.obj)
                              c:\Users\theco\AppData\Roaming\Code\User\globalStorage\vexrobotics.vexcode\sdk\cpp\V5\V5_20220726_10_00_00/vexv5\libv5rt.a(v5_startup.c.obj) (vexPrivateApiEnable)
c:\Users\theco\AppData\Roaming\Code\User\globalStorage\vexrobotics.vexcode\sdk\cpp\V5\V5_20220726_10_00_00/vexv5\libv5rt.a(v5_apiversions.c.obj)
                              c:\Users\theco\AppData\Roaming\Code\User\globalStorage\vexrobotics.vexcode\sdk\cpp\V5\V5_20220726_10_00_00/vexv5\libv5rt.a(v5_apijump.c.obj) (vexSystemVersion)
c:\Users\theco\AppData\Roaming\Code\User\globalStorage\vexrobotics.vexcode\sdk\cpp\V5\V5_20220726_10_00_00/vexv5\libv5rt.a(vex_global.cpp.obj)
                              build/evAPI/vexUI/src/UserInterface.o (vex::mono60)
c:\Users\theco\AppData\Roaming\Code\User\globalStorage\vexrobotics.vexcode\sdk\cpp\V5\V5_20220726_10_00_00/vexv5\libv5rt.a(vex_device.cpp.obj)
                              build/evAPI/Common/src/robotSystem.o (vex::devices::devices())
c:\Users\theco\AppData\Roaming\Code\User\globalStorage\vexrobotics.vexcode\sdk\cpp\V5\V5_20220726_10_00_00/vexv5\libv5rt.a(vex_motor.cpp.obj)
                              build/evAPI/robotControl/src/Drive.o (vex::motor::setReversed(bool))
c:\Users\theco\AppData\Roaming\Code\User\globalStorage\vexrobotics.vexcode\sdk\cpp\V5\V5_20220726_10_00_00/vexv5\libv5rt.a(vex_imu.cpp.obj)
                              build/evAPI/odomSupport/src/odomInertial.o (vex::inertial::inertial(long, vex::turnType))
c:\Users\theco\AppData\Roaming\Code\User\globalStorage\vexrobotics.vexcode\sdk\cpp\V5\V5_20220726_10_00_00/vexv5\libv5rt.a(vex_rotation.cpp.obj)
                              build/evAPI/odomSupport/src/odomCore.o (vex::rotation::rotation(long, bool))
c:\Users\theco\AppData\Roaming\Code\User\globalStorage\vexrobotics.vexcode\sdk\cpp\V5\V5_20220726_10_00_00/vexv5\libv5rt.a(vex_controller.cpp.obj)
                              build/evAPI/robotControl/src/Controllers.o (vex::controller::~controller())
c:\Users\theco\AppData\Roaming\Code\User\globalStorage\vexrobotics.vexcode\sdk\cpp\V5\V5_20220726_10_00_00/vexv5\libv5rt.a(vex_task.cpp.obj)
                              build/evAPI/robotControl/src/Drive.o (vex::task::sleep(unsigned long))
c:\Users\theco\AppData\Roaming\Code\User\globalStorage\vexrobotics.vexcode\sdk\cpp\V5\V5_20220726_10_00_00/vexv5\libv5rt.a(vex_thread.cpp.obj)
                              build/evAPI/odomSupport/src/odomCore.o (vex::thread::thread(int (*)()))
c:\Users\theco\AppData\Roaming\Code\User\globalStorage\vexrobotics.vexcode\sdk\cpp\V5\V5_20220726_10_00_00/vexv5\libv5rt.a(vex_event.cpp.obj)
                              c:\Users\theco\AppData\Roaming\Code\User\globalStorage\vexrobotics.vexcode\sdk\cpp\V5\V5_20220726_10_00_00/vexv5\libv5rt.a(vex_imu.cpp.obj) (vex::event::init(unsigned long, unsigned long, void (*)()))
c:\Users\theco\AppData\Roaming\Code\User\globalStorage\vexrobotics.vexcode\sdk\cpp\V5\V5_20220726_10_00_00/vexv5\libv5rt.a(vex_mevent.cpp.obj)
                              c:\Users\theco\AppData\Roaming\Code\User\globalStorage\vexrobotics.vexcode\sdk\cpp\V5\V5_20220726_10_00_00/vexv5\libv5rt.a(vex_controller.cpp.obj) (vex::mevent::mevent(unsigned long, unsigned long))
c:\Users\theco\AppData\Roaming\Code\User\globalStorage\vexrobotics.vexcode\sdk\cpp\V5\V5_20220726_10_00_00/vexv5\libv5rt.a(vex_brain.cpp.obj)
                              build/src/main.o (vex::brain::timer(vex::timeUnits))
c:\Users\theco\AppData\Roaming\Code\User\globalStorage\vexrobotics.vexcode\sdk\cpp\V5\V5_20220726_10_00_00/vexv5\libv5rt.a(vex_competition.cpp.obj)
                              build/evAPI/Common/src/robotStatus.o (vex::competition::competition())
c:\Users\theco\AppData\Roaming\Code\User\globalStorage\vexrobotics.vexcode\sdk\cpp\V5\V5_20220726_10_00_00/vexv5\libv5rt.a(vex_triport.cpp.obj)
                              c:\Users\theco\AppData\Roaming\Code\User\globalStorage\vexrobotics.vexcode\sdk\cpp\V5\V5_20220726_10_00_00/vexv5\libv5rt.a(vex_brain.cpp.obj) (vex::triport::~triport())
c:\Users\theco\AppData\Roaming\Code\User\globalStorage\vexrobotics.vexcode\sdk\cpp\V5\V5_20220726_10_00_00/vexv5\libv5rt.a(vex_color.cpp.obj)
                              build/src/main.o (vex::color::~color())
[...]
Memory Configuration

Name             Origin             Length             Attributes
ps7_ddr_0_S_AXI_BASEADDR 0x03800000         0x04800000
*default*        0x00000000         0xffffffff

Linker script and memory map

                0x00002000                _STACK_SIZE = DEFINED (_STACK_SIZE)?_STACK_SIZE:0x2000
                0x00100000                _HEAP_SIZE = DEFINED (_HEAP_SIZE)?_HEAP_SIZE:0x100000
                0x00000400                _ABORT_STACK_SIZE = DEFINED (_ABORT_STACK_SIZE)?_ABORT_STACK_SIZE:0x400
                0x00000800                _SUPERVISOR_STACK_SIZE = DEFINED (_SUPERVISOR_STACK_SIZE)?_SUPERVISOR_STACK_SIZE:0x800
                0x00000400                _IRQ_STACK_SIZE = DEFINED (_IRQ_STACK_SIZE)?_IRQ_STACK_SIZE:0x400
                0x00000400                _FIQ_STACK_SIZE = DEFINED (_FIQ_STACK_SIZE)?_FIQ_STACK_SIZE:0x400
                0x00000400                _UNDEF_STACK_SIZE = DEFINED (_UNDEF_STACK_SIZE)?_UNDEF_STACK_SIZE:0x400

.text           0x03800000     0x9820
 *(.vectors)
 *(.boot_data)
 .boot_data     0x03800000       0x20 c:\Users\theco\AppData\Roaming\Code\User\globalStorage\vexrobotics.vexcode\sdk\cpp\V5\V5_20220726_10_00_00/vexv5\libv5rt.a(v5_startup.c.obj)
                0x03800000                vexCodeSig
                0x00000020                . = 0x20
 *(.boot)
 .boot          0x03800020       0xbc c:\Users\theco\AppData\Roaming\Code\User\globalStorage\vexrobotics.vexcode\sdk\cpp\V5\V5_20220726_10_00_00/vexv5\libv5rt.a(v5_startup.c.obj)
                0x03800020                vexStartup
                0x03800100                . = ALIGN (0x40)
 *fill*         0x038000dc       0x24 
 *(.freertos_vectors)
 *(.text)
 *(.text.*)
 .text._Z7preAutov
                0x03800100      0x748 build/src/main.o
                0x03800100                preAuto()
 .text._Z10autonomousv
                0x03800848        0xc build/src/main.o
                0x03800848                autonomous()
 .text._Z6driverv
                0x03800854        0x4 build/src/main.o
                0x03800854                driver()
 .text.main     0x03800858      0x1a4 build/src/main.o
                0x03800858                main
 .text._GLOBAL__sub_I_main.cpp
                0x038009fc     0x1870 build/src/main.o
 .text._Z11vexcodeInitv
                0x0380226c        0x4 build/src/robot-config.o
                0x0380226c                vexcodeInit()
 .text._GLOBAL__sub_I_robot_config.cpp
                0x03802270       0x34 build/src/robot-config.o
 .text._ZN5evAPI3PIDC2Eddddd
                0x038022a4       0x48 build/evAPI/Common/src/PID.o
                0x038022a4                evAPI::PID::PID(double, double, double, double, double)
                0x038022a4                evAPI::PID::PID(double, double, double, double, double)
 .text._ZN5evAPI11robotStatusD2Ev
                0x038022ec       0x24 build/evAPI/Common/src/robotStatus.o
                0x038022ec                evAPI::robotStatus::~robotStatus()
 .text._ZN5evAPI11robotStatusC2Ev
                0x03802310       0x5c build/evAPI/Common/src/robotStatus.o
                0x03802310                evAPI::robotStatus::robotStatus()
                0x03802310                evAPI::robotStatus::robotStatus()
 .text._GLOBAL__sub_I_robotStatus.cpp
                0x0380236c       0x34 build/evAPI/Common/src/robotStatus.o
 .text._ZN5evAPI11robotSystemD2Ev
                0x038023a0        0x4 build/evAPI/Common/src/robotSystem.o
                0x038023a0                evAPI::robotSystem::~robotSystem()
 .text._GLOBAL__sub_I_robotSystem.cpp
                0x038023a4       0x34 build/evAPI/Common/src/robotSystem.o
 .text._GLOBAL__sub_I_odomCore.cpp
                0x038023d8      0x188 build/evAPI/odomSupport/src/odomCore.o
 .text._GLOBAL__sub_I_odomInertial.cpp
                0x03802560      0x188 build/evAPI/odomSupport/src/odomInertial.o
 .text._ZN5evAPI8odomMainD2Ev
                0x038026e8       0x1c build/evAPI/odomSupport/src/odomMain.o
                0x038026e8                evAPI::odomMain::~odomMain()
 .text._GLOBAL__sub_I_odomMain.cpp
                0x03802704       0x80 build/evAPI/odomSupport/src/odomMain.o
 .text._GLOBAL__sub_I_Controllers.cpp
                0x03802784       0x74 build/evAPI/robotControl/src/Controllers.o
 .text._ZN5evAPI5driveC2Ev
                0x038027f8       0xe8 build/evAPI/robotControl/src/Drive.o
                0x038027f8                evAPI::drive::drive()
                0x038027f8                evAPI::drive::drive()
 .text._ZN5evAPI5drive13setDebugStateEb
                0x038028e0        0x8 build/evAPI/robotControl/src/Drive.o
                0x038028e0                evAPI::drive::setDebugState(bool)
 .text._ZN5evAPI5drive14geartrainSetupEfii
                0x038028e8       0x60 build/evAPI/robotControl/src/Drive.o
                0x038028e8                evAPI::drive::geartrainSetup(float, int, int)
 .text._ZN5evAPI5drive11setBaseTypeENS_13driveBaseTypeE
                0x03802948        0x8 build/evAPI/robotControl/src/Drive.o
                0x03802948                evAPI::drive::setBaseType(evAPI::driveBaseType)
 .text._ZN5evAPI5drive10setGearboxEN3vex11gearSettingE
                0x03802950        0x8 build/evAPI/robotControl/src/Drive.o
                0x03802950                evAPI::drive::setGearbox(vex::gearSetting)
 .text._ZN5evAPI5drive13leftPortSetupEii
                0x03802958       0x58 build/evAPI/robotControl/src/Drive.o
                0x03802958                evAPI::drive::leftPortSetup(int, int)
 .text._ZN5evAPI5drive14rightPortSetupEii
                0x038029b0       0x50 build/evAPI/robotControl/src/Drive.o
                0x038029b0                evAPI::drive::rightPortSetup(int, int)
 .text._ZN5evAPI5drive16leftReverseSetupEii
                0x03802a00       0x38 build/evAPI/robotControl/src/Drive.o
                0x03802a00                evAPI::drive::leftReverseSetup(int, int)
 .text._ZN5evAPI5drive17rightReverseSetupEii
                0x03802a38       0x38 build/evAPI/robotControl/src/Drive.o
                0x03802a38                evAPI::drive::rightReverseSetup(int, int)
 .text._ZN5evAPI5drive14setControlTypeENS_9driveModeENS_12joystickTypeE
                0x03802a70        0xc build/evAPI/robotControl/src/Drive.o
                0x03802a70                evAPI::drive::setControlType(evAPI::driveMode, evAPI::joystickType)
 .text._ZN5evAPI5drive14spinLeftMotorsEi
                0x03802a7c      0x1ac build/evAPI/robotControl/src/Drive.o
                0x03802a7c                evAPI::drive::spinLeftMotors(int)
 .text._ZN5evAPI5drive15spinRightMotorsEi
                0x03802c28      0x1ac build/evAPI/robotControl/src/Drive.o
                0x03802c28                evAPI::drive::spinRightMotors(int)
 .text._ZN5evAPI5drive15controllerDriveEv
                0x03802dd4      0x1cc build/evAPI/robotControl/src/Drive.o
                0x03802dd4                evAPI::drive::controllerDrive()
 .text._ZN5evAPI5drive18setGeneralHandicapEd
                0x03802fa0        0xc build/evAPI/robotControl/src/Drive.o
                0x03802fa0                evAPI::drive::setGeneralHandicap(double)
 .text._ZN5evAPI5drive18setTurningHandicapEd
                0x03802fac        0xc build/evAPI/robotControl/src/Drive.o
                0x03802fac                evAPI::drive::setTurningHandicap(double)
 .text._GLOBAL__sub_I_Drive.cpp
                0x03802fb8      0x194 build/evAPI/robotControl/src/Drive.o
 .text._GLOBAL__sub_I_Flywheel.cpp
                0x0380314c      0x188 build/evAPI/robotControl/src/Flywheel.o
 .text._ZN5evAPI6buttonC2EiPi
                0x038032d4       0x44 build/evAPI/vexUI/src/button.o
                0x038032d4                evAPI::button::button(int, int*)
                0x038032d4                evAPI::button::button(int, int*)
 .text._ZN5evAPI6buttonC2EiPiPFviE
                0x03803318       0x4c build/evAPI/vexUI/src/button.o
                0x03803318                evAPI::button::button(int, int*, void (*)(int))
                0x03803318                evAPI::button::button(int, int*, void (*)(int))
 .text._ZN5evAPI6button12setIconArrayEPA35_b
                0x03803364        0x8 build/evAPI/vexUI/src/button.o
                0x03803364                evAPI::button::setIconArray(bool (*) [35])
 .text._ZN5evAPI6button10drawButtonEv
                0x0380336c       0x4c build/evAPI/vexUI/src/button.o
                0x0380336c                evAPI::button::drawButton()
 .text._ZN5evAPI6button10drawButtonEN3vex5colorE
                0x038033b8       0x40 build/evAPI/vexUI/src/button.o
                0x038033b8                evAPI::button::drawButton(vex::color)
 .text._ZN5evAPI6button10drawButtonEN3vex5colorEi
                0x038033f8       0x3c build/evAPI/vexUI/src/button.o
                0x038033f8                evAPI::button::drawButton(vex::color, int)
 .text._ZN5evAPI6button8setColorEiii
                0x03803434       0x50 build/evAPI/vexUI/src/button.o
                0x03803434                evAPI::button::setColor(int, int, int)
 .text._ZN5evAPI6button8setColorEN3vex5colorE
                0x03803484       0x48 build/evAPI/vexUI/src/button.o
                0x03803484                evAPI::button::setColor(vex::color)
 .text._ZN5evAPI6button7setDimsEiiii
                0x038034cc       0x44 build/evAPI/vexUI/src/button.o
                0x038034cc                evAPI::button::setDims(int, int, int, int)
 .text._ZN5evAPI6button7pressedEii
                0x03803510       0x6c build/evAPI/vexUI/src/button.o
                0x03803510                evAPI::button::pressed(int, int)
 .text._ZN5evAPI6button8setTitleEPKc
                0x0380357c       0x40 build/evAPI/vexUI/src/button.o
                0x0380357c                evAPI::button::setTitle(char const*)
 .text._ZN5evAPI6button14setDescriptionEPKc
                0x038035bc       0x40 build/evAPI/vexUI/src/button.o
                0x038035bc                evAPI::button::setDescription(char const*)
 .text._ZN5evAPI6button8getTitleEi
                0x038035fc        0xc build/evAPI/vexUI/src/button.o
                0x038035fc                evAPI::button::getTitle(int)
 .text._ZN5evAPI6button14getDescriptionEi
                0x03803608        0xc build/evAPI/vexUI/src/button.o
                0x03803608                evAPI::button::getDescription(int)
 .text._ZN5evAPI6button14getTitleLengthEv
                0x03803614        0x8 build/evAPI/vexUI/src/button.o
                0x03803614                evAPI::button::getTitleLength()
 .text._ZN5evAPI6button20getDescriptionLengthEv
                0x0380361c        0x8 build/evAPI/vexUI/src/button.o
                0x0380361c                evAPI::button::getDescriptionLength()
 .text._ZN5evAPI6goodUID2Ev
                0x03803624       0x54 build/evAPI/vexUI/src/UserInterface.o
                0x03803624                evAPI::goodUI::~goodUI()
 .text._ZN5evAPI16UIControllerFuncEv
                0x03803678       0x40 build/evAPI/vexUI/src/UserInterface.o
                0x03803678                evAPI::UIControllerFunc()
 .text._ZN5evAPI6goodUI23drawControllerGraphDataEv
                0x038036b8      0x540 build/evAPI/vexUI/src/UserInterface.o
                0x038036b8                evAPI::goodUI::drawControllerGraphData()
 .text._ZN5evAPI11UIBrainFuncEv
                0x03803bf8       0xec build/evAPI/vexUI/src/UserInterface.o
                0x03803bf8                evAPI::UIBrainFunc()
 .text._ZN5evAPI6goodUI10pressCheckEv
                0x03803ce4       0x4c build/evAPI/vexUI/src/UserInterface.o
                0x03803ce4                evAPI::goodUI::pressCheck()
 .text._ZN5evAPI6goodUI18drawBrainGraphDataEv
                0x03803d30      0x240 build/evAPI/vexUI/src/UserInterface.o
                0x03803d30                evAPI::goodUI::drawBrainGraphData()
 .text._ZN5evAPI6goodUI17printArrowButtonsEv
                0x03803f70      0x274 build/evAPI/vexUI/src/UserInterface.o
                0x03803f70                evAPI::goodUI::printArrowButtons()
 .text._ZN5evAPI6goodUI12printButtonsEv
                0x038041e4       0x94 build/evAPI/vexUI/src/UserInterface.o
                0x038041e4                evAPI::goodUI::printButtons()
 .text._ZN5evAPI6goodUI12setDebugModeEb
                0x03804278        0x8 build/evAPI/vexUI/src/UserInterface.o
                0x03804278                evAPI::goodUI::setDebugMode(bool)
 .text._ZN5evAPI6goodUI14startUIThreadsEv
                0x03804280       0x40 build/evAPI/vexUI/src/UserInterface.o
                0x03804280                evAPI::goodUI::startUIThreads()
 .text._ZN5evAPI6goodUIC2Ev
                0x038042c0      0x278 build/evAPI/vexUI/src/UserInterface.o
                0x038042c0                evAPI::goodUI::goodUI()
                0x038042c0                evAPI::goodUI::goodUI()
 .text._ZN5evAPI6goodUI9addButtonEPFviE
                0x03804538       0xb0 build/evAPI/vexUI/src/UserInterface.o
                0x03804538                evAPI::goodUI::addButton(void (*)(int))
 .text._ZN5evAPI6goodUI9addButtonEN3vex5colorE
                0x038045e8       0x50 build/evAPI/vexUI/src/UserInterface.o
                0x038045e8                evAPI::goodUI::addButton(vex::color)
 .text._ZN5evAPI6goodUI9addButtonEN3vex5colorEPKcPA35_b
                0x03804638       0x84 build/evAPI/vexUI/src/UserInterface.o
                0x03804638                evAPI::goodUI::addButton(vex::color, char const*, bool (*) [35])
 .text._ZN5evAPI6goodUI9addButtonEN3vex5colorEPKcS4_PA35_b
                0x038046bc       0x98 build/evAPI/vexUI/src/UserInterface.o
                0x038046bc                evAPI::goodUI::addButton(vex::color, char const*, char const*, bool (*) [35])
 .text._ZN5evAPI6goodUI8addBlankEv
                0x03804754       0x38 build/evAPI/vexUI/src/UserInterface.o
                0x03804754                evAPI::goodUI::addBlank()
 .text._ZN5evAPI6goodUI13getProgNumberEv
                0x0380478c        0x8 build/evAPI/vexUI/src/UserInterface.o
                0x0380478c                evAPI::goodUI::getProgNumber()
 .text._ZN5evAPI6goodUI7pressedEv
                0x03804794      0x220 build/evAPI/vexUI/src/UserInterface.o
                0x03804794                evAPI::goodUI::pressed()
 .text._ZN5evAPI6goodUI17displayButtonNameEv
                0x038049b4      0x3f4 build/evAPI/vexUI/src/UserInterface.o
                0x038049b4                evAPI::goodUI::displayButtonName()
 .text._ZN5evAPI6goodUI12selectButtonEib
                0x03804da8       0x28 build/evAPI/vexUI/src/UserInterface.o
                0x03804da8                evAPI::goodUI::selectButton(int, bool)
 .text._ZN5evAPI6goodUI14setDisplayTimeEi
                0x03804dd0        0x8 build/evAPI/vexUI/src/UserInterface.o
                0x03804dd0                evAPI::goodUI::setDisplayTime(int)
 .text._ZN5evAPI6goodUI18createFieldDisplayEN3vex8turnTypeE
                0x03804dd8       0x88 build/evAPI/vexUI/src/UserInterface.o
                0x03804dd8                evAPI::goodUI::createFieldDisplay(vex::turnType)
 .text._ZN5evAPI6goodUI12setTileColorEhN3vex5colorE
                0x03804e60       0x24 build/evAPI/vexUI/src/UserInterface.o
                0x03804e60                evAPI::goodUI::setTileColor(unsigned char, vex::color)
 .text._ZN5evAPI6goodUI23createBlankBrainReadOutEv
                0x03804e84       0x30 build/evAPI/vexUI/src/UserInterface.o
                0x03804e84                evAPI::goodUI::createBlankBrainReadOut()
 .text._ZN5evAPI6goodUI22setDefaultReadOutColorEN3vex5colorE
                0x03804eb4       0x14 build/evAPI/vexUI/src/UserInterface.o
                0x03804eb4                evAPI::goodUI::setDefaultReadOutColor(vex::color)
 .text._ZN5evAPI6goodUI18createBrainReadOutEPKcN3vex5colorE
                0x03804ec8       0xcc build/evAPI/vexUI/src/UserInterface.o
                0x03804ec8                evAPI::goodUI::createBrainReadOut(char const*, vex::color)
 .text._ZN5evAPI6goodUI18createBrainReadOutEPKcRi
                0x03804f94       0x3c build/evAPI/vexUI/src/UserInterface.o
                0x03804f94                evAPI::goodUI::createBrainReadOut(char const*, int&)
 .text._ZN5evAPI6goodUI18createBrainReadOutEPKcRiN3vex5colorE
                0x03804fd0       0xd0 build/evAPI/vexUI/src/UserInterface.o
                0x03804fd0                evAPI::goodUI::createBrainReadOut(char const*, int&, vex::color)
 .text._ZN5evAPI6goodUI18createBrainReadOutEPKcRd
                0x038050a0       0x3c build/evAPI/vexUI/src/UserInterface.o
                0x038050a0                evAPI::goodUI::createBrainReadOut(char const*, double&)
 .text._ZN5evAPI6goodUI18createBrainReadOutEPKcRdN3vex5colorE
                0x038050dc       0xd0 build/evAPI/vexUI/src/UserInterface.o
                0x038050dc                evAPI::goodUI::createBrainReadOut(char const*, double&, vex::color)
 .text._ZN5evAPI6goodUI28createBlankControllerReadOutEv
                0x038051ac       0x30 build/evAPI/vexUI/src/UserInterface.o
                0x038051ac                evAPI::goodUI::createBlankControllerReadOut()
 .text._ZN5evAPI6goodUI23createControllerReadOutEPKc
                0x038051dc       0xa8 build/evAPI/vexUI/src/UserInterface.o
                0x038051dc                evAPI::goodUI::createControllerReadOut(char const*)
 .text._ZN5evAPI6goodUI23createControllerReadOutEPKcRi
                0x03805284       0xac build/evAPI/vexUI/src/UserInterface.o
                0x03805284                evAPI::goodUI::createControllerReadOut(char const*, int&)
 .text._GLOBAL__sub_I_UserInterface.cpp
                0x03805330     0x187c build/evAPI/vexUI/src/UserInterface.o
 .text._ZN5evAPI4icon12setIconArrayEPA35_b
                0x03806bac       0x3c build/evAPI/vexUI/src/icon.o
                0x03806bac                evAPI::icon::setIconArray(bool (*) [35])
 .text._ZN5evAPI4icon13setButtonSizeEiiii
                0x03806be8       0x18 build/evAPI/vexUI/src/icon.o
                0x03806be8                evAPI::icon::setButtonSize(int, int, int, int)
 .text._ZN5evAPI4icon9printIconEN3vex5colorEi
                0x03806c00      0x270 build/evAPI/vexUI/src/icon.o
                0x03806c00                evAPI::icon::printIcon(vex::color, int)
 .text._ZN5evAPI4icon8setColorEN3vex5colorE
                0x03806e70       0x14 build/evAPI/vexUI/src/icon.o
                0x03806e70                evAPI::icon::setColor(vex::color)
 .text.vexMain  0x03806e84       0xb0 c:\Users\theco\AppData\Roaming\Code\User\globalStorage\vexrobotics.vexcode\sdk\cpp\V5\V5_20220726_10_00_00/vexv5\libv5rt.a(v5_startup.c.obj)
                0x03806e84                vexMain
 .text.__vex_function_prolog
                0x03806f34       0x18 c:\Users\theco\AppData\Roaming\Code\User\globalStorage\vexrobotics.vexcode\sdk\cpp\V5\V5_20220726_10_00_00/vexv5\libv5rt.a(v5_startup.c.obj)
                0x03806f34                __vex_function_prolog
 .text._init    0x03806f4c        0x4 c:\Users\theco\AppData\Roaming\Code\User\globalStorage\vexrobotics.vexcode\sdk\cpp\V5\V5_20220726_10_00_00/vexv5\libv5rt.a(v5_startup.c.obj)
                0x03806f4c                _init
 .text._fini    0x03806f50        0x4 c:\Users\theco\AppData\Roaming\Code\User\globalStorage\vexrobotics.vexcode\sdk\cpp\V5\V5_20220726_10_00_00/vexv5\libv5rt.a(v5_startup.c.obj)
                0x03806f50                _fini
 .text.vexStdlibVersionLinked
                0x03806f54        0xc c:\Users\theco\AppData\Roaming\Code\User\globalStorage\vexrobotics.vexcode\sdk\cpp\V5\V5_20220726_10_00_00/vexv5\libv5rt.a(v5_util.c.obj)
                0x03806f54                vexStdlibVersionLinked
 .text.vexStdlibVersionVerify
                0x03806f60       0x30 c:\Users\theco\AppData\Roaming\Code\User\globalStorage\vexrobotics.vexcode\sdk\cpp\V5\V5_20220726_10_00_00/vexv5\libv5rt.a(v5_util.c.obj)
                0x03806f60                vexStdlibVersionVerify
 .text.vexPrivateApiEnable
                0x03806f90       0x10 c:\Users\theco\AppData\Roaming\Code\User\globalStorage\vexrobotics.vexcode\sdk\cpp\V5\V5_20220726_10_00_00/vexv5\libv5rt.a(v5_apijump.c.obj)
                0x03806f90                vexPrivateApiEnable
 .text.vexStdlibMismatchError
                0x03806fa0       0x3c c:\Users\theco\AppData\Roaming\Code\User\globalStorage\vexrobotics.vexcode\sdk\cpp\V5\V5_20220726_10_00_00/vexv5\libv5rt.a(v5_apijump.c.obj)
                0x03806fa0                vexStdlibMismatchError
 .text.vexTaskAdd
                0x03806fdc       0x10 c:\Users\theco\AppData\Roaming\Code\User\globalStorage\vexrobotics.vexcode\sdk\cpp\V5\V5_20220726_10_00_00/vexv5\libv5rt.a(v5_apijump.c.obj)
                0x03806fdc                vexTaskAdd
 .text.vexTasksRun
                0x03806fec       0x10 c:\Users\theco\AppData\Roaming\Code\User\globalStorage\vexrobotics.vexcode\sdk\cpp\V5\V5_20220726_10_00_00/vexv5\libv5rt.a(v5_apijump.c.obj)
                0x03806fec                vexTasksRun
 .text.vexTaskYield
                0x03806ffc       0x10 c:\Users\theco\AppData\Roaming\Code\User\globalStorage\vexrobotics.vexcode\sdk\cpp\V5\V5_20220726_10_00_00/vexv5\libv5rt.a(v5_apijump.c.obj)
                0x03806ffc                vexTaskYield
 .text.vexTaskCheckTimeslice
                0x0380700c       0x10 c:\Users\theco\AppData\Roaming\Code\User\globalStorage\vexrobotics.vexcode\sdk\cpp\V5\V5_20220726_10_00_00/vexv5\libv5rt.a(v5_apijump.c.obj)
                0x0380700c                vexTaskCheckTimeslice
 .text.vexTaskSleep
                0x0380701c       0x10 c:\Users\theco\AppData\Roaming\Code\User\globalStorage\vexrobotics.vexcode\sdk\cpp\V5\V5_20220726_10_00_00/vexv5\libv5rt.a(v5_apijump.c.obj)
                0x0380701c                vexTaskSleep
 .text.vexTasksDump
                0x0380702c       0x1c c:\Users\theco\AppData\Roaming\Code\User\globalStorage\vexrobotics.vexcode\sdk\cpp\V5\V5_20220726_10_00_00/vexv5\libv5rt.a(v5_apijump.c.obj)
                0x0380702c                vexTasksDump
 .text.vexTaskGetTaskIndex
                0x03807048       0x10 c:\Users\theco\AppData\Roaming\Code\User\globalStorage\vexrobotics.vexcode\sdk\cpp\V5\V5_20220726_10_00_00/vexv5\libv5rt.a(v5_apijump.c.obj)
                0x03807048                vexTaskGetTaskIndex
 .text.vexTaskStopAll
                0x03807058       0x10 c:\Users\theco\AppData\Roaming\Code\User\globalStorage\vexrobotics.vexcode\sdk\cpp\V5\V5_20220726_10_00_00/vexv5\libv5rt.a(v5_apijump.c.obj)
                0x03807058                vexTaskStopAll
 .text.vexTaskRemoveAllUser
                0x03807068       0x34 c:\Users\theco\AppData\Roaming\Code\User\globalStorage\vexrobotics.vexcode\sdk\cpp\V5\V5_20220726_10_00_00/vexv5\libv5rt.a(v5_apijump.c.obj)
                0x03807068                vexTaskRemoveAllUser
 .text.vexTaskCompletionIdSet
                0x0380709c       0x10 c:\Users\theco\AppData\Roaming\Code\User\globalStorage\vexrobotics.vexcode\sdk\cpp\V5\V5_20220726_10_00_00/vexv5\libv5rt.a(v5_apijump.c.obj)
                0x0380709c                vexTaskCompletionIdSet
 .text.vexTaskStopWithId
                0x038070ac       0x10 c:\Users\theco\AppData\Roaming\Code\User\globalStorage\vexrobotics.vexcode\sdk\cpp\V5\V5_20220726_10_00_00/vexv5\libv5rt.a(v5_apijump.c.obj)
                0x038070ac                vexTaskStopWithId
 .text.vexEventAdd
                0x038070bc       0x34 c:\Users\theco\AppData\Roaming\Code\User\globalStorage\vexrobotics.vexcode\sdk\cpp\V5\V5_20220726_10_00_00/vexv5\libv5rt.a(v5_apijump.c.obj)
                0x038070bc                vexEventAdd
 .text.vexEventUserIndexGet
                0x038070f0       0x1c c:\Users\theco\AppData\Roaming\Code\User\globalStorage\vexrobotics.vexcode\sdk\cpp\V5\V5_20220726_10_00_00/vexv5\libv5rt.a(v5_apijump.c.obj)
                0x038070f0                vexEventUserIndexGet
 .text.vexEventAddWithArg
                0x0380710c       0x3c c:\Users\theco\AppData\Roaming\Code\User\globalStorage\vexrobotics.vexcode\sdk\cpp\V5\V5_20220726_10_00_00/vexv5\libv5rt.a(v5_apijump.c.obj)
                0x0380710c                vexEventAddWithArg
 .text.vexEventsCleanup
                0x03807148       0x2c c:\Users\theco\AppData\Roaming\Code\User\globalStorage\vexrobotics.vexcode\sdk\cpp\V5\V5_20220726_10_00_00/vexv5\libv5rt.a(v5_apijump.c.obj)
                0x03807148                vexEventsCleanup
 .text.vexDebug
                0x03807174       0x38 c:\Users\theco\AppData\Roaming\Code\User\globalStorage\vexrobotics.vexcode\sdk\cpp\V5\V5_20220726_10_00_00/vexv5\libv5rt.a(v5_apijump.c.obj)
                0x03807174                vexDebug
 .text.vex_sprintf
                0x038071ac       0x40 c:\Users\theco\AppData\Roaming\Code\User\globalStorage\vexrobotics.vexcode\sdk\cpp\V5\V5_20220726_10_00_00/vexv5\libv5rt.a(v5_apijump.c.obj)
                0x038071ac                vex_sprintf
 .text.vex_vsnprintf
                0x038071ec       0x3c c:\Users\theco\AppData\Roaming\Code\User\globalStorage\vexrobotics.vexcode\sdk\cpp\V5\V5_20220726_10_00_00/vexv5\libv5rt.a(v5_apijump.c.obj)
                0x038071ec                vex_vsnprintf
 .text.vexSystemTimeGet
                0x03807228       0x1c c:\Users\theco\AppData\Roaming\Code\User\globalStorage\vexrobotics.vexcode\sdk\cpp\V5\V5_20220726_10_00_00/vexv5\libv5rt.a(v5_apijump.c.obj)
                0x03807228                vexSystemTimeGet
 .text.vexSystemExitRequest
                0x03807244       0x1c c:\Users\theco\AppData\Roaming\Code\User\globalStorage\vexrobotics.vexcode\sdk\cpp\V5\V5_20220726_10_00_00/vexv5\libv5rt.a(v5_apijump.c.obj)
                0x03807244                vexSystemExitRequest
 .text.vexDeviceGetByIndex
                0x03807260       0x24 c:\Users\theco\AppData\Roaming\Code\User\globalStorage\vexrobotics.vexcode\sdk\cpp\V5\V5_20220726_10_00_00/vexv5\libv5rt.a(v5_apijump.c.obj)
                0x03807260                vexDeviceGetByIndex
 .text.vexControllerGet
                0x03807284       0x2c c:\Users\theco\AppData\Roaming\Code\User\globalStorage\vexrobotics.vexcode\sdk\cpp\V5\V5_20220726_10_00_00/vexv5\libv5rt.a(v5_apijump.c.obj)
                0x03807284                vexControllerGet
 .text.vexControllerConnectionStatusGet
                0x038072b0       0x24 c:\Users\theco\AppData\Roaming\Code\User\globalStorage\vexrobotics.vexcode\sdk\cpp\V5\V5_20220726_10_00_00/vexv5\libv5rt.a(v5_apijump.c.obj)
                0x038072b0                vexControllerConnectionStatusGet
 .text.vexControllerTextSet
                0x038072d4       0x74 c:\Users\theco\AppData\Roaming\Code\User\globalStorage\vexrobotics.vexcode\sdk\cpp\V5\V5_20220726_10_00_00/vexv5\libv5rt.a(v5_apijump.c.obj)
                0x038072d4                vexControllerTextSet
 .text.vexDeviceMotorVelocitySet
                0x03807348       0x2c c:\Users\theco\AppData\Roaming\Code\User\globalStorage\vexrobotics.vexcode\sdk\cpp\V5\V5_20220726_10_00_00/vexv5\libv5rt.a(v5_apijump.c.obj)
                0x03807348                vexDeviceMotorVelocitySet
 .text.vexDeviceMotorActualVelocityGet
                0x03807374       0x24 c:\Users\theco\AppData\Roaming\Code\User\globalStorage\vexrobotics.vexcode\sdk\cpp\V5\V5_20220726_10_00_00/vexv5\libv5rt.a(v5_apijump.c.obj)
                0x03807374                vexDeviceMotorActualVelocityGet
 .text.vexDeviceMotorReverseFlagSet
                0x03807398       0x2c c:\Users\theco\AppData\Roaming\Code\User\globalStorage\vexrobotics.vexcode\sdk\cpp\V5\V5_20220726_10_00_00/vexv5\libv5rt.a(v5_apijump.c.obj)
                0x03807398                vexDeviceMotorReverseFlagSet
 .text.vexDeviceMotorBrakeModeSet
                0x038073c4       0x2c c:\Users\theco\AppData\Roaming\Code\User\globalStorage\vexrobotics.vexcode\sdk\cpp\V5\V5_20220726_10_00_00/vexv5\libv5rt.a(v5_apijump.c.obj)
                0x038073c4                vexDeviceMotorBrakeModeSet
 .text.vexDeviceMotorPositionSet
                0x038073f0       0x34 c:\Users\theco\AppData\Roaming\Code\User\globalStorage\vexrobotics.vexcode\sdk\cpp\V5\V5_20220726_10_00_00/vexv5\libv5rt.a(v5_apijump.c.obj)
                0x038073f0                vexDeviceMotorPositionSet
 .text.vexDeviceMotorGearingSet
                0x03807424       0x2c c:\Users\theco\AppData\Roaming\Code\User\globalStorage\vexrobotics.vexcode\sdk\cpp\V5\V5_20220726_10_00_00/vexv5\libv5rt.a(v5_apijump.c.obj)
                0x03807424                vexDeviceMotorGearingSet
 .text.vexDeviceMotorGearingGet
                0x03807450       0x24 c:\Users\theco\AppData\Roaming\Code\User\globalStorage\vexrobotics.vexcode\sdk\cpp\V5\V5_20220726_10_00_00/vexv5\libv5rt.a(v5_apijump.c.obj)
                0x03807450                vexDeviceMotorGearingGet
 .text.vexDisplayForegroundColor
                0x03807474       0x24 c:\Users\theco\AppData\Roaming\Code\User\globalStorage\vexrobotics.vexcode\sdk\cpp\V5\V5_20220726_10_00_00/vexv5\libv5rt.a(v5_apijump.c.obj)
                0x03807474                vexDisplayForegroundColor
 .text.vexDisplayBackgroundColor
                0x03807498       0x24 c:\Users\theco\AppData\Roaming\Code\User\globalStorage\vexrobotics.vexcode\sdk\cpp\V5\V5_20220726_10_00_00/vexv5\libv5rt.a(v5_apijump.c.obj)
                0x03807498                vexDisplayBackgroundColor
 .text.vexDisplayBackgroundColorGet
                0x038074bc       0x1c c:\Users\theco\AppData\Roaming\Code\User\globalStorage\vexrobotics.vexcode\sdk\cpp\V5\V5_20220726_10_00_00/vexv5\libv5rt.a(v5_apijump.c.obj)
                0x038074bc                vexDisplayBackgroundColorGet
 .text.vexDisplayPixelSet
                0x038074d8       0x38 c:\Users\theco\AppData\Roaming\Code\User\globalStorage\vexrobotics.vexcode\sdk\cpp\V5\V5_20220726_10_00_00/vexv5\libv5rt.a(v5_apijump.c.obj)
                0x038074d8                vexDisplayPixelSet
 .text.vexDisplayRectDraw
                0x03807510       0x4c c:\Users\theco\AppData\Roaming\Code\User\globalStorage\vexrobotics.vexcode\sdk\cpp\V5\V5_20220726_10_00_00/vexv5\libv5rt.a(v5_apijump.c.obj)
                0x03807510                vexDisplayRectDraw
 .text.vexDisplayRectClear
                0x0380755c       0x4c c:\Users\theco\AppData\Roaming\Code\User\globalStorage\vexrobotics.vexcode\sdk\cpp\V5\V5_20220726_10_00_00/vexv5\libv5rt.a(v5_apijump.c.obj)
                0x0380755c                vexDisplayRectClear
 .text.vexDisplayVPrintf
                0x038075a8       0x50 c:\Users\theco\AppData\Roaming\Code\User\globalStorage\vexrobotics.vexcode\sdk\cpp\V5\V5_20220726_10_00_00/vexv5\libv5rt.a(v5_apijump.c.obj)
                0x038075a8                vexDisplayVPrintf
 .text.vexDisplayTextReference
                0x038075f8       0x24 c:\Users\theco\AppData\Roaming\Code\User\globalStorage\vexrobotics.vexcode\sdk\cpp\V5\V5_20220726_10_00_00/vexv5\libv5rt.a(v5_apijump.c.obj)
                0x038075f8                vexDisplayTextReference
 .text.vexDisplayTextSize
                0x0380761c       0x2c c:\Users\theco\AppData\Roaming\Code\User\globalStorage\vexrobotics.vexcode\sdk\cpp\V5\V5_20220726_10_00_00/vexv5\libv5rt.a(v5_apijump.c.obj)
                0x0380761c                vexDisplayTextSize
 .text.vexDisplayFontNamedSet
                0x03807648       0x24 c:\Users\theco\AppData\Roaming\Code\User\globalStorage\vexrobotics.vexcode\sdk\cpp\V5\V5_20220726_10_00_00/vexv5\libv5rt.a(v5_apijump.c.obj)
                0x03807648                vexDisplayFontNamedSet
 .text.vexDisplayStringWidthGet
                0x0380766c       0x24 c:\Users\theco\AppData\Roaming\Code\User\globalStorage\vexrobotics.vexcode\sdk\cpp\V5\V5_20220726_10_00_00/vexv5\libv5rt.a(v5_apijump.c.obj)
                0x0380766c                vexDisplayStringWidthGet
 .text.vexDisplayPenSizeSet
                0x03807690       0x24 c:\Users\theco\AppData\Roaming\Code\User\globalStorage\vexrobotics.vexcode\sdk\cpp\V5\V5_20220726_10_00_00/vexv5\libv5rt.a(v5_apijump.c.obj)
                0x03807690                vexDisplayPenSizeSet
 .text.vexDisplayPenSizeGet
                0x038076b4       0x1c c:\Users\theco\AppData\Roaming\Code\User\globalStorage\vexrobotics.vexcode\sdk\cpp\V5\V5_20220726_10_00_00/vexv5\libv5rt.a(v5_apijump.c.obj)
                0x038076b4                vexDisplayPenSizeGet
 .text.vexSystemStdlibImpureDataAddr
                0x038076d0       0x28 c:\Users\theco\AppData\Roaming\Code\User\globalStorage\vexrobotics.vexcode\sdk\cpp\V5\V5_20220726_10_00_00/vexv5\libv5rt.a(v5_apijump.c.obj)
                0x038076d0                vexSystemStdlibImpureDataAddr
 .text.vexSystemStdlibImpureDataSize
                0x038076f8       0x28 c:\Users\theco\AppData\Roaming\Code\User\globalStorage\vexrobotics.vexcode\sdk\cpp\V5\V5_20220726_10_00_00/vexv5\libv5rt.a(v5_apijump.c.obj)
                0x038076f8                vexSystemStdlibImpureDataSize
 .text.vexSystemSaveUserData
                0x03807720       0x3c c:\Users\theco\AppData\Roaming\Code\User\globalStorage\vexrobotics.vexcode\sdk\cpp\V5\V5_20220726_10_00_00/vexv5\libv5rt.a(v5_apijump.c.obj)
                0x03807720                vexSystemSaveUserData
 .text.vexTouchDataGet
                0x0380775c       0x10 c:\Users\theco\AppData\Roaming\Code\User\globalStorage\vexrobotics.vexcode\sdk\cpp\V5\V5_20220726_10_00_00/vexv5\libv5rt.a(v5_apijump.c.obj)
                0x0380775c                vexTouchDataGet
 .text.vexDisplayThemeIdGet
                0x0380776c       0x38 c:\Users\theco\AppData\Roaming\Code\User\globalStorage\vexrobotics.vexcode\sdk\cpp\V5\V5_20220726_10_00_00/vexv5\libv5rt.a(v5_apijump.c.obj)
                0x0380776c                vexDisplayThemeIdGet
 .text.vexCompetitionStatus
                0x038077a4       0x1c c:\Users\theco\AppData\Roaming\Code\User\globalStorage\vexrobotics.vexcode\sdk\cpp\V5\V5_20220726_10_00_00/vexv5\libv5rt.a(v5_apijump.c.obj)
                0x038077a4                vexCompetitionStatus
 .text.vexBatteryVoltageGet
                0x038077c0       0x1c c:\Users\theco\AppData\Roaming\Code\User\globalStorage\vexrobotics.vexcode\sdk\cpp\V5\V5_20220726_10_00_00/vexv5\libv5rt.a(v5_apijump.c.obj)
                0x038077c0                vexBatteryVoltageGet
 .text.vexBatteryCurrentGet
                0x038077dc       0x1c c:\Users\theco\AppData\Roaming\Code\User\globalStorage\vexrobotics.vexcode\sdk\cpp\V5\V5_20220726_10_00_00/vexv5\libv5rt.a(v5_apijump.c.obj)
                0x038077dc                vexBatteryCurrentGet
 .text.vexBatteryTemperatureGet
                0x038077f8       0x1c c:\Users\theco\AppData\Roaming\Code\User\globalStorage\vexrobotics.vexcode\sdk\cpp\V5\V5_20220726_10_00_00/vexv5\libv5rt.a(v5_apijump.c.obj)
                0x038077f8                vexBatteryTemperatureGet
 .text.vexBatteryCapacityGet
                0x03807814       0x1c c:\Users\theco\AppData\Roaming\Code\User\globalStorage\vexrobotics.vexcode\sdk\cpp\V5\V5_20220726_10_00_00/vexv5\libv5rt.a(v5_apijump.c.obj)
                0x03807814                vexBatteryCapacityGet
 .text.vexDeviceEventMaskSet
                0x03807830       0x48 c:\Users\theco\AppData\Roaming\Code\User\globalStorage\vexrobotics.vexcode\sdk\cpp\V5\V5_20220726_10_00_00/vexv5\libv5rt.a(v5_apijump.c.obj)
                0x03807830                vexDeviceEventMaskSet
 .text.vexDeviceEventMaskGet
                0x03807878       0x3c c:\Users\theco\AppData\Roaming\Code\User\globalStorage\vexrobotics.vexcode\sdk\cpp\V5\V5_20220726_10_00_00/vexv5\libv5rt.a(v5_apijump.c.obj)
                0x03807878                vexDeviceEventMaskGet
 .text.vexSystemVersion
                0x038078b4       0x10 c:\Users\theco\AppData\Roaming\Code\User\globalStorage\vexrobotics.vexcode\sdk\cpp\V5\V5_20220726_10_00_00/vexv5\libv5rt.a(v5_apiversions.c.obj)
                0x038078b4                vexSystemVersion
 .text.vexStdlibVersion
                0x038078c4       0x10 c:\Users\theco\AppData\Roaming\Code\User\globalStorage\vexrobotics.vexcode\sdk\cpp\V5\V5_20220726_10_00_00/vexv5\libv5rt.a(v5_apiversions.c.obj)
                0x038078c4                vexStdlibVersion
 .text._ZN3vex6deviceD2Ev
                0x038078d4        0x4 c:\Users\theco\AppData\Roaming\Code\User\globalStorage\vexrobotics.vexcode\sdk\cpp\V5\V5_20220726_10_00_00/vexv5\libv5rt.a(vex_device.cpp.obj)
                0x038078d4                vex::device::~device()
                0x038078d4                vex::device::~device()
 .text._ZN3vex6device5valueEv
                0x038078d8        0x8 c:\Users\theco\AppData\Roaming\Code\User\globalStorage\vexrobotics.vexcode\sdk\cpp\V5\V5_20220726_10_00_00/vexv5\libv5rt.a(vex_device.cpp.obj)
                0x038078d8                vex::device::value()
 .text._ZN3vex6deviceD0Ev
                0x038078e0       0x14 c:\Users\theco\AppData\Roaming\Code\User\globalStorage\vexrobotics.vexcode\sdk\cpp\V5\V5_20220726_10_00_00/vexv5\libv5rt.a(vex_device.cpp.obj)
                0x038078e0                vex::device::~device()
 .text._ZN3vex6device4initEl
                0x038078f4       0x30 c:\Users\theco\AppData\Roaming\Code\User\globalStorage\vexrobotics.vexcode\sdk\cpp\V5\V5_20220726_10_00_00/vexv5\libv5rt.a(vex_device.cpp.obj)
                0x038078f4                vex::device::init(long)
 .text._ZN3vex6deviceC2Ev
                0x03807924       0x24 c:\Users\theco\AppData\Roaming\Code\User\globalStorage\vexrobotics.vexcode\sdk\cpp\V5\V5_20220726_10_00_00/vexv5\libv5rt.a(vex_device.cpp.obj)
                0x03807924                vex::device::device()
                0x03807924                vex::device::device()
 .text._ZN3vex6deviceC2El
                0x03807948       0x20 c:\Users\theco\AppData\Roaming\Code\User\globalStorage\vexrobotics.vexcode\sdk\cpp\V5\V5_20220726_10_00_00/vexv5\libv5rt.a(vex_device.cpp.obj)
                0x03807948                vex::device::device(long)
                0x03807948                vex::device::device(long)
 .text._ZN3vex6device4typeEv
                0x03807968       0x10 c:\Users\theco\AppData\Roaming\Code\User\globalStorage\vexrobotics.vexcode\sdk\cpp\V5\V5_20220726_10_00_00/vexv5\libv5rt.a(vex_device.cpp.obj)
                0x03807968                vex::device::type()
 .text._ZN3vex6device9installedEv
                0x03807978       0x14 c:\Users\theco\AppData\Roaming\Code\User\globalStorage\vexrobotics.vexcode\sdk\cpp\V5\V5_20220726_10_00_00/vexv5\libv5rt.a(vex_device.cpp.obj)
                0x03807978                vex::device::installed()
 .text._ZN3vex7devicesC2Ev
                0x0380798c       0x98 c:\Users\theco\AppData\Roaming\Code\User\globalStorage\vexrobotics.vexcode\sdk\cpp\V5\V5_20220726_10_00_00/vexv5\libv5rt.a(vex_device.cpp.obj)
                0x0380798c                vex::devices::devices()
                0x0380798c                vex::devices::devices()
 .text._ZN3vex7devicesD2Ev
                0x03807a24       0x34 c:\Users\theco\AppData\Roaming\Code\User\globalStorage\vexrobotics.vexcode\sdk\cpp\V5\V5_20220726_10_00_00/vexv5\libv5rt.a(vex_device.cpp.obj)
                0x03807a24                vex::devices::~devices()
                0x03807a24                vex::devices::~devices()
 .text._ZN3vex5motorD2Ev
                0x03807a58       0x20 c:\Users\theco\AppData\Roaming\Code\User\globalStorage\vexrobotics.vexcode\sdk\cpp\V5\V5_20220726_10_00_00/vexv5\libv5rt.a(vex_motor.cpp.obj)
                0x03807a58                vex::motor::~motor()
                0x03807a58                vex::motor::~motor()
 .text._ZN3vex5motorD0Ev
                0x03807a78       0x1c c:\Users\theco\AppData\Roaming\Code\User\globalStorage\vexrobotics.vexcode\sdk\cpp\V5\V5_20220726_10_00_00/vexv5\libv5rt.a(vex_motor.cpp.obj)
                0x03807a78                vex::motor::~motor()
 .text._ZN3vex5motor9installedEv
                0x03807a94       0x18 c:\Users\theco\AppData\Roaming\Code\User\globalStorage\vexrobotics.vexcode\sdk\cpp\V5\V5_20220726_10_00_00/vexv5\libv5rt.a(vex_motor.cpp.obj)
                0x03807a94                vex::motor::installed()
 .text._ZN3vex5motor11setReversedEb
                0x03807aac        0x8 c:\Users\theco\AppData\Roaming\Code\User\globalStorage\vexrobotics.vexcode\sdk\cpp\V5\V5_20220726_10_00_00/vexv5\libv5rt.a(vex_motor.cpp.obj)
                0x03807aac                vex::motor::setReversed(bool)
 .text._ZN3vex5motor15defaultStoppingENS_9brakeTypeE
                0x03807ab4       0x30 c:\Users\theco\AppData\Roaming\Code\User\globalStorage\vexrobotics.vexcode\sdk\cpp\V5\V5_20220726_10_00_00/vexv5\libv5rt.a(vex_motor.cpp.obj)
                0x03807ab4                vex::motor::defaultStopping(vex::brakeType)
 .text._ZN3vex5motorC2El
                0x03807ae4       0x78 c:\Users\theco\AppData\Roaming\Code\User\globalStorage\vexrobotics.vexcode\sdk\cpp\V5\V5_20220726_10_00_00/vexv5\libv5rt.a(vex_motor.cpp.obj)
                0x03807ae4                vex::motor::motor(long)
                0x03807ae4                vex::motor::motor(long)
 .text._ZN3vex5motorC2ElNS_11gearSettingE
                0x03807b5c       0x24 c:\Users\theco\AppData\Roaming\Code\User\globalStorage\vexrobotics.vexcode\sdk\cpp\V5\V5_20220726_10_00_00/vexv5\libv5rt.a(vex_motor.cpp.obj)
                0x03807b5c                vex::motor::motor(long, vex::gearSetting)
                0x03807b5c                vex::motor::motor(long, vex::gearSetting)
 .text._ZN3vex5motor16velocityToScaledEdNS_13velocityUnitsE
                0x03807b80       0x5c c:\Users\theco\AppData\Roaming\Code\User\globalStorage\vexrobotics.vexcode\sdk\cpp\V5\V5_20220726_10_00_00/vexv5\libv5rt.a(vex_motor.cpp.obj)
                0x03807b80                vex::motor::velocityToScaled(double, vex::velocityUnits)
 .text._ZN3vex5motor8velocityENS_13velocityUnitsE
                0x03807bdc       0x30 c:\Users\theco\AppData\Roaming\Code\User\globalStorage\vexrobotics.vexcode\sdk\cpp\V5\V5_20220726_10_00_00/vexv5\libv5rt.a(vex_motor.cpp.obj)
                0x03807bdc                vex::motor::velocity(vex::velocityUnits)
 .text._ZN3vex5motor5valueEv
                0x03807c0c       0x1c c:\Users\theco\AppData\Roaming\Code\User\globalStorage\vexrobotics.vexcode\sdk\cpp\V5\V5_20220726_10_00_00/vexv5\libv5rt.a(vex_motor.cpp.obj)
                0x03807c0c                vex::motor::value()
 .text._ZN3vex5motor16scaledToVelocityEdNS_13velocityUnitsE
                0x03807c28       0xa4 c:\Users\theco\AppData\Roaming\Code\User\globalStorage\vexrobotics.vexcode\sdk\cpp\V5\V5_20220726_10_00_00/vexv5\libv5rt.a(vex_motor.cpp.obj)
                0x03807c28                vex::motor::scaledToVelocity(double, vex::velocityUnits)
 .text._ZN3vex5motor4spinENS_13directionTypeEdNS_13velocityUnitsE
                0x03807ccc       0x5c c:\Users\theco\AppData\Roaming\Code\User\globalStorage\vexrobotics.vexcode\sdk\cpp\V5\V5_20220726_10_00_00/vexv5\libv5rt.a(vex_motor.cpp.obj)
                0x03807ccc                vex::motor::spin(vex::directionType, double, vex::velocityUnits)
 .text._ZN3vex10controllerD2Ev
                0x03807d28        0x4 c:\Users\theco\AppData\Roaming\Code\User\globalStorage\vexrobotics.vexcode\sdk\cpp\V5\V5_20220726_10_00_00/vexv5\libv5rt.a(vex_controller.cpp.obj)
                0x03807d28                vex::controller::~controller()
                0x03807d28                vex::controller::~controller()
 .text._ZN3vex10controller9installedEv
                0x03807d2c       0x18 c:\Users\theco\AppData\Roaming\Code\User\globalStorage\vexrobotics.vexcode\sdk\cpp\V5\V5_20220726_10_00_00/vexv5\libv5rt.a(vex_controller.cpp.obj)
                0x03807d2c                vex::controller::installed()
 .text._ZN3vex10controller5valueE19_V5_ControllerIndex
                0x03807d44        0x8 c:\Users\theco\AppData\Roaming\Code\User\globalStorage\vexrobotics.vexcode\sdk\cpp\V5\V5_20220726_10_00_00/vexv5\libv5rt.a(vex_controller.cpp.obj)
                0x03807d44                vex::controller::value(_V5_ControllerIndex)
 .text._ZNK3vex10controller6button21_buttonToPressedEventEv
                0x03807d4c       0x20 c:\Users\theco\AppData\Roaming\Code\User\globalStorage\vexrobotics.vexcode\sdk\cpp\V5\V5_20220726_10_00_00/vexv5\libv5rt.a(vex_controller.cpp.obj)
                0x03807d4c                vex::controller::button::_buttonToPressedEvent() const
 .text._ZNK3vex10controller6button22_buttonToReleasedEventEv
                0x03807d6c       0x20 c:\Users\theco\AppData\Roaming\Code\User\globalStorage\vexrobotics.vexcode\sdk\cpp\V5\V5_20220726_10_00_00/vexv5\libv5rt.a(vex_controller.cpp.obj)
                0x03807d6c                vex::controller::button::_buttonToReleasedEvent() const
 .text._ZN3vex10controller6buttonC2ENS0_11tButtonTypeEPS0_
                0x03807d8c       0x48 c:\Users\theco\AppData\Roaming\Code\User\globalStorage\vexrobotics.vexcode\sdk\cpp\V5\V5_20220726_10_00_00/vexv5\libv5rt.a(vex_controller.cpp.obj)
                0x03807d8c                vex::controller::button::button(vex::controller::tButtonType, vex::controller*)
                0x03807d8c                vex::controller::button::button(vex::controller::tButtonType, vex::controller*)
 .text._ZNK3vex10controller4axis5valueEv
                0x03807dd4       0x58 c:\Users\theco\AppData\Roaming\Code\User\globalStorage\vexrobotics.vexcode\sdk\cpp\V5\V5_20220726_10_00_00/vexv5\libv5rt.a(vex_controller.cpp.obj)
                0x03807dd4                vex::controller::axis::value() const
 .text._ZNK3vex10controller4axis8positionENS_12percentUnitsE
                0x03807e2c       0x1c c:\Users\theco\AppData\Roaming\Code\User\globalStorage\vexrobotics.vexcode\sdk\cpp\V5\V5_20220726_10_00_00/vexv5\libv5rt.a(vex_controller.cpp.obj)
                0x03807e2c                vex::controller::axis::position(vex::percentUnits) const
 .text._ZNK3vex10controller4axis23_joystickToChangedEventEv
                0x03807e48       0x20 c:\Users\theco\AppData\Roaming\Code\User\globalStorage\vexrobotics.vexcode\sdk\cpp\V5\V5_20220726_10_00_00/vexv5\libv5rt.a(vex_controller.cpp.obj)
                0x03807e48                vex::controller::axis::_joystickToChangedEvent() const
 .text._ZN3vex10controller4axisC2ENS0_9tAxisTypeEPS0_
                0x03807e68       0x2c c:\Users\theco\AppData\Roaming\Code\User\globalStorage\vexrobotics.vexcode\sdk\cpp\V5\V5_20220726_10_00_00/vexv5\libv5rt.a(vex_controller.cpp.obj)
                0x03807e68                vex::controller::axis::axis(vex::controller::tAxisType, vex::controller*)
                0x03807e68                vex::controller::axis::axis(vex::controller::tAxisType, vex::controller*)
 .text._ZN3vex10controllerC2ENS_14controllerTypeE
                0x03807e94      0x16c c:\Users\theco\AppData\Roaming\Code\User\globalStorage\vexrobotics.vexcode\sdk\cpp\V5\V5_20220726_10_00_00/vexv5\libv5rt.a(vex_controller.cpp.obj)
                0x03807e94                vex::controller::controller(vex::controllerType)
                0x03807e94                vex::controller::controller(vex::controllerType)
 .text._ZN3vex10controller3lcd15getControllerIdEv
                0x03808000       0x10 c:\Users\theco\AppData\Roaming\Code\User\globalStorage\vexrobotics.vexcode\sdk\cpp\V5\V5_20220726_10_00_00/vexv5\libv5rt.a(vex_controller.cpp.obj)
                0x03808000                vex::controller::lcd::getControllerId()
 .text._ZN3vex10controller3lcd9setCursorEll
                0x03808010       0x40 c:\Users\theco\AppData\Roaming\Code\User\globalStorage\vexrobotics.vexcode\sdk\cpp\V5\V5_20220726_10_00_00/vexv5\libv5rt.a(vex_controller.cpp.obj)
                0x03808010                vex::controller::lcd::setCursor(long, long)
 .text._ZN3vex10controller3lcd5printEPKcz
                0x03808050       0x80 c:\Users\theco\AppData\Roaming\Code\User\globalStorage\vexrobotics.vexcode\sdk\cpp\V5\V5_20220726_10_00_00/vexv5\libv5rt.a(vex_controller.cpp.obj)
                0x03808050                vex::controller::lcd::print(char const*, ...)
 .text._ZN3vex10controller3lcd5printEPcz
                0x038080d0       0x80 c:\Users\theco\AppData\Roaming\Code\User\globalStorage\vexrobotics.vexcode\sdk\cpp\V5\V5_20220726_10_00_00/vexv5\libv5rt.a(vex_controller.cpp.obj)
                0x038080d0                vex::controller::lcd::print(char*, ...)
 .text._ZN3vex10controller3lcd9clearLineEi
                0x03808150       0x80 c:\Users\theco\AppData\Roaming\Code\User\globalStorage\vexrobotics.vexcode\sdk\cpp\V5\V5_20220726_10_00_00/vexv5\libv5rt.a(vex_controller.cpp.obj)
                0x03808150                vex::controller::lcd::clearLine(int)
 .text._ZN3vex10controller3lcd11clearScreenEv
                0x038081d0       0x5c c:\Users\theco\AppData\Roaming\Code\User\globalStorage\vexrobotics.vexcode\sdk\cpp\V5\V5_20220726_10_00_00/vexv5\libv5rt.a(vex_controller.cpp.obj)
                0x038081d0                vex::controller::lcd::clearScreen()
 .text._ZN3vex10controller3lcd9clearLineEv
                0x0380822c        0x8 c:\Users\theco\AppData\Roaming\Code\User\globalStorage\vexrobotics.vexcode\sdk\cpp\V5\V5_20220726_10_00_00/vexv5\libv5rt.a(vex_controller.cpp.obj)
                0x0380822c                vex::controller::lcd::clearLine()
 .text._ZN3vex4taskC2EPFivE
                0x03808234       0x5c c:\Users\theco\AppData\Roaming\Code\User\globalStorage\vexrobotics.vexcode\sdk\cpp\V5\V5_20220726_10_00_00/vexv5\libv5rt.a(vex_task.cpp.obj)
                0x03808234                vex::task::task(int (*)())
                0x03808234                vex::task::task(int (*)())
 .text._ZN3vex4taskD2Ev
                0x03808290        0x4 c:\Users\theco\AppData\Roaming\Code\User\globalStorage\vexrobotics.vexcode\sdk\cpp\V5\V5_20220726_10_00_00/vexv5\libv5rt.a(vex_task.cpp.obj)
                0x03808290                vex::task::~task()
                0x03808290                vex::task::~task()
 .text._ZN3vex4task4stopEPvi
                0x03808294       0x1c c:\Users\theco\AppData\Roaming\Code\User\globalStorage\vexrobotics.vexcode\sdk\cpp\V5\V5_20220726_10_00_00/vexv5\libv5rt.a(vex_task.cpp.obj)
                0x03808294                vex::task::stop(void*, int)
 .text._ZN3vex4task5sleepEm
                0x038082b0        0x4 c:\Users\theco\AppData\Roaming\Code\User\globalStorage\vexrobotics.vexcode\sdk\cpp\V5\V5_20220726_10_00_00/vexv5\libv5rt.a(vex_task.cpp.obj)
                0x038082b0                vex::task::sleep(unsigned long)
 .text._ZN3vex4task6_indexEPFivE
                0x038082b4       0x14 c:\Users\theco\AppData\Roaming\Code\User\globalStorage\vexrobotics.vexcode\sdk\cpp\V5\V5_20220726_10_00_00/vexv5\libv5rt.a(vex_task.cpp.obj)
                0x038082b4                vex::task::_index(int (*)())
 .text._ZN3vex4task8_stopAllEv
                0x038082c8       0x3c c:\Users\theco\AppData\Roaming\Code\User\globalStorage\vexrobotics.vexcode\sdk\cpp\V5\V5_20220726_10_00_00/vexv5\libv5rt.a(vex_task.cpp.obj)
                0x038082c8                vex::task::_stopAll()
 .text._ZN3vex6threadC2EPFivE
                0x03808304       0x5c c:\Users\theco\AppData\Roaming\Code\User\globalStorage\vexrobotics.vexcode\sdk\cpp\V5\V5_20220726_10_00_00/vexv5\libv5rt.a(vex_thread.cpp.obj)
                0x03808304                vex::thread::thread(int (*)())
                0x03808304                vex::thread::thread(int (*)())
 .text._ZN3vex11this_thread9sleep_forEm
                0x03808360        0x4 c:\Users\theco\AppData\Roaming\Code\User\globalStorage\vexrobotics.vexcode\sdk\cpp\V5\V5_20220726_10_00_00/vexv5\libv5rt.a(vex_thread.cpp.obj)
                0x03808360                vex::this_thread::sleep_for(unsigned long)
 .text._ZN3vex5event4initEmmPFvvE
                0x03808364        0x4 c:\Users\theco\AppData\Roaming\Code\User\globalStorage\vexrobotics.vexcode\sdk\cpp\V5\V5_20220726_10_00_00/vexv5\libv5rt.a(vex_event.cpp.obj)
                0x03808364                vex::event::init(unsigned long, unsigned long, void (*)())
 .text._ZN3vex5event4initEmmPFvPvES1_
                0x03808368        0x4 c:\Users\theco\AppData\Roaming\Code\User\globalStorage\vexrobotics.vexcode\sdk\cpp\V5\V5_20220726_10_00_00/vexv5\libv5rt.a(vex_event.cpp.obj)
                0x03808368                vex::event::init(unsigned long, unsigned long, void (*)(void*), void*)
 .text._ZN3vex5event9userindexEv
                0x0380836c        0x4 c:\Users\theco\AppData\Roaming\Code\User\globalStorage\vexrobotics.vexcode\sdk\cpp\V5\V5_20220726_10_00_00/vexv5\libv5rt.a(vex_event.cpp.obj)
                0x0380836c                vex::event::userindex()
 .text._ZZN3vex6meventC4EmmENUlvE_4_FUNEv
                0x03808370        0x4 c:\Users\theco\AppData\Roaming\Code\User\globalStorage\vexrobotics.vexcode\sdk\cpp\V5\V5_20220726_10_00_00/vexv5\libv5rt.a(vex_mevent.cpp.obj)
 .text._ZN3vex6meventC2Emm
                0x03808374       0x70 c:\Users\theco\AppData\Roaming\Code\User\globalStorage\vexrobotics.vexcode\sdk\cpp\V5\V5_20220726_10_00_00/vexv5\libv5rt.a(vex_mevent.cpp.obj)
                0x03808374                vex::mevent::mevent(unsigned long, unsigned long)
                0x03808374                vex::mevent::mevent(unsigned long, unsigned long)
 .text._ZN3vex5brain9_getIndexEv
                0x038083e4       0x10 c:\Users\theco\AppData\Roaming\Code\User\globalStorage\vexrobotics.vexcode\sdk\cpp\V5\V5_20220726_10_00_00/vexv5\libv5rt.a(vex_brain.cpp.obj)
                0x038083e4                vex::brain::_getIndex()
 .text._ZN3vex5brain5timerENS_9timeUnitsE
                0x038083f4        0x8 c:\Users\theco\AppData\Roaming\Code\User\globalStorage\vexrobotics.vexcode\sdk\cpp\V5\V5_20220726_10_00_00/vexv5\libv5rt.a(vex_brain.cpp.obj)
                0x038083f4                vex::brain::timer(vex::timeUnits)
 .text._ZN3vex5brain3lcd9setCursorEll
                0x038083fc       0x44 c:\Users\theco\AppData\Roaming\Code\User\globalStorage\vexrobotics.vexcode\sdk\cpp\V5\V5_20220726_10_00_00/vexv5\libv5rt.a(vex_brain.cpp.obj)
                0x038083fc                vex::brain::lcd::setCursor(long, long)
 .text._ZN3vex5brain3lcd7setFontENS_8fontTypeE
                0x03808440      0x23c c:\Users\theco\AppData\Roaming\Code\User\globalStorage\vexrobotics.vexcode\sdk\cpp\V5\V5_20220726_10_00_00/vexv5\libv5rt.a(vex_brain.cpp.obj)
                0x03808440                vex::brain::lcd::setFont(vex::fontType)
 .text._ZN3vex5brain3lcdC2Ev
                0x0380867c       0x94 c:\Users\theco\AppData\Roaming\Code\User\globalStorage\vexrobotics.vexcode\sdk\cpp\V5\V5_20220726_10_00_00/vexv5\libv5rt.a(vex_brain.cpp.obj)
                0x0380867c                vex::brain::lcd::lcd()
                0x0380867c                vex::brain::lcd::lcd()
 .text._ZN3vex5brainC2Ev
                0x03808710       0x3c c:\Users\theco\AppData\Roaming\Code\User\globalStorage\vexrobotics.vexcode\sdk\cpp\V5\V5_20220726_10_00_00/vexv5\libv5rt.a(vex_brain.cpp.obj)
                0x03808710                vex::brain::brain()
                0x03808710                vex::brain::brain()
 .text._ZN3vex5brain3lcd11setPenWidthEm
                0x0380874c       0x24 c:\Users\theco\AppData\Roaming\Code\User\globalStorage\vexrobotics.vexcode\sdk\cpp\V5\V5_20220726_10_00_00/vexv5\libv5rt.a(vex_brain.cpp.obj)
                0x0380874c                vex::brain::lcd::setPenWidth(unsigned long)
 .text._ZN3vex5brain3lcd11setPenColorERKNS_5colorE
                0x03808770       0x14 c:\Users\theco\AppData\Roaming\Code\User\globalStorage\vexrobotics.vexcode\sdk\cpp\V5\V5_20220726_10_00_00/vexv5\libv5rt.a(vex_brain.cpp.obj)
                0x03808770                vex::brain::lcd::setPenColor(vex::color const&)
 .text._ZN3vex5brain3lcd12setFillColorERKNS_5colorE
                0x03808784       0x38 c:\Users\theco\AppData\Roaming\Code\User\globalStorage\vexrobotics.vexcode\sdk\cpp\V5\V5_20220726_10_00_00/vexv5\libv5rt.a(vex_brain.cpp.obj)
                0x03808784                vex::brain::lcd::setFillColor(vex::color const&)
 .text._ZN3vex5brain3lcd7printAtEllPKcz
                0x038087bc       0x54 c:\Users\theco\AppData\Roaming\Code\User\globalStorage\vexrobotics.vexcode\sdk\cpp\V5\V5_20220726_10_00_00/vexv5\libv5rt.a(vex_brain.cpp.obj)
                0x038087bc                vex::brain::lcd::printAt(long, long, char const*, ...)
 .text._ZN3vex5brain3lcd12_clearScreenEm
                0x03808810       0x38 c:\Users\theco\AppData\Roaming\Code\User\globalStorage\vexrobotics.vexcode\sdk\cpp\V5\V5_20220726_10_00_00/vexv5\libv5rt.a(vex_brain.cpp.obj)
                0x03808810                vex::brain::lcd::_clearScreen(unsigned long)
 .text._ZN3vex5brain3lcd11clearScreenERKNS_5colorE
                0x03808848       0x20 c:\Users\theco\AppData\Roaming\Code\User\globalStorage\vexrobotics.vexcode\sdk\cpp\V5\V5_20220726_10_00_00/vexv5\libv5rt.a(vex_brain.cpp.obj)
                0x03808848                vex::brain::lcd::clearScreen(vex::color const&)
 .text._ZN3vex5brain3lcd11clearScreenEv
                0x03808868       0x2c c:\Users\theco\AppData\Roaming\Code\User\globalStorage\vexrobotics.vexcode\sdk\cpp\V5\V5_20220726_10_00_00/vexv5\libv5rt.a(vex_brain.cpp.obj)
                0x03808868                vex::brain::lcd::clearScreen()
 .text._ZN3vex5brain3lcd9drawPixelEii
                0x03808894       0x14 c:\Users\theco\AppData\Roaming\Code\User\globalStorage\vexrobotics.vexcode\sdk\cpp\V5\V5_20220726_10_00_00/vexv5\libv5rt.a(vex_brain.cpp.obj)
                0x03808894                vex::brain::lcd::drawPixel(int, int)
 .text._ZN3vex5brain3lcd13drawRectangleEiiii
                0x038088a8       0xdc c:\Users\theco\AppData\Roaming\Code\User\globalStorage\vexrobotics.vexcode\sdk\cpp\V5\V5_20220726_10_00_00/vexv5\libv5rt.a(vex_brain.cpp.obj)
                0x038088a8                vex::brain::lcd::drawRectangle(int, int, int, int)
 .text._ZN3vex5brain3lcd14_drawRectangleEiiiim
                0x03808984       0x74 c:\Users\theco\AppData\Roaming\Code\User\globalStorage\vexrobotics.vexcode\sdk\cpp\V5\V5_20220726_10_00_00/vexv5\libv5rt.a(vex_brain.cpp.obj)
                0x03808984                vex::brain::lcd::_drawRectangle(int, int, int, int, unsigned long)
 .text._ZN3vex5brain3lcd13drawRectangleEiiiiRKNS_5colorE
                0x038089f8       0x68 c:\Users\theco\AppData\Roaming\Code\User\globalStorage\vexrobotics.vexcode\sdk\cpp\V5\V5_20220726_10_00_00/vexv5\libv5rt.a(vex_brain.cpp.obj)
                0x038089f8                vex::brain::lcd::drawRectangle(int, int, int, int, vex::color const&)
 .text._ZN3vex5brain3lcd7newLineEv
                0x03808a60       0x20 c:\Users\theco\AppData\Roaming\Code\User\globalStorage\vexrobotics.vexcode\sdk\cpp\V5\V5_20220726_10_00_00/vexv5\libv5rt.a(vex_brain.cpp.obj)
                0x03808a60                vex::brain::lcd::newLine()
 .text._ZN3vex5brain3lcd9xPositionEv
                0x03808a80       0x24 c:\Users\theco\AppData\Roaming\Code\User\globalStorage\vexrobotics.vexcode\sdk\cpp\V5\V5_20220726_10_00_00/vexv5\libv5rt.a(vex_brain.cpp.obj)
                0x03808a80                vex::brain::lcd::xPosition()
 .text._ZN3vex5brain3lcd9yPositionEv
                0x03808aa4       0x24 c:\Users\theco\AppData\Roaming\Code\User\globalStorage\vexrobotics.vexcode\sdk\cpp\V5\V5_20220726_10_00_00/vexv5\libv5rt.a(vex_brain.cpp.obj)
                0x03808aa4                vex::brain::lcd::yPosition()
 .text._ZN3vex5brain3lcd8pressingEv
                0x03808ac8       0x20 c:\Users\theco\AppData\Roaming\Code\User\globalStorage\vexrobotics.vexcode\sdk\cpp\V5\V5_20220726_10_00_00/vexv5\libv5rt.a(vex_brain.cpp.obj)
                0x03808ac8                vex::brain::lcd::pressing()
 .text._ZN3vex5brain3lcd10rowToPixelEl
                0x03808ae8       0x34 c:\Users\theco\AppData\Roaming\Code\User\globalStorage\vexrobotics.vexcode\sdk\cpp\V5\V5_20220726_10_00_00/vexv5\libv5rt.a(vex_brain.cpp.obj)
                0x03808ae8                vex::brain::lcd::rowToPixel(long)
 .text._ZN3vex5brain3lcd5printEPKcz
                0x03808b1c       0xb8 c:\Users\theco\AppData\Roaming\Code\User\globalStorage\vexrobotics.vexcode\sdk\cpp\V5\V5_20220726_10_00_00/vexv5\libv5rt.a(vex_brain.cpp.obj)
                0x03808b1c                vex::brain::lcd::print(char const*, ...)
 *fill*         0x03808bd4        0x4 
 .text._ZN3vex5brain3lcd8hueToRgbEm
                0x03808bd8       0xe0 c:\Users\theco\AppData\Roaming\Code\User\globalStorage\vexrobotics.vexcode\sdk\cpp\V5\V5_20220726_10_00_00/vexv5\libv5rt.a(vex_brain.cpp.obj)
                0x03808bd8                vex::brain::lcd::hueToRgb(unsigned long)
 .text._ZN3vex5brain3lcd13drawRectangleEiiiii
                0x03808cb8       0x54 c:\Users\theco\AppData\Roaming\Code\User\globalStorage\vexrobotics.vexcode\sdk\cpp\V5\V5_20220726_10_00_00/vexv5\libv5rt.a(vex_brain.cpp.obj)
                0x03808cb8                vex::brain::lcd::drawRectangle(int, int, int, int, int)
 .text._ZN3vex5brain7battery8capacityENS_12percentUnitsE
                0x03808d0c       0x18 c:\Users\theco\AppData\Roaming\Code\User\globalStorage\vexrobotics.vexcode\sdk\cpp\V5\V5_20220726_10_00_00/vexv5\libv5rt.a(vex_brain.cpp.obj)
                0x03808d0c                vex::brain::battery::capacity(vex::percentUnits)
 *fill*         0x03808d24        0x4 
 .text._ZN3vex5brain7battery11temperatureENS_16temperatureUnitsE
                0x03808d28       0x40 c:\Users\theco\AppData\Roaming\Code\User\globalStorage\vexrobotics.vexcode\sdk\cpp\V5\V5_20220726_10_00_00/vexv5\libv5rt.a(vex_brain.cpp.obj)
                0x03808d28                vex::brain::battery::temperature(vex::temperatureUnits)
 .text._ZN3vex5brain7battery7voltageENS_12voltageUnitsE
                0x03808d68       0x30 c:\Users\theco\AppData\Roaming\Code\User\globalStorage\vexrobotics.vexcode\sdk\cpp\V5\V5_20220726_10_00_00/vexv5\libv5rt.a(vex_brain.cpp.obj)
                0x03808d68                vex::brain::battery::voltage(vex::voltageUnits)
 .text._ZN3vex5brain7battery7currentENS_12currentUnitsE
                0x03808d98       0x30 c:\Users\theco\AppData\Roaming\Code\User\globalStorage\vexrobotics.vexcode\sdk\cpp\V5\V5_20220726_10_00_00/vexv5\libv5rt.a(vex_brain.cpp.obj)
                0x03808d98                vex::brain::battery::current(vex::currentUnits)
 .text._ZN3vex5brainD2Ev
                0x03808dc8       0x20 c:\Users\theco\AppData\Roaming\Code\User\globalStorage\vexrobotics.vexcode\sdk\cpp\V5\V5_20220726_10_00_00/vexv5\libv5rt.a(vex_brain.cpp.obj)
                0x03808dc8                vex::brain::~brain()
                0x03808dc8                vex::brain::~brain()
 .text._ZN3vex11competition8_disableEPv
                0x03808de8       0xa4 c:\Users\theco\AppData\Roaming\Code\User\globalStorage\vexrobotics.vexcode\sdk\cpp\V5\V5_20220726_10_00_00/vexv5\libv5rt.a(vex_competition.cpp.obj)
                0x03808de8                vex::competition::_disable(void*)
 .text._ZN3vex11competition11_autonomousEv
                0x03808e8c       0x80 c:\Users\theco\AppData\Roaming\Code\User\globalStorage\vexrobotics.vexcode\sdk\cpp\V5\V5_20220726_10_00_00/vexv5\libv5rt.a(vex_competition.cpp.obj)
                0x03808e8c                vex::competition::_autonomous()
 .text._ZN3vex11competition14_drivercontrolEv
                0x03808f0c       0x80 c:\Users\theco\AppData\Roaming\Code\User\globalStorage\vexrobotics.vexcode\sdk\cpp\V5\V5_20220726_10_00_00/vexv5\libv5rt.a(vex_competition.cpp.obj)
                0x03808f0c                vex::competition::_drivercontrol()
 .text._ZN3vex11competitionC2Ev
                0x03808f8c      0x13c c:\Users\theco\AppData\Roaming\Code\User\globalStorage\vexrobotics.vexcode\sdk\cpp\V5\V5_20220726_10_00_00/vexv5\libv5rt.a(vex_competition.cpp.obj)
                0x03808f8c                vex::competition::competition()
                0x03808f8c                vex::competition::competition()
 .text._ZN3vex11competitionD2Ev
                0x038090c8        0x4 c:\Users\theco\AppData\Roaming\Code\User\globalStorage\vexrobotics.vexcode\sdk\cpp\V5\V5_20220726_10_00_00/vexv5\libv5rt.a(vex_competition.cpp.obj)
                0x038090c8                vex::competition::~competition()
                0x038090c8                vex::competition::~competition()
 .text._ZN3vex11competition10autonomousEPFvvE
                0x038090cc       0x44 c:\Users\theco\AppData\Roaming\Code\User\globalStorage\vexrobotics.vexcode\sdk\cpp\V5\V5_20220726_10_00_00/vexv5\libv5rt.a(vex_competition.cpp.obj)
                0x038090cc                vex::competition::autonomous(void (*)())
 .text._ZN3vex11competition13drivercontrolEPFvvE
                0x03809110       0x44 c:\Users\theco\AppData\Roaming\Code\User\globalStorage\vexrobotics.vexcode\sdk\cpp\V5\V5_20220726_10_00_00/vexv5\libv5rt.a(vex_competition.cpp.obj)
                0x03809110                vex::competition::drivercontrol(void (*)())
 .text._ZN3vex11competition9isEnabledEv
                0x03809154       0x14 c:\Users\theco\AppData\Roaming\Code\User\globalStorage\vexrobotics.vexcode\sdk\cpp\V5\V5_20220726_10_00_00/vexv5\libv5rt.a(vex_competition.cpp.obj)
                0x03809154                vex::competition::isEnabled()
 .text._ZN3vex11competition15isDriverControlEv
                0x03809168       0x14 c:\Users\theco\AppData\Roaming\Code\User\globalStorage\vexrobotics.vexcode\sdk\cpp\V5\V5_20220726_10_00_00/vexv5\libv5rt.a(vex_competition.cpp.obj)
                0x03809168                vex::competition::isDriverControl()
 .text._ZN3vex11competition12isAutonomousEv
                0x0380917c       0x14 c:\Users\theco\AppData\Roaming\Code\User\globalStorage\vexrobotics.vexcode\sdk\cpp\V5\V5_20220726_10_00_00/vexv5\libv5rt.a(vex_competition.cpp.obj)
                0x0380917c                vex::competition::isAutonomous()
 .text._ZN3vex7triportD2Ev
                0x03809190       0x38 c:\Users\theco\AppData\Roaming\Code\User\globalStorage\vexrobotics.vexcode\sdk\cpp\V5\V5_20220726_10_00_00/vexv5\libv5rt.a(vex_triport.cpp.obj)
                0x03809190                vex::triport::~triport()
                0x03809190                vex::triport::~triport()
 .text._ZN3vex7triportD0Ev
                0x038091c8       0x1c c:\Users\theco\AppData\Roaming\Code\User\globalStorage\vexrobotics.vexcode\sdk\cpp\V5\V5_20220726_10_00_00/vexv5\libv5rt.a(vex_triport.cpp.obj)
                0x038091c8                vex::triport::~triport()
 .text._ZN3vex7triport9installedEv
                0x038091e4       0x18 c:\Users\theco\AppData\Roaming\Code\User\globalStorage\vexrobotics.vexcode\sdk\cpp\V5\V5_20220726_10_00_00/vexv5\libv5rt.a(vex_triport.cpp.obj)
                0x038091e4                vex::triport::installed()
 .text._ZN3vex7triport4portC2ElPS0_
                0x038091fc       0x74 c:\Users\theco\AppData\Roaming\Code\User\globalStorage\vexrobotics.vexcode\sdk\cpp\V5\V5_20220726_10_00_00/vexv5\libv5rt.a(vex_triport.cpp.obj)
                0x038091fc                vex::triport::port::port(long, vex::triport*)
                0x038091fc                vex::triport::port::port(long, vex::triport*)
 .text._ZN3vex7triportC2El
                0x03809270       0xf0 c:\Users\theco\AppData\Roaming\Code\User\globalStorage\vexrobotics.vexcode\sdk\cpp\V5\V5_20220726_10_00_00/vexv5\libv5rt.a(vex_triport.cpp.obj)
                0x03809270                vex::triport::triport(long)
                0x03809270                vex::triport::triport(long)
 .text._ZN3vex5colorD2Ev
                0x03809360        0x4 c:\Users\theco\AppData\Roaming\Code\User\globalStorage\vexrobotics.vexcode\sdk\cpp\V5\V5_20220726_10_00_00/vexv5\libv5rt.a(vex_color.cpp.obj)
                0x03809360                vex::color::~color()
                0x03809360                vex::color::~color()
 .text._ZN3vex5colorC2Ev
                0x03809364       0x10 c:\Users\theco\AppData\Roaming\Code\User\globalStorage\vexrobotics.vexcode\sdk\cpp\V5\V5_20220726_10_00_00/vexv5\libv5rt.a(vex_color.cpp.obj)
                0x03809364                vex::color::color()
                0x03809364                vex::color::color()
 .text._ZN3vex5colorC2Ehhh
                0x03809374       0x1c c:\Users\theco\AppData\Roaming\Code\User\globalStorage\vexrobotics.vexcode\sdk\cpp\V5\V5_20220726_10_00_00/vexv5\libv5rt.a(vex_color.cpp.obj)
                0x03809374                vex::color::color(unsigned char, unsigned char, unsigned char)
                0x03809374                vex::color::color(unsigned char, unsigned char, unsigned char)
 .text._ZN3vex5color3rgbEhhh
                0x03809390       0x20 c:\Users\theco\AppData\Roaming\Code\User\globalStorage\vexrobotics.vexcode\sdk\cpp\V5\V5_20220726_10_00_00/vexv5\libv5rt.a(vex_color.cpp.obj)
                0x03809390                vex::color::rgb(unsigned char, unsigned char, unsigned char)
 .text._ZNK3vex5colorcvmEv
                0x038093b0        0x8 c:\Users\theco\AppData\Roaming\Code\User\globalStorage\vexrobotics.vexcode\sdk\cpp\V5\V5_20220726_10_00_00/vexv5\libv5rt.a(vex_color.cpp.obj)
                0x038093b0                vex::color::operator unsigned long() const
 .text._ZNK3vex5color13isTransparentEv
                0x038093b8        0x8 c:\Users\theco\AppData\Roaming\Code\User\globalStorage\vexrobotics.vexcode\sdk\cpp\V5\V5_20220726_10_00_00/vexv5\libv5rt.a(vex_color.cpp.obj)
                0x038093b8                vex::color::isTransparent() const
 .text.startup._GLOBAL__sub_I__ZN3vex5color5blackE
                0x038093c0      0x164 c:\Users\theco\AppData\Roaming\Code\User\globalStorage\vexrobotics.vexcode\sdk\cpp\V5\V5_20220726_10_00_00/vexv5\libv5rt.a(vex_color.cpp.obj)
 .text._ZN3vex5timerD2Ev
                0x03809524        0x4 c:\Users\theco\AppData\Roaming\Code\User\globalStorage\vexrobotics.vexcode\sdk\cpp\V5\V5_20220726_10_00_00/vexv5\libv5rt.a(vex_timer.cpp.obj)
                0x03809524                vex::timer::~timer()
                0x03809524                vex::timer::~timer()
 .text._ZN3vex5timer5clearEv
                0x03809528       0x1c c:\Users\theco\AppData\Roaming\Code\User\globalStorage\vexrobotics.vexcode\sdk\cpp\V5\V5_20220726_10_00_00/vexv5\libv5rt.a(vex_timer.cpp.obj)
                0x03809528                vex::timer::clear()
 .text._ZN3vex5timerC2Ev
                0x03809544       0x14 c:\Users\theco\AppData\Roaming\Code\User\globalStorage\vexrobotics.vexcode\sdk\cpp\V5\V5_20220726_10_00_00/vexv5\libv5rt.a(vex_timer.cpp.obj)
                0x03809544                vex::timer::timer()
                0x03809544                vex::timer::timer()
 .text._ZNK3vex5timer4timeENS_9timeUnitsE
                0x03809558       0x40 c:\Users\theco\AppData\Roaming\Code\User\globalStorage\vexrobotics.vexcode\sdk\cpp\V5\V5_20220726_10_00_00/vexv5\libv5rt.a(vex_timer.cpp.obj)
                0x03809558                vex::timer::time(vex::timeUnits) const
 .text.vexMotorVelocitySet
                0x03809598       0x20 c:\Users\theco\AppData\Roaming\Code\User\globalStorage\vexrobotics.vexcode\sdk\cpp\V5\V5_20220726_10_00_00/vexv5\libv5rt.a(v5_apiuser.c.obj)
                0x03809598                vexMotorVelocitySet
 .text.vexMotorActualVelocityGet
                0x038095b8       0x24 c:\Users\theco\AppData\Roaming\Code\User\globalStorage\vexrobotics.vexcode\sdk\cpp\V5\V5_20220726_10_00_00/vexv5\libv5rt.a(v5_apiuser.c.obj)
                0x038095b8                vexMotorActualVelocityGet
 .text.vexMotorReverseFlagSet
                0x038095dc       0x20 c:\Users\theco\AppData\Roaming\Code\User\globalStorage\vexrobotics.vexcode\sdk\cpp\V5\V5_20220726_10_00_00/vexv5\libv5rt.a(v5_apiuser.c.obj)
                0x038095dc                vexMotorReverseFlagSet
 .text.vexMotorBrakeModeSet
                0x038095fc       0x20 c:\Users\theco\AppData\Roaming\Code\User\globalStorage\vexrobotics.vexcode\sdk\cpp\V5\V5_20220726_10_00_00/vexv5\libv5rt.a(v5_apiuser.c.obj)
                0x038095fc                vexMotorBrakeModeSet
 .text.vexMotorPositionSet
                0x0380961c       0x28 c:\Users\theco\AppData\Roaming\Code\User\globalStorage\vexrobotics.vexcode\sdk\cpp\V5\V5_20220726_10_00_00/vexv5\libv5rt.a(v5_apiuser.c.obj)
                0x0380961c                vexMotorPositionSet
 .text.vexMotorGearingSet
                0x03809644       0x20 c:\Users\theco\AppData\Roaming\Code\User\globalStorage\vexrobotics.vexcode\sdk\cpp\V5\V5_20220726_10_00_00/vexv5\libv5rt.a(v5_apiuser.c.obj)
                0x03809644                vexMotorGearingSet
 .text.vexMotorGearingGet
                0x03809664       0x18 c:\Users\theco\AppData\Roaming\Code\User\globalStorage\vexrobotics.vexcode\sdk\cpp\V5\V5_20220726_10_00_00/vexv5\libv5rt.a(v5_apiuser.c.obj)
                0x03809664                vexMotorGearingGet
 .text.vexEventMaskSet
                0x0380967c       0x28 c:\Users\theco\AppData\Roaming\Code\User\globalStorage\vexrobotics.vexcode\sdk\cpp\V5\V5_20220726_10_00_00/vexv5\libv5rt.a(v5_apiuser.c.obj)
                0x0380967c                vexEventMaskSet
 .text.vexEventMaskGet
                0x038096a4       0x18 c:\Users\theco\AppData\Roaming\Code\User\globalStorage\vexrobotics.vexcode\sdk\cpp\V5\V5_20220726_10_00_00/vexv5\libv5rt.a(v5_apiuser.c.obj)
                0x038096a4                vexEventMaskGet
 .text.__aeabi_memcpy
                0x038096bc        0x4 c:\Users\theco\AppData\Roaming\Code\User\globalStorage\vexrobotics.vexcode\sdk\cpp\V5\V5_20220726_10_00_00/vexv5/gcc/libs\libc.a(lib_a-aeabi_memcpy.o)
                0x038096bc                __aeabi_memcpy
                0x038096bc                __aeabi_memcpy8
                0x038096bc                __aeabi_memcpy4
 .text.__libc_fini_array
                0x038096c0       0x30 c:\Users\theco\AppData\Roaming\Code\User\globalStorage\vexrobotics.vexcode\sdk\cpp\V5\V5_20220726_10_00_00/vexv5/gcc/libs\libc.a(lib_a-fini.o)
                0x038096c0                __libc_fini_array
 .text.__libc_init_array
                0x038096f0       0x58 c:\Users\theco\AppData\Roaming\Code\User\globalStorage\vexrobotics.vexcode\sdk\cpp\V5\V5_20220726_10_00_00/vexv5/gcc/libs\libc.a(lib_a-init.o)
                0x038096f0                __libc_init_array
 .text.ispunct  0x03809748       0x14 c:\Users\theco\AppData\Roaming\Code\User\globalStorage\vexrobotics.vexcode\sdk\cpp\V5\V5_20220726_10_00_00/vexv5/gcc/libs\libc.a(lib_a-ispunct.o)
                0x03809748                ispunct
 .text.memcpy   0x0380975c       0xa8 c:\Users\theco\AppData\Roaming\Code\User\globalStorage\vexrobotics.vexcode\sdk\cpp\V5\V5_20220726_10_00_00/vexv5/gcc/libs\libc.a(lib_a-memcpy.o)
                0x0380975c                memcpy
 *fill*         0x03809804        0x4 
 .text.memcpy.__stub
                0x03809808       0x18 linker stubs
 *(.gnu.linkonce.t.*)
 *(.plt)
 *(.gnu_warning)
 *(.gcc_except_table)
 *(.glue_7)
 .glue_7        0x00000000        0x0 linker stubs
 *(.glue_7t)
 .glue_7t       0x00000000        0x0 linker stubs
 *(.vfp11_veneer)
 .vfp11_veneer  0x00000000        0x0 linker stubs
 *(.ARM.extab)
 *(.gnu.linkonce.armextab.*)

.v4_bx          0x03809820        0x0
 .v4_bx         0x00000000        0x0 linker stubs

.iplt           0x03809820        0x0
 .iplt          0x00000000        0x0 build/src/main.o

.init
 *(.init)

.fini
 *(.fini)

.rodata         0x03809820     0x337d
                0x03809820                __rodata_start = .
 *(.rodata)
 *(.rodata.*)
 .rodata.str1.1
                0x03809820      0x2aa build/src/main.o
 *fill*         0x03809aca        0x6 
 .rodata..Lconstinit
                0x03809ad0       0xd0 build/evAPI/odomSupport/src/odomMain.o
 .rodata..Lconstinit.1
                0x03809ba0       0xd0 build/evAPI/odomSupport/src/odomMain.o
 .rodata..Lconstinit.2
                0x03809c70       0xd0 build/evAPI/odomSupport/src/odomMain.o
 .rodata.str1.1
                0x03809d40       0x4e build/evAPI/vexUI/src/UserInterface.o
                                 0x59 (size before relaxing)
 *fill*         0x03809d8e        0x2 
 .rodata..Lconstinit
                0x03809d90      0x4c9 build/evAPI/vexUI/src/UserInterface.o
 *fill*         0x0380a259        0x7 
 .rodata..Lconstinit.150
                0x0380a260      0x4c9 build/evAPI/vexUI/src/UserInterface.o
 *fill*         0x0380a729        0x7 
 .rodata..Lconstinit.151
                0x0380a730      0x4c9 build/evAPI/vexUI/src/UserInterface.o
 *fill*         0x0380abf9        0x7 
 .rodata..Lconstinit.152
                0x0380ac00      0x4c9 build/evAPI/vexUI/src/UserInterface.o
 *fill*         0x0380b0c9        0x7 
 .rodata..Lconstinit.153
                0x0380b0d0      0x4c9 build/evAPI/vexUI/src/UserInterface.o
 *fill*         0x0380b599        0x7 
 .rodata..Lconstinit.154
                0x0380b5a0      0x4c9 build/evAPI/vexUI/src/UserInterface.o
 *fill*         0x0380ba69        0x7 
 .rodata..Lconstinit.155
                0x0380ba70      0x4c9 build/evAPI/vexUI/src/UserInterface.o
 *fill*         0x0380bf39        0x7 
 .rodata..Lconstinit.156
                0x0380bf40      0x4c9 build/evAPI/vexUI/src/UserInterface.o
 *fill*         0x0380c409        0x7 
 .rodata..Lconstinit.157
                0x0380c410      0x4c9 build/evAPI/vexUI/src/UserInterface.o
 .rodata.str1.1
                0x0380c8d9       0x2e c:\Users\theco\AppData\Roaming\Code\User\globalStorage\vexrobotics.vexcode\sdk\cpp\V5\V5_20220726_10_00_00/vexv5\libv5rt.a(v5_startup.c.obj)
 *fill*         0x0380c907        0x1 
 .rodata._ZN3vex6PORT20E
                0x0380c908        0x4 c:\Users\theco\AppData\Roaming\Code\User\globalStorage\vexrobotics.vexcode\sdk\cpp\V5\V5_20220726_10_00_00/vexv5\libv5rt.a(vex_global.cpp.obj)
                0x0380c908                vex::PORT20
 .rodata._ZN3vex6purpleE
                0x0380c90c        0x4 c:\Users\theco\AppData\Roaming\Code\User\globalStorage\vexrobotics.vexcode\sdk\cpp\V5\V5_20220726_10_00_00/vexv5\libv5rt.a(vex_global.cpp.obj)
                0x0380c90c                vex::purple
 .rodata._ZN3vex6yellowE
                0x0380c910        0x4 c:\Users\theco\AppData\Roaming\Code\User\globalStorage\vexrobotics.vexcode\sdk\cpp\V5\V5_20220726_10_00_00/vexv5\libv5rt.a(vex_global.cpp.obj)
                0x0380c910                vex::yellow
 .rodata._ZN3vex3fwdE
                0x0380c914        0x4 c:\Users\theco\AppData\Roaming\Code\User\globalStorage\vexrobotics.vexcode\sdk\cpp\V5\V5_20220726_10_00_00/vexv5\libv5rt.a(vex_global.cpp.obj)
                0x0380c914                vex::fwd
 .rodata._ZN3vex5PORT3E
                0x0380c918        0x4 c:\Users\theco\AppData\Roaming\Code\User\globalStorage\vexrobotics.vexcode\sdk\cpp\V5\V5_20220726_10_00_00/vexv5\libv5rt.a(vex_global.cpp.obj)
                0x0380c918                vex::PORT3
 .rodata._ZN3vex5PORT1E
                0x0380c91c        0x4 c:\Users\theco\AppData\Roaming\Code\User\globalStorage\vexrobotics.vexcode\sdk\cpp\V5\V5_20220726_10_00_00/vexv5\libv5rt.a(vex_global.cpp.obj)
                0x0380c91c                vex::PORT1
 .rodata._ZN3vex4voltE
                0x0380c920        0x4 c:\Users\theco\AppData\Roaming\Code\User\globalStorage\vexrobotics.vexcode\sdk\cpp\V5\V5_20220726_10_00_00/vexv5\libv5rt.a(vex_global.cpp.obj)
                0x0380c920                vex::volt
 .rodata._ZN3vex3ampE
                0x0380c924        0x4 c:\Users\theco\AppData\Roaming\Code\User\globalStorage\vexrobotics.vexcode\sdk\cpp\V5\V5_20220726_10_00_00/vexv5\libv5rt.a(vex_global.cpp.obj)
                0x0380c924                vex::amp
 .rodata._ZN3vex6PORT10E
                0x0380c928        0x4 c:\Users\theco\AppData\Roaming\Code\User\globalStorage\vexrobotics.vexcode\sdk\cpp\V5\V5_20220726_10_00_00/vexv5\libv5rt.a(vex_global.cpp.obj)
                0x0380c928                vex::PORT10
 .rodata._ZN3vex5PORT5E
                0x0380c92c        0x4 c:\Users\theco\AppData\Roaming\Code\User\globalStorage\vexrobotics.vexcode\sdk\cpp\V5\V5_20220726_10_00_00/vexv5\libv5rt.a(vex_global.cpp.obj)
                0x0380c92c                vex::PORT5
 .rodata._ZN3vex11transparentE
                0x0380c930        0x4 c:\Users\theco\AppData\Roaming\Code\User\globalStorage\vexrobotics.vexcode\sdk\cpp\V5\V5_20220726_10_00_00/vexv5\libv5rt.a(vex_global.cpp.obj)
                0x0380c930                vex::transparent
 .rodata._ZN3vex6PORT14E
                0x0380c934        0x4 c:\Users\theco\AppData\Roaming\Code\User\globalStorage\vexrobotics.vexcode\sdk\cpp\V5\V5_20220726_10_00_00/vexv5\libv5rt.a(vex_global.cpp.obj)
                0x0380c934                vex::PORT14
 .rodata._ZN3vex5whiteE
                0x0380c938        0x4 c:\Users\theco\AppData\Roaming\Code\User\globalStorage\vexrobotics.vexcode\sdk\cpp\V5\V5_20220726_10_00_00/vexv5\libv5rt.a(vex_global.cpp.obj)
                0x0380c938                vex::white
 .rodata._ZN3vex3pctE
                0x0380c93c        0x4 c:\Users\theco\AppData\Roaming\Code\User\globalStorage\vexrobotics.vexcode\sdk\cpp\V5\V5_20220726_10_00_00/vexv5\libv5rt.a(vex_global.cpp.obj)
                0x0380c93c                vex::pct
 .rodata._ZN3vex3redE
                0x0380c940        0x4 c:\Users\theco\AppData\Roaming\Code\User\globalStorage\vexrobotics.vexcode\sdk\cpp\V5\V5_20220726_10_00_00/vexv5\libv5rt.a(vex_global.cpp.obj)
                0x0380c940                vex::red
 .rodata._ZN3vex5blackE
                0x0380c944        0x4 c:\Users\theco\AppData\Roaming\Code\User\globalStorage\vexrobotics.vexcode\sdk\cpp\V5\V5_20220726_10_00_00/vexv5\libv5rt.a(vex_global.cpp.obj)
                0x0380c944                vex::black
 .rodata._ZN3vex6PORT18E
                0x0380c948        0x4 c:\Users\theco\AppData\Roaming\Code\User\globalStorage\vexrobotics.vexcode\sdk\cpp\V5\V5_20220726_10_00_00/vexv5\libv5rt.a(vex_global.cpp.obj)
                0x0380c948                vex::PORT18
 .rodata._ZN3vex4blueE
                0x0380c94c        0x4 c:\Users\theco\AppData\Roaming\Code\User\globalStorage\vexrobotics.vexcode\sdk\cpp\V5\V5_20220726_10_00_00/vexv5\libv5rt.a(vex_global.cpp.obj)
                0x0380c94c                vex::blue
 .rodata._ZN3vex5PORT9E
                0x0380c950        0x4 c:\Users\theco\AppData\Roaming\Code\User\globalStorage\vexrobotics.vexcode\sdk\cpp\V5\V5_20220726_10_00_00/vexv5\libv5rt.a(vex_global.cpp.obj)
                0x0380c950                vex::PORT9
 .rodata._ZN3vex6PORT21E
                0x0380c954        0x4 c:\Users\theco\AppData\Roaming\Code\User\globalStorage\vexrobotics.vexcode\sdk\cpp\V5\V5_20220726_10_00_00/vexv5\libv5rt.a(vex_global.cpp.obj)
                0x0380c954                vex::PORT21
 .rodata._ZN3vex6mono20E
                0x0380c958        0x4 c:\Users\theco\AppData\Roaming\Code\User\globalStorage\vexrobotics.vexcode\sdk\cpp\V5\V5_20220726_10_00_00/vexv5\libv5rt.a(vex_global.cpp.obj)
                0x0380c958                vex::mono20
 .rodata._ZN3vex5PORT2E
                0x0380c95c        0x4 c:\Users\theco\AppData\Roaming\Code\User\globalStorage\vexrobotics.vexcode\sdk\cpp\V5\V5_20220726_10_00_00/vexv5\libv5rt.a(vex_global.cpp.obj)
                0x0380c95c                vex::PORT2
 .rodata._ZN3vex6PORT11E
                0x0380c960        0x4 c:\Users\theco\AppData\Roaming\Code\User\globalStorage\vexrobotics.vexcode\sdk\cpp\V5\V5_20220726_10_00_00/vexv5\libv5rt.a(vex_global.cpp.obj)
                0x0380c960                vex::PORT11
 .rodata._ZN3vex5PORT6E
                0x0380c964        0x4 c:\Users\theco\AppData\Roaming\Code\User\globalStorage\vexrobotics.vexcode\sdk\cpp\V5\V5_20220726_10_00_00/vexv5\libv5rt.a(vex_global.cpp.obj)
                0x0380c964                vex::PORT6
 .rodata._ZN3vex7primaryE
                0x0380c968        0x4 c:\Users\theco\AppData\Roaming\Code\User\globalStorage\vexrobotics.vexcode\sdk\cpp\V5\V5_20220726_10_00_00/vexv5\libv5rt.a(vex_global.cpp.obj)
                0x0380c968                vex::primary
 .rodata._ZN3vex5greenE
                0x0380c96c        0x4 c:\Users\theco\AppData\Roaming\Code\User\globalStorage\vexrobotics.vexcode\sdk\cpp\V5\V5_20220726_10_00_00/vexv5\libv5rt.a(vex_global.cpp.obj)
                0x0380c96c                vex::green
 .rodata._ZN3vex7percentE
                0x0380c970        0x4 c:\Users\theco\AppData\Roaming\Code\User\globalStorage\vexrobotics.vexcode\sdk\cpp\V5\V5_20220726_10_00_00/vexv5\libv5rt.a(vex_global.cpp.obj)
                0x0380c970                vex::percent
 .rodata._ZN3vex6PORT15E
                0x0380c974        0x4 c:\Users\theco\AppData\Roaming\Code\User\globalStorage\vexrobotics.vexcode\sdk\cpp\V5\V5_20220726_10_00_00/vexv5\libv5rt.a(vex_global.cpp.obj)
                0x0380c974                vex::PORT15
 .rodata._ZN3vex4cyanE
                0x0380c978        0x4 c:\Users\theco\AppData\Roaming\Code\User\globalStorage\vexrobotics.vexcode\sdk\cpp\V5\V5_20220726_10_00_00/vexv5\libv5rt.a(vex_global.cpp.obj)
                0x0380c978                vex::cyan
 .rodata._ZN3vex6PORT19E
                0x0380c97c        0x4 c:\Users\theco\AppData\Roaming\Code\User\globalStorage\vexrobotics.vexcode\sdk\cpp\V5\V5_20220726_10_00_00/vexv5\libv5rt.a(vex_global.cpp.obj)
                0x0380c97c                vex::PORT19
 .rodata._ZN3vex6PORT22E
                0x0380c980        0x4 c:\Users\theco\AppData\Roaming\Code\User\globalStorage\vexrobotics.vexcode\sdk\cpp\V5\V5_20220726_10_00_00/vexv5\libv5rt.a(vex_global.cpp.obj)
                0x0380c980                vex::PORT22
 .rodata._ZN3vex7partnerE
                0x0380c984        0x4 c:\Users\theco\AppData\Roaming\Code\User\globalStorage\vexrobotics.vexcode\sdk\cpp\V5\V5_20220726_10_00_00/vexv5\libv5rt.a(vex_global.cpp.obj)
                0x0380c984                vex::partner
 .rodata._ZN3vex6orangeE
                0x0380c988        0x4 c:\Users\theco\AppData\Roaming\Code\User\globalStorage\vexrobotics.vexcode\sdk\cpp\V5\V5_20220726_10_00_00/vexv5\libv5rt.a(vex_global.cpp.obj)
                0x0380c988                vex::orange
 .rodata._ZN3vex6PORT12E
                0x0380c98c        0x4 c:\Users\theco\AppData\Roaming\Code\User\globalStorage\vexrobotics.vexcode\sdk\cpp\V5\V5_20220726_10_00_00/vexv5\libv5rt.a(vex_global.cpp.obj)
                0x0380c98c                vex::PORT12
 .rodata._ZN3vex5PORT7E
                0x0380c990        0x4 c:\Users\theco\AppData\Roaming\Code\User\globalStorage\vexrobotics.vexcode\sdk\cpp\V5\V5_20220726_10_00_00/vexv5\libv5rt.a(vex_global.cpp.obj)
                0x0380c990                vex::PORT7
 .rodata._ZN3vex4leftE
                0x0380c994        0x4 c:\Users\theco\AppData\Roaming\Code\User\globalStorage\vexrobotics.vexcode\sdk\cpp\V5\V5_20220726_10_00_00/vexv5\libv5rt.a(vex_global.cpp.obj)
                0x0380c994                vex::left
 .rodata._ZN3vex6PORT16E
                0x0380c998        0x4 c:\Users\theco\AppData\Roaming\Code\User\globalStorage\vexrobotics.vexcode\sdk\cpp\V5\V5_20220726_10_00_00/vexv5\libv5rt.a(vex_global.cpp.obj)
                0x0380c998                vex::PORT16
 .rodata._ZN3vex8ratio6_1E
                0x0380c99c        0x4 c:\Users\theco\AppData\Roaming\Code\User\globalStorage\vexrobotics.vexcode\sdk\cpp\V5\V5_20220726_10_00_00/vexv5\libv5rt.a(vex_global.cpp.obj)
                0x0380c99c                vex::ratio6_1
 .rodata._ZN3vex6mono60E
                0x0380c9a0        0x4 c:\Users\theco\AppData\Roaming\Code\User\globalStorage\vexrobotics.vexcode\sdk\cpp\V5\V5_20220726_10_00_00/vexv5\libv5rt.a(vex_global.cpp.obj)
                0x0380c9a0                vex::mono60
 .rodata._ZN3vex5PORT4E
                0x0380c9a4        0x4 c:\Users\theco\AppData\Roaming\Code\User\globalStorage\vexrobotics.vexcode\sdk\cpp\V5\V5_20220726_10_00_00/vexv5\libv5rt.a(vex_global.cpp.obj)
                0x0380c9a4                vex::PORT4
 .rodata._ZN3vex6PORT13E
                0x0380c9a8        0x4 c:\Users\theco\AppData\Roaming\Code\User\globalStorage\vexrobotics.vexcode\sdk\cpp\V5\V5_20220726_10_00_00/vexv5\libv5rt.a(vex_global.cpp.obj)
                0x0380c9a8                vex::PORT13
 .rodata._ZN3vex5PORT8E
                0x0380c9ac        0x4 c:\Users\theco\AppData\Roaming\Code\User\globalStorage\vexrobotics.vexcode\sdk\cpp\V5\V5_20220726_10_00_00/vexv5\libv5rt.a(vex_global.cpp.obj)
                0x0380c9ac                vex::PORT8
 .rodata._ZN3vex5rightE
                0x0380c9b0        0x4 c:\Users\theco\AppData\Roaming\Code\User\globalStorage\vexrobotics.vexcode\sdk\cpp\V5\V5_20220726_10_00_00/vexv5\libv5rt.a(vex_global.cpp.obj)
                0x0380c9b0                vex::right
 .rodata._ZN3vex6PORT17E
                0x0380c9b4        0x4 c:\Users\theco\AppData\Roaming\Code\User\globalStorage\vexrobotics.vexcode\sdk\cpp\V5\V5_20220726_10_00_00/vexv5\libv5rt.a(vex_global.cpp.obj)
                0x0380c9b4                vex::PORT17
 .rodata._ZN3vex7secondsE
                0x0380c9b8        0x4 c:\Users\theco\AppData\Roaming\Code\User\globalStorage\vexrobotics.vexcode\sdk\cpp\V5\V5_20220726_10_00_00/vexv5\libv5rt.a(vex_global.cpp.obj)
                0x0380c9b8                vex::seconds
 *fill*         0x0380c9bc        0x4 
 .rodata._ZTVN3vex6deviceE
                0x0380c9c0       0x18 c:\Users\theco\AppData\Roaming\Code\User\globalStorage\vexrobotics.vexcode\sdk\cpp\V5\V5_20220726_10_00_00/vexv5\libv5rt.a(vex_device.cpp.obj)
                0x0380c9c0                vtable for vex::device
 .rodata._ZTVN3vex5motorE
                0x0380c9d8       0x18 c:\Users\theco\AppData\Roaming\Code\User\globalStorage\vexrobotics.vexcode\sdk\cpp\V5\V5_20220726_10_00_00/vexv5\libv5rt.a(vex_motor.cpp.obj)
                0x0380c9d8                vtable for vex::motor
 .rodata.str1.1
                0x0380c9f0       0x1f c:\Users\theco\AppData\Roaming\Code\User\globalStorage\vexrobotics.vexcode\sdk\cpp\V5\V5_20220726_10_00_00/vexv5\libv5rt.a(vex_controller.cpp.obj)
                                 0x20 (size before relaxing)
 .rodata.CSWTCH.16
                0x0380ca0f        0xb c:\Users\theco\AppData\Roaming\Code\User\globalStorage\vexrobotics.vexcode\sdk\cpp\V5\V5_20220726_10_00_00/vexv5\libv5rt.a(vex_controller.cpp.obj)
 .rodata.CSWTCH.18
                0x0380ca1a        0xb c:\Users\theco\AppData\Roaming\Code\User\globalStorage\vexrobotics.vexcode\sdk\cpp\V5\V5_20220726_10_00_00/vexv5\libv5rt.a(vex_controller.cpp.obj)
 .rodata.CSWTCH.24
                0x0380ca25        0x3 c:\Users\theco\AppData\Roaming\Code\User\globalStorage\vexrobotics.vexcode\sdk\cpp\V5\V5_20220726_10_00_00/vexv5\libv5rt.a(vex_controller.cpp.obj)
 .rodata.str1.1
                0x0380ca28       0x14 c:\Users\theco\AppData\Roaming\Code\User\globalStorage\vexrobotics.vexcode\sdk\cpp\V5\V5_20220726_10_00_00/vexv5\libv5rt.a(vex_task.cpp.obj)
 .rodata.str1.1
                0x0380ca3c       0x14 c:\Users\theco\AppData\Roaming\Code\User\globalStorage\vexrobotics.vexcode\sdk\cpp\V5\V5_20220726_10_00_00/vexv5\libv5rt.a(vex_thread.cpp.obj)
 .rodata.str1.1
                0x0380ca50       0x2b c:\Users\theco\AppData\Roaming\Code\User\globalStorage\vexrobotics.vexcode\sdk\cpp\V5\V5_20220726_10_00_00/vexv5\libv5rt.a(vex_brain.cpp.obj)
                                 0x2d (size before relaxing)
 *fill*         0x0380ca7b        0x5 
 .rodata._ZTVN3vex7triportE
                0x0380ca80       0x18 c:\Users\theco\AppData\Roaming\Code\User\globalStorage\vexrobotics.vexcode\sdk\cpp\V5\V5_20220726_10_00_00/vexv5\libv5rt.a(vex_triport.cpp.obj)
                0x0380ca80                vtable for vex::triport
 .rodata.str1.4
                0x0380ca98        0x4 c:\Users\theco\AppData\Roaming\Code\User\globalStorage\vexrobotics.vexcode\sdk\cpp\V5\V5_20220726_10_00_00/vexv5/gcc/libs\libc.a(lib_a-impure.o)
                                  0x2 (size before relaxing)
 .rodata._ctype_
                0x0380ca9c      0x101 c:\Users\theco\AppData\Roaming\Code\User\globalStorage\vexrobotics.vexcode\sdk\cpp\V5\V5_20220726_10_00_00/vexv5/gcc/libs\libc.a(lib_a-ctype_.o)
                0x0380ca9c                _ctype_
 *(.gnu.linkonce.r.*)
                0x0380cb9d                __rodata_end = .

.rodata1        0x0380cb9d        0x0
                0x0380cb9d                __rodata1_start = .
 *(.rodata1)
 *(.rodata1.*)
                0x0380cb9d                __rodata1_end = .

.sdata2         0x0380cb9d        0x0
                0x0380cb9d                __sdata2_start = .
 *(.sdata2)
 *(.sdata2.*)
 *(.gnu.linkonce.s2.*)
                0x0380cb9d                __sdata2_end = .

.sbss2          0x0380cb9d        0x0
                0x0380cb9d                __sbss2_start = .
 *(.sbss2)
 *(.sbss2.*)
 *(.gnu.linkonce.sb2.*)
                0x0380cb9d                __sbss2_end = .

.data           0x0380cba0      0xdd0
                0x0380cba0                __data_start = .
 *(.data)
 *(.data.*)
 .data._ZN5evAPI6ArrowsE
                0x0380cba0      0x992 build/evAPI/vexUI/src/UserInterface.o
                0x0380cba0                evAPI::Arrows
 *fill*         0x0380d532        0x2 
 .data.appRunning
                0x0380d534        0x4 c:\Users\theco\AppData\Roaming\Code\User\globalStorage\vexrobotics.vexcode\sdk\cpp\V5\V5_20220726_10_00_00/vexv5\libv5rt.a(v5_startup.c.obj)
                0x0380d534                appRunning
 .data.__yoff   0x0380d538        0x4 c:\Users\theco\AppData\Roaming\Code\User\globalStorage\vexrobotics.vexcode\sdk\cpp\V5\V5_20220726_10_00_00/vexv5\libv5rt.a(v5_apijump.c.obj)
 .data._ZN3vex24__default_motor_velocityE
                0x0380d53c        0x4 c:\Users\theco\AppData\Roaming\Code\User\globalStorage\vexrobotics.vexcode\sdk\cpp\V5\V5_20220726_10_00_00/vexv5\libv5rt.a(vex_motor.cpp.obj)
                0x0380d53c                vex::__default_motor_velocity
 .data.impure_data
                0x0380d540      0x428 c:\Users\theco\AppData\Roaming\Code\User\globalStorage\vexrobotics.vexcode\sdk\cpp\V5\V5_20220726_10_00_00/vexv5/gcc/libs\libc.a(lib_a-impure.o)
 .data._impure_ptr
                0x0380d968        0x4 c:\Users\theco\AppData\Roaming\Code\User\globalStorage\vexrobotics.vexcode\sdk\cpp\V5\V5_20220726_10_00_00/vexv5/gcc/libs\libc.a(lib_a-impure.o)
                0x0380d968                _impure_ptr
 .data.__ctype_ptr__
                0x0380d96c        0x4 c:\Users\theco\AppData\Roaming\Code\User\globalStorage\vexrobotics.vexcode\sdk\cpp\V5\V5_20220726_10_00_00/vexv5/gcc/libs\libc.a(lib_a-ctype_.o)
                0x0380d96c                __ctype_ptr__
 *(.gnu.linkonce.d.*)
 *(.jcr)
 *(.got)
 *(.got.plt)
                0x0380d970                __data_end = .

.igot.plt       0x0380d970        0x0
 .igot.plt      0x00000000        0x0 build/src/main.o
